<html>
<body>
<pre>
<h1>µVision Build Log</h1>
<h2>Tool Versions:</h2>
IDE-Version: ¦ÌVision V5.25.3.0
Copyright (C) 2018 ARM Ltd and ARM Germany GmbH. All rights reserved.
License Information: 1 huawei, 11, LIC=NQQMA-1C421-LQ40Q-NYYA8-SH4EA-2N8D5
 
Tool Versions:
Toolchain:       MDK-ARM Plus  Version: 5.34.0.0
Toolchain Path:  d:\Keil_v5\ARM\ARMCC\Bin
C Compiler:      Armcc.exe V5.06 update 7 (build 960)
Assembler:       Armasm.exe V5.06 update 7 (build 960)
Linker/Locator:  ArmLink.exe V5.06 update 7 (build 960)
Library Manager: ArmAr.exe V5.06 update 7 (build 960)
Hex Converter:   FromElf.exe V5.06 update 7 (build 960)
CPU DLL:         SARMCM3.DLL V5.34.0.0
Dialog DLL:      DCM.DLL V1.17.3.0
Target DLL:      STLink\ST-LINKIII-KEIL_SWO.dll V3.0.8.0
Dialog DLL:      TCM.DLL V1.48.0.0
 
<h2>Project:</h2>
D:\the_five\RMcontrol\dmH7demo\MDK-ARM\dm_h7_demo.uvprojx
Project File Date:  04/07/2025

<h2>Output:</h2>
*** Using Compiler 'V5.06 update 7 (build 960)', folder: 'd:\Keil_v5\ARM\ARMCC\Bin'
Build target 'dm_h7_demo'
compiling arm.c...
..\application\arm.c(100): warning:  #177-D: variable "last_motor_feedback_time_ms"  was declared but never referenced
  static float last_motor_feedback_time_ms = 0;
..\application\arm.c(419): warning:  #177-D: function "roll_height_init"  was declared but never referenced
  static void roll_height_init(void)
..\application\arm.c(339): warning:  #177-D: function "get_arm_cmd"  was declared but never referenced
  static void get_arm_cmd(void)
..\application\arm.c(136): warning:  #550-D: variable "last_roll_mode"  was set but never used
  static int last_roll_mode=-1;
..\application\arm.c: 4 warnings, 0 errors
linking...
Program Size: Code=70634 RO-data=1662 RW-data=1692 ZI-data=70620  
FromELF: creating hex file...
"dm_h7_demo\dm_h7_demo.axf" - 0 Error(s), 4 Warning(s).

<h2>Software Packages used:</h2>

Package Vendor: ARM
                http://www.keil.com/pack/ARM.CMSIS.5.7.0.pack
                ARM.CMSIS.5.7.0
                CMSIS (Cortex Microcontroller Software Interface Standard)
   * Component: CORE Version: 5.4.0

Package Vendor: Keil
                https://www.keil.com/pack/Keil.STM32H7xx_DFP.4.0.0.pack
                Keil.STM32H7xx_DFP.4.0.0
                STMicroelectronics STM32H7 Series Device Support

<h2>Collection of Component include folders:</h2>
  .\RTE\_dm_h7_demo
  C:\Users\huawei\AppData\Local\Arm\Packs\ARM\CMSIS\5.7.0\CMSIS\Core\Include

<h2>Collection of Component Files used:</h2>

   * Component: ARM::CMSIS:CORE:5.4.0
      Include file:  CMSIS\Core\Include\tz_context.h
Build Time Elapsed:  00:00:08
</pre>
</body>
</html>
