Component: ARM Compiler 5.06 update 7 (build 960) Tool: armlink [4d3601]

==============================================================================

Section Cross References

    startup_stm32h723xx.o(STACK) refers (Special) to heapauxi.o(.text) for __use_two_region_memory
    startup_stm32h723xx.o(HEAP) refers (Special) to heapauxi.o(.text) for __use_two_region_memory
    startup_stm32h723xx.o(RESET) refers (Special) to heapauxi.o(.text) for __use_two_region_memory
    startup_stm32h723xx.o(RESET) refers to startup_stm32h723xx.o(STACK) for __initial_sp
    startup_stm32h723xx.o(RESET) refers to startup_stm32h723xx.o(.text) for Reset_Handler
    startup_stm32h723xx.o(RESET) refers to stm32h7xx_it.o(i.NMI_Handler) for NMI_Handler
    startup_stm32h723xx.o(RESET) refers to stm32h7xx_it.o(i.HardFault_Handler) for HardFault_Handler
    startup_stm32h723xx.o(RESET) refers to stm32h7xx_it.o(i.MemManage_Handler) for MemManage_Handler
    startup_stm32h723xx.o(RESET) refers to stm32h7xx_it.o(i.BusFault_Handler) for BusFault_Handler
    startup_stm32h723xx.o(RESET) refers to stm32h7xx_it.o(i.UsageFault_Handler) for UsageFault_Handler
    startup_stm32h723xx.o(RESET) refers to stm32h7xx_it.o(i.SVC_Handler) for SVC_Handler
    startup_stm32h723xx.o(RESET) refers to stm32h7xx_it.o(i.DebugMon_Handler) for DebugMon_Handler
    startup_stm32h723xx.o(RESET) refers to stm32h7xx_it.o(i.PendSV_Handler) for PendSV_Handler
    startup_stm32h723xx.o(RESET) refers to stm32h7xx_it.o(i.SysTick_Handler) for SysTick_Handler
    startup_stm32h723xx.o(RESET) refers to stm32h7xx_it.o(i.DMA1_Stream0_IRQHandler) for DMA1_Stream0_IRQHandler
    startup_stm32h723xx.o(RESET) refers to stm32h7xx_it.o(i.DMA1_Stream1_IRQHandler) for DMA1_Stream1_IRQHandler
    startup_stm32h723xx.o(RESET) refers to stm32h7xx_it.o(i.DMA1_Stream2_IRQHandler) for DMA1_Stream2_IRQHandler
    startup_stm32h723xx.o(RESET) refers to stm32h7xx_it.o(i.DMA1_Stream3_IRQHandler) for DMA1_Stream3_IRQHandler
    startup_stm32h723xx.o(RESET) refers to stm32h7xx_it.o(i.DMA1_Stream4_IRQHandler) for DMA1_Stream4_IRQHandler
    startup_stm32h723xx.o(RESET) refers to stm32h7xx_it.o(i.DMA1_Stream5_IRQHandler) for DMA1_Stream5_IRQHandler
    startup_stm32h723xx.o(RESET) refers to stm32h7xx_it.o(i.DMA1_Stream6_IRQHandler) for DMA1_Stream6_IRQHandler
    startup_stm32h723xx.o(RESET) refers to stm32h7xx_it.o(i.FDCAN1_IT0_IRQHandler) for FDCAN1_IT0_IRQHandler
    startup_stm32h723xx.o(RESET) refers to stm32h7xx_it.o(i.FDCAN2_IT0_IRQHandler) for FDCAN2_IT0_IRQHandler
    startup_stm32h723xx.o(RESET) refers to stm32h7xx_it.o(i.FDCAN1_IT1_IRQHandler) for FDCAN1_IT1_IRQHandler
    startup_stm32h723xx.o(RESET) refers to stm32h7xx_it.o(i.FDCAN2_IT1_IRQHandler) for FDCAN2_IT1_IRQHandler
    startup_stm32h723xx.o(RESET) refers to stm32h7xx_it.o(i.USART2_IRQHandler) for USART2_IRQHandler
    startup_stm32h723xx.o(RESET) refers to stm32h7xx_it.o(i.USART3_IRQHandler) for USART3_IRQHandler
    startup_stm32h723xx.o(RESET) refers to stm32h7xx_it.o(i.EXTI15_10_IRQHandler) for EXTI15_10_IRQHandler
    startup_stm32h723xx.o(RESET) refers to stm32h7xx_it.o(i.DMA1_Stream7_IRQHandler) for DMA1_Stream7_IRQHandler
    startup_stm32h723xx.o(RESET) refers to stm32h7xx_it.o(i.UART5_IRQHandler) for UART5_IRQHandler
    startup_stm32h723xx.o(RESET) refers to stm32h7xx_it.o(i.OTG_HS_IRQHandler) for OTG_HS_IRQHandler
    startup_stm32h723xx.o(RESET) refers to stm32h7xx_it.o(i.UART7_IRQHandler) for UART7_IRQHandler
    startup_stm32h723xx.o(RESET) refers to stm32h7xx_it.o(i.USART10_IRQHandler) for USART10_IRQHandler
    startup_stm32h723xx.o(RESET) refers to stm32h7xx_it.o(i.FDCAN3_IT0_IRQHandler) for FDCAN3_IT0_IRQHandler
    startup_stm32h723xx.o(RESET) refers to stm32h7xx_it.o(i.FDCAN3_IT1_IRQHandler) for FDCAN3_IT1_IRQHandler
    startup_stm32h723xx.o(.text) refers (Special) to heapauxi.o(.text) for __use_two_region_memory
    startup_stm32h723xx.o(.text) refers to system_stm32h7xx.o(i.SystemInit) for SystemInit
    startup_stm32h723xx.o(.text) refers to __main.o(!!!main) for __main
    startup_stm32h723xx.o(.text) refers to startup_stm32h723xx.o(HEAP) for Heap_Mem
    startup_stm32h723xx.o(.text) refers to startup_stm32h723xx.o(STACK) for Stack_Mem
    main.o(i.SystemClock_Config) refers to rt_memclr_w.o(.text) for __aeabi_memclr4
    main.o(i.SystemClock_Config) refers to stm32h7xx_hal_pwr_ex.o(i.HAL_PWREx_ConfigSupply) for HAL_PWREx_ConfigSupply
    main.o(i.SystemClock_Config) refers to stm32h7xx_hal_rcc.o(i.HAL_RCC_OscConfig) for HAL_RCC_OscConfig
    main.o(i.SystemClock_Config) refers to main.o(i.Error_Handler) for Error_Handler
    main.o(i.SystemClock_Config) refers to stm32h7xx_hal_rcc.o(i.HAL_RCC_ClockConfig) for HAL_RCC_ClockConfig
    main.o(i.main) refers to stm32h7xx_hal.o(i.HAL_Init) for HAL_Init
    main.o(i.main) refers to main.o(i.SystemClock_Config) for SystemClock_Config
    main.o(i.main) refers to gpio.o(i.MX_GPIO_Init) for MX_GPIO_Init
[...]
    err                                      0x24000454   Data           4  kf_imu.o(.data)
    err_l                                    0x24000458   Data           4  kf_imu.o(.data)
    err_ll                                   0x2400045c   Data           4  kf_imu.o(.data)
    err_i                                    0x24000460   Data           4  kf_imu.o(.data)
    forceStop                                0x24000464   Data           1  kf_imu.o(.data)
    w_flag                                   0x24000466   Data           2  rc_protocol.o(.data)
    s_flag                                   0x24000468   Data           2  rc_protocol.o(.data)
    a_flag                                   0x2400046a   Data           2  rc_protocol.o(.data)
    d_flag                                   0x2400046c   Data           2  rc_protocol.o(.data)
    q_flag                                   0x2400046e   Data           2  rc_protocol.o(.data)
    e_flag                                   0x24000470   Data           2  rc_protocol.o(.data)
    shift_flag                               0x24000472   Data           2  rc_protocol.o(.data)
    ctrl_flag                                0x24000474   Data           2  rc_protocol.o(.data)
    r_flag                                   0x24000476   Data           2  rc_protocol.o(.data)
    f_flag                                   0x24000478   Data           2  rc_protocol.o(.data)
    g_flag                                   0x2400047a   Data           2  rc_protocol.o(.data)
    z_flag                                   0x2400047c   Data           2  rc_protocol.o(.data)
    x_flag                                   0x2400047e   Data           2  rc_protocol.o(.data)
    c_flag                                   0x24000480   Data           2  rc_protocol.o(.data)
    v_flag                                   0x24000482   Data           2  rc_protocol.o(.data)
    b_flag                                   0x24000484   Data           2  rc_protocol.o(.data)
    press_left                               0x24000486   Data           1  rc_protocol.o(.data)
    press_right                              0x24000487   Data           1  rc_protocol.o(.data)
    rc_w_flag                                0x24000488   Data           2  rc_protocol.o(.data)
    rc_s_flag                                0x2400048a   Data           2  rc_protocol.o(.data)
    rc_a_flag                                0x2400048c   Data           2  rc_protocol.o(.data)
    rc_d_flag                                0x2400048e   Data           2  rc_protocol.o(.data)
    rc_q_flag                                0x24000490   Data           2  rc_protocol.o(.data)
    rc_e_flag                                0x24000492   Data           2  rc_protocol.o(.data)
    rc_shift_flag                            0x24000494   Data           2  rc_protocol.o(.data)
    rc_ctrl_flag                             0x24000496   Data           2  rc_protocol.o(.data)
    rc_r_flag                                0x24000498   Data           2  rc_protocol.o(.data)
    rc_f_flag                                0x2400049a   Data           2  rc_protocol.o(.data)
    rc_g_flag                                0x2400049c   Data           2  rc_protocol.o(.data)
    rc_z_flag                                0x2400049e   Data           2  rc_protocol.o(.data)
    rc_x_flag                                0x240004a0   Data           2  rc_protocol.o(.data)
    rc_c_flag                                0x240004a2   Data           2  rc_protocol.o(.data)
    rc_v_flag                                0x240004a4   Data           2  rc_protocol.o(.data)
    rc_b_flag                                0x240004a6   Data           2  rc_protocol.o(.data)
    rc_press_left                            0x240004a8   Data           1  rc_protocol.o(.data)
    rc_press_right                           0x240004a9   Data           1  rc_protocol.o(.data)
    key_code_buff                            0x240004aa   Data           4  rc_protocol.o(.data)
    rc_v_counter                             0x240004ae   Data          12  rc_protocol.o(.data)
    rc_b_counter                             0x240004ba   Data          12  rc_protocol.o(.data)
    rc_g_counter                             0x240004c6   Data          12  rc_protocol.o(.data)
    rc_x_counter                             0x240004d2   Data          12  rc_protocol.o(.data)
    rc_z_counter                             0x240004de   Data          12  rc_protocol.o(.data)
    rc_c_counter                             0x240004ea   Data          12  rc_protocol.o(.data)
    rc_r_counter                             0x240004f6   Data          12  rc_protocol.o(.data)
    rc_f_counter                             0x24000502   Data          12  rc_protocol.o(.data)
    offline_cnt                              0x24000510   Data           4  arm.o(.data)
    enable_roll                              0x24000514   Data           4  arm.o(.data)
    enable_lift                              0x24000518   Data           4  arm.o(.data)
    max_ref                                  0x24000520   Data           8  arm.o(.data)
    min_ref                                  0x24000528   Data           8  arm.o(.data)
    finesse_ref                              0x24000530   Data           8  arm.o(.data)
    pitch_ref                                0x24000538   Data           8  arm.o(.data)
    roll_ref                                 0x24000540   Data           8  arm.o(.data)
    roll_speed_output                        0x24000548   Data           8  arm.o(.data)
    roll_angle_output                        0x24000550   Data           8  arm.o(.data)
    lift_speed_output                        0x24000558   Data           8  arm.o(.data)
    lift_angle_output                        0x24000560   Data           8  arm.o(.data)
    lift_height_output                       0x24000568   Data           8  arm.o(.data)
    lift_speed_ref                           0x24000570   Data           8  arm.o(.data)
    trans_speed_output                       0x24000578   Data           8  arm.o(.data)
    roll_send                                0x24000580   Data           8  arm.o(.data)
    target_lift                              0x24000588   Data           8  arm.o(.data)
    lift_send                                0x24000590   Data           8  arm.o(.data)
    trans_speed_ref                          0x24000598   Data           8  arm.o(.data)
    lift_height_ref                          0x240005a0   Data           8  arm.o(.data)
    roll_init_angle                          0x240005a8   Data           8  arm.o(.data)
    lift_motor_init_angle                    0x240005b0   Data           8  arm.o(.data)
    lift_init_height                         0x240005b8   Data           8  arm.o(.data)
    scara_height                             0x240005c0   Data           8  arm.o(.data)
    height                                   0x240005c8   Data           8  arm.o(.data)
    roll_real                                0x240005d0   Data           8  arm.o(.data)
    height_ref                               0x240005d8   Data           8  arm.o(.data)
    temp_roll                                0x240005ec   Data           4  arm.o(.data)
    fdcan3_count                             0x240005f4   Data           4  arm.o(.data)
    test                                     0x240005fc   Data           4  arm.o(.data)
    speed                                    0x24000600   Data           4  arm.o(.data)
    vt_lf                                    0x24000608   Data           8  chassis.o(.data)
    vt_lb                                    0x24000610   Data           8  chassis.o(.data)
    vt_rf                                    0x24000618   Data           8  chassis.o(.data)
    vt_rb                                    0x24000620   Data           8  chassis.o(.data)
    lf_pid_output                            0x24000628   Data           8  chassis.o(.data)
    lb_pid_output                            0x24000630   Data           8  chassis.o(.data)
    rf_pid_output                            0x24000638   Data           8  chassis.o(.data)
    rb_pid_output                            0x24000640   Data           8  chassis.o(.data)
    vx                                       0x24000648   Data           8  chassis.o(.data)
    vy                                       0x24000650   Data           8  chassis.o(.data)
    vw                                       0x24000658   Data           8  chassis.o(.data)
    target_vx                                0x24000660   Data           4  chassis.o(.data)
    target_vy                                0x24000664   Data           4  chassis.o(.data)
    chassis_can_send                         0x24000668   Data           8  chassis.o(.data)
    initial_yaw                              0x24000670   Data           8  chassis.o(.data)
    yaw_error                                0x24000680   Data           8  chassis.o(.data)
    size                                     0x24000688   Data           1  minipc_protocol.o(.data)
    ui_g_dirty_string                        0x24000689   Data           5  ui_g.o(.data)
    hfdcan1                                  0x24000690   Data         160  fdcan.o(.bss)
    hfdcan2                                  0x24000730   Data         160  fdcan.o(.bss)
    hfdcan3                                  0x240007d0   Data         160  fdcan.o(.bss)
    hspi2                                    0x24000870   Data         136  spi.o(.bss)
    hspi6                                    0x240008f8   Data         136  spi.o(.bss)
    htim1                                    0x24000980   Data          76  tim.o(.bss)
    htim3                                    0x240009cc   Data          76  tim.o(.bss)
    hUsbDeviceHS                             0x24000a18   Data         732  usb_device.o(.bss)
    hpcd_USB_OTG_HS                          0x24000cf4   Data        1252  usbd_conf.o(.bss)
    rx_data3                                 0x240013f8   Data          32  bsp_fdcan.o(.bss)
    max_motor                                0x24001418   Data          84  damiaomotors.o(.bss)
    min_motor                                0x2400146c   Data          84  damiaomotors.o(.bss)
    finesse_motor                            0x240014c0   Data          84  damiaomotors.o(.bss)
    pitch_motor                              0x24001514   Data          84  damiaomotors.o(.bss)
    rc_ctrl                                  0x24001568   Data          24  rc_protocol.o(.bss)
    dianguan_cmd                             0x24001580   Data         964  referee.o(.bss)
    video_cmd                                0x24001944   Data         964  referee.o(.bss)
    custom_cmd                               0x24001d08   Data          28  referee.o(.bss)
    motor_lf                                 0x24002368   Data         120  chassis.o(.bss)
    motor_lb                                 0x240023e0   Data         120  chassis.o(.bss)
    motor_rf                                 0x24002458   Data         120  chassis.o(.bss)
    motor_rb                                 0x240024d0   Data         120  chassis.o(.bss)
    wheel_speed_pid_lf                       0x24002548   Data          76  chassis.o(.bss)
    wheel_speed_pid_lb                       0x24002594   Data          76  chassis.o(.bss)
    wheel_speed_pid_rf                       0x240025e0   Data          76  chassis.o(.bss)
    wheel_speed_pid_rb                       0x2400262c   Data          76  chassis.o(.bss)
    straight_line_pid                        0x24002678   Data          76  chassis.o(.bss)
    minipc                                   0x240026c4   Data         280  minipc_protocol.o(.bss)
    buff_test                                0x240027dc   Data          50  minipc_protocol.o(.bss)
    uart1_tx_buf                             0x24002cc6   Data         150  bsp_uart.o(.ARM.__AT_0x24002CC6)
    uart1_dma_tx_buf                         0x2400d6ee   Data         200  referee.o(.ARM.__AT_0x2400D6EE)



==============================================================================

Memory Map of the image

  Image Entry point : 0x080002cd

  Load Region LR_IROM1 (Base: 0x08000000, Size: 0x00019538, Max: 0x00100000, ABSOLUTE, COMPRESSED[0x00018dfc])

    Execution Region ER_IROM1 (Exec base: 0x08000000, Load base: 0x08000000, Size: 0x00018b28, Max: 0x00100000, ABSOLUTE)

    Exec Addr    Load Addr    Size         Type   Attr      Idx    E Section Name        Object

    0x08000000   0x08000000   0x000002cc   Data   RO            3    RESET               startup_stm32h723xx.o
    0x080002cc   0x080002cc   0x00000008   Code   RO         9889  * !!!main             c_w.l(__main.o)
    0x080002d4   0x080002d4   0x00000034   Code   RO        10386    !!!scatter          c_w.l(__scatter.o)
    0x08000308   0x08000308   0x0000005a   Code   RO        10384    !!dczerorl2         c_w.l(__dczerorl2.o)
    0x08000362   0x08000362   0x00000002   PAD
    0x08000364   0x08000364   0x0000001c   Code   RO        10388    !!handler_zi        c_w.l(__scatter_zi.o)
    0x08000380   0x08000380   0x00000002   Code   RO        10179    .ARM.Collect$$libinit$$00000000  c_w.l(libinit.o)
    0x08000382   0x08000382   0x00000004   Code   RO        10180    .ARM.Collect$$libinit$$00000001  c_w.l(libinit2.o)
    0x08000386   0x08000386   0x00000000   Code   RO        10183    .ARM.Collect$$libinit$$00000004  c_w.l(libinit2.o)
    0x08000386   0x08000386   0x00000000   Code   RO        10186    .ARM.Collect$$libinit$$0000000A  c_w.l(libinit2.o)
    0x08000386   0x08000386   0x00000000   Code   RO        10188    .ARM.Collect$$libinit$$0000000C  c_w.l(libinit2.o)
    0x08000386   0x08000386   0x00000000   Code   RO        10190    .ARM.Collect$$libinit$$0000000E  c_w.l(libinit2.o)
    0x08000386   0x08000386   0x00000000   Code   RO        10193    .ARM.Collect$$libinit$$00000011  c_w.l(libinit2.o)
    0x08000386   0x08000386   0x00000000   Code   RO        10195    .ARM.Collect$$libinit$$00000013  c_w.l(libinit2.o)
    0x08000386   0x08000386   0x00000000   Code   RO        10197    .ARM.Collect$$libinit$$00000015  c_w.l(libinit2.o)
    0x08000386   0x08000386   0x00000000   Code   RO        10199    .ARM.Collect$$libinit$$00000017  c_w.l(libinit2.o)
    0x08000386   0x08000386   0x00000000   Code   RO        10201    .ARM.Collect$$libinit$$00000019  c_w.l(libinit2.o)
    0x08000386   0x08000386   0x00000000   Code   RO        10203    .ARM.Collect$$libinit$$0000001B  c_w.l(libinit2.o)
    0x08000386   0x08000386   0x00000000   Code   RO        10205    .ARM.Collect$$libinit$$0000001D  c_w.l(libinit2.o)
    0x08000386   0x08000386   0x00000000   Code   RO        10207    .ARM.Collect$$libinit$$0000001F  c_w.l(libinit2.o)
    0x08000386   0x08000386   0x00000000   Code   RO        10209    .ARM.Collect$$libinit$$00000021  c_w.l(libinit2.o)
    0x08000386   0x08000386   0x00000000   Code   RO        10211    .ARM.Collect$$libinit$$00000023  c_w.l(libinit2.o)
    0x08000386   0x08000386   0x00000000   Code   RO        10213    .ARM.Collect$$libinit$$00000025  c_w.l(libinit2.o)
    0x08000386   0x08000386   0x00000000   Code   RO        10217    .ARM.Collect$$libinit$$0000002C  c_w.l(libinit2.o)
    0x08000386   0x08000386   0x00000000   Code   RO        10219    .ARM.Collect$$libinit$$0000002E  c_w.l(libinit2.o)
    0x08000386   0x08000386   0x00000000   Code   RO        10221    .ARM.Collect$$libinit$$00000030  c_w.l(libinit2.o)
    0x08000386   0x08000386   0x00000000   Code   RO        10223    .ARM.Collect$$libinit$$00000032  c_w.l(libinit2.o)
    0x08000386   0x08000386   0x00000002   Code   RO        10224    .ARM.Collect$$libinit$$00000033  c_w.l(libinit2.o)
    0x08000388   0x08000388   0x00000002   Code   RO        10365    .ARM.Collect$$libshutdown$$00000000  c_w.l(libshutdown.o)
    0x0800038a   0x0800038a   0x00000000   Code   RO        10226    .ARM.Collect$$libshutdown$$00000002  c_w.l(libshutdown2.o)
    0x0800038a   0x0800038a   0x00000000   Code   RO        10228    .ARM.Collect$$libshutdown$$00000004  c_w.l(libshutdown2.o)
    0x0800038a   0x0800038a   0x00000000   Code   RO        10230    .ARM.Collect$$libshutdown$$00000006  c_w.l(libshutdown2.o)
    0x0800038a   0x0800038a   0x00000000   Code   RO        10233    .ARM.Collect$$libshutdown$$00000009  c_w.l(libshutdown2.o)
    0x0800038a   0x0800038a   0x00000000   Code   RO        10236    .ARM.Collect$$libshutdown$$0000000C  c_w.l(libshutdown2.o)
    0x0800038a   0x0800038a   0x00000000   Code   RO        10238    .ARM.Collect$$libshutdown$$0000000E  c_w.l(libshutdown2.o)
    0x0800038a   0x0800038a   0x00000000   Code   RO        10241    .ARM.Collect$$libshutdown$$00000011  c_w.l(libshutdown2.o)
    0x0800038a   0x0800038a   0x00000002   Code   RO        10242    .ARM.Collect$$libshutdown$$00000012  c_w.l(libshutdown2.o)
    0x0800038c   0x0800038c   0x00000000   Code   RO         9967    .ARM.Collect$$rtentry$$00000000  c_w.l(__rtentry.o)
    0x0800038c   0x0800038c   0x00000000   Code   RO        10042    .ARM.Collect$$rtentry$$00000002  c_w.l(__rtentry2.o)
    0x0800038c   0x0800038c   0x00000006   Code   RO        10054    .ARM.Collect$$rtentry$$00000004  c_w.l(__rtentry4.o)
    0x08000392   0x08000392   0x00000000   Code   RO        10044    .ARM.Collect$$rtentry$$00000009  c_w.l(__rtentry2.o)
    0x08000392   0x08000392   0x00000004   Code   RO        10045    .ARM.Collect$$rtentry$$0000000A  c_w.l(__rtentry2.o)
    0x08000396   0x08000396   0x00000000   Code   RO        10047    .ARM.Collect$$rtentry$$0000000C  c_w.l(__rtentry2.o)
    0x08000396   0x08000396   0x00000008   Code   RO        10048    .ARM.Collect$$rtentry$$0000000D  c_w.l(__rtentry2.o)
    0x0800039e   0x0800039e   0x00000002   Code   RO        10250    .ARM.Collect$$rtexit$$00000000  c_w.l(rtexit.o)
    0x080003a0   0x080003a0   0x00000000   Code   RO        10308    .ARM.Collect$$rtexit$$00000002  c_w.l(rtexit2.o)
    0x080003a0   0x080003a0   0x00000004   Code   RO        10309    .ARM.Collect$$rtexit$$00000003  c_w.l(rtexit2.o)
    0x080003a4   0x080003a4   0x00000006   Code   RO        10310    .ARM.Collect$$rtexit$$00000004  c_w.l(rtexit2.o)
    0x080003aa   0x080003aa   0x00000002   PAD
    0x080003ac   0x080003ac   0x00000040   Code   RO            4    .text               startup_stm32h723xx.o
    0x080003ec   0x080003ec   0x000000ee   Code   RO         9822    .text               c_w.l(lludivv7m.o)
    0x080004da   0x080004da   0x00000058   Code   RO         9875    .text               c_w.l(memcmp.o)
    0x08000532   0x08000532   0x00000048   Code   RO         9877    .text               c_w.l(strcpy.o)
    0x0800057a   0x0800057a   0x0000003e   Code   RO         9879    .text               c_w.l(strlen.o)
    0x080005b8   0x080005b8   0x0000008a   Code   RO         9881    .text               c_w.l(rt_memcpy_v6.o)
    0x08000642   0x08000642   0x00000064   Code   RO         9883    .text               c_w.l(rt_memcpy_w.o)
    0x080006a6   0x080006a6   0x0000004e   Code   RO         9885    .text               c_w.l(rt_memclr_w.o)
    0x080006f4   0x080006f4   0x00000006   Code   RO         9887    .text               c_w.l(heapauxi.o)
    0x080006fa   0x080006fa   0x00000016   Code   RO         9972    .text               c_w.l(_rserrno.o)
    0x08000710   0x08000710   0x00000008   Code   RO        10061    .text               c_w.l(rt_errno_addr_intlibspace.o)
    0x08000718   0x08000718   0x00000008   Code   RO        10086    .text               c_w.l(libspace.o)
    0x08000720   0x08000720   0x0000004a   Code   RO        10091    .text               c_w.l(sys_stackheap_outer.o)
    0x0800076a   0x0800076a   0x00000012   Code   RO        10164    .text               c_w.l(exit.o)
    0x0800077c   0x0800077c   0x00000002   Code   RO        10247    .text               c_w.l(use_no_semi.o)
    0x0800077e   0x0800077e   0x00000000   Code   RO        10249    .text               c_w.l(indicate_semi.o)
    0x0800077e   0x0800077e   0x00000002   PAD
    0x08000780   0x08000780   0x0000000c   Code   RO        10305    .text               c_w.l(sys_exit.o)
    0x0800078c   0x0800078c   0x0000013c   Code   RO         8797    i.ARM_INIT          arm.o
    0x080008c8   0x080008c8   0x0000027c   Code   RO         8798    i.ARM_TASK          arm.o
    0x08000b44   0x08000b44   0x00000030   Code   RO         7705    i.Append_CRC16_Check_Sum  crc8_crc16.o
    0x08000b74   0x08000b74   0x00000014   Code   RO         8201    i.BMI088_ACCEL_NS_H  bmi088middleware.o
    0x08000b88   0x08000b88   0x00000014   Code   RO         8202    i.BMI088_ACCEL_NS_L  bmi088middleware.o
    0x08000b9c   0x08000b9c   0x00000002   Code   RO         8203    i.BMI088_GPIO_init  bmi088middleware.o
    0x08000b9e   0x08000b9e   0x00000002   PAD
    0x08000ba0   0x08000ba0   0x00000014   Code   RO         8204    i.BMI088_GYRO_NS_H  bmi088middleware.o
    0x08000bb4   0x08000bb4   0x00000014   Code   RO         8205    i.BMI088_GYRO_NS_L  bmi088middleware.o
    0x08000bc8   0x08000bc8   0x00000002   Code   RO         8206    i.BMI088_com_init   bmi088middleware.o
    0x08000bca   0x08000bca   0x0000001a   Code   RO         8207    i.BMI088_delay_ms   bmi088middleware.o
    0x08000be4   0x08000be4   0x0000004a   Code   RO         8208    i.BMI088_delay_us   bmi088middleware.o
    0x08000c2e   0x08000c2e   0x0000001c   Code   RO         8134    i.BMI088_init       bmi088driver.o
    0x08000c4a   0x08000c4a   0x00000002   PAD
    0x08000c4c   0x08000c4c   0x00000170   Code   RO         8135    i.BMI088_read       bmi088driver.o
    0x08000dbc   0x08000dbc   0x00000026   Code   RO         8136    i.BMI088_read_muli_reg  bmi088driver.o
    0x08000de2   0x08000de2   0x00000018   Code   RO         8137    i.BMI088_read_single_reg  bmi088driver.o
    0x08000dfa   0x08000dfa   0x00000002   PAD
    0x08000dfc   0x08000dfc   0x00000020   Code   RO         8209    i.BMI088_read_write_byte  bmi088middleware.o
    0x08000e1c   0x08000e1c   0x00000014   Code   RO         8138    i.BMI088_write_single_reg  bmi088driver.o
    0x08000e30   0x08000e30   0x00000004   Code   RO          636    i.BusFault_Handler  stm32h7xx_it.o
    0x08000e34   0x08000e34   0x00000044   Code   RO         1023    i.CDC_Control_HS    usbd_cdc_if.o
    0x08000e78   0x08000e78   0x00000004   Code   RO         1024    i.CDC_DeInit_HS     usbd_cdc_if.o
    0x08000e7c   0x08000e7c   0x00000024   Code   RO         1025    i.CDC_Init_HS       usbd_cdc_if.o
    0x08000ea0   0x08000ea0   0x00000028   Code   RO         1026    i.CDC_Receive_HS    usbd_cdc_if.o
    0x08000ec8   0x08000ec8   0x0000000c   Code   RO         1027    i.CDC_TransmitCplt_HS  usbd_cdc_if.o
    0x08000ed4   0x08000ed4   0x00000038   Code   RO         1028    i.CDC_Transmit_HS   usbd_cdc_if.o
    0x08000f0c   0x08000f0c   0x000000fc   Code   RO         8958    i.CHASSIS_INIT      chassis.o
    0x08001008   0x08001008   0x00000264   Code   RO         8959    i.CHASSIS_TASK      chassis.o
    0x0800126c   0x0800126c   0x00000010   Code   RO          637    i.DMA1_Stream0_IRQHandler  stm32h7xx_it.o
    0x0800127c   0x0800127c   0x00000010   Code   RO          638    i.DMA1_Stream1_IRQHandler  stm32h7xx_it.o
    0x0800128c   0x0800128c   0x00000010   Code   RO          639    i.DMA1_Stream2_IRQHandler  stm32h7xx_it.o
    0x0800129c   0x0800129c   0x00000010   Code   RO          640    i.DMA1_Stream3_IRQHandler  stm32h7xx_it.o
    0x080012ac   0x080012ac   0x00000010   Code   RO          641    i.DMA1_Stream4_IRQHandler  stm32h7xx_it.o
    0x080012bc   0x080012bc   0x00000010   Code   RO          642    i.DMA1_Stream5_IRQHandler  stm32h7xx_it.o
    0x080012cc   0x080012cc   0x00000010   Code   RO          643    i.DMA1_Stream6_IRQHandler  stm32h7xx_it.o
    0x080012dc   0x080012dc   0x00000010   Code   RO          644    i.DMA1_Stream7_IRQHandler  stm32h7xx_it.o
    0x080012ec   0x080012ec   0x000000ec   Code   RO         2639    i.DMA_CalcBaseAndBitshift  stm32h7xx_hal_dma.o
    0x080013d8   0x080013d8   0x000000c4   Code   RO         2640    i.DMA_CalcDMAMUXChannelBaseAndMask  stm32h7xx_hal_dma.o
    0x0800149c   0x0800149c   0x00000098   Code   RO         2641    i.DMA_CalcDMAMUXRequestGenBaseAndMask  stm32h7xx_hal_dma.o
    0x08001534   0x08001534   0x000000ae   Code   RO         2642    i.DMA_CheckFifoParam  stm32h7xx_hal_dma.o
    0x080015e2   0x080015e2   0x00000002   PAD
    0x080015e4   0x080015e4   0x00000274   Code   RO         2643    i.DMA_SetConfig     stm32h7xx_hal_dma.o
    0x08001858   0x08001858   0x00000030   Code   RO         7451    i.DWT_CNT_Update    bsp_dwt.o
    0x08001888   0x08001888   0x0000003c   Code   RO         7452    i.DWT_Delay         bsp_dwt.o
    0x080018c4   0x080018c4   0x0000004c   Code   RO         7453    i.DWT_GetDeltaT     bsp_dwt.o
    0x08001910   0x08001910   0x00000068   Code   RO         7458    i.DWT_Init          bsp_dwt.o
    0x08001978   0x08001978   0x00000002   Code   RO          645    i.DebugMon_Handler  stm32h7xx_it.o
    0x0800197a   0x0800197a   0x00000014   Code   RO          646    i.EXTI15_10_IRQHandler  stm32h7xx_it.o
    0x0800198e   0x0800198e   0x00000006   Code   RO           13    i.Error_Handler     main.o
    0x08001994   0x08001994   0x00000010   Code   RO          647    i.FDCAN1_IT0_IRQHandler  stm32h7xx_it.o
    0x080019a4   0x080019a4   0x00000010   Code   RO          648    i.FDCAN1_IT1_IRQHandler  stm32h7xx_it.o
    0x080019b4   0x080019b4   0x00000010   Code   RO          649    i.FDCAN2_IT0_IRQHandler  stm32h7xx_it.o
    0x080019c4   0x080019c4   0x00000010   Code   RO          650    i.FDCAN2_IT1_IRQHandler  stm32h7xx_it.o
    0x080019d4   0x080019d4   0x00000010   Code   RO          651    i.FDCAN3_IT0_IRQHandler  stm32h7xx_it.o
    0x080019e4   0x080019e4   0x00000010   Code   RO          652    i.FDCAN3_IT1_IRQHandler  stm32h7xx_it.o
    0x080019f4   0x080019f4   0x00000220   Code   RO         4438    i.FDCAN_CalcultateRamBlockAddresses  stm32h7xx_hal_fdcan.o
    0x08001c14   0x08001c14   0x000000d0   Code   RO         4439    i.FDCAN_CopyMessageToRAM  stm32h7xx_hal_fdcan.o
    0x08001ce4   0x08001ce4   0x00000034   Code   RO         7707    i.Get_CRC16_Check_Sum  crc8_crc16.o
    0x08001d18   0x08001d18   0x00000024   Code   RO         7708    i.Get_CRC8_Check_Sum  crc8_crc16.o
    0x08001d3c   0x08001d3c   0x00000358   Code   RO         8418    i.Get_RC_ctrl_t     rc_protocol.o
    0x08002094   0x08002094   0x00000034   Code   RO          927    i.Get_SerialNum     usbd_desc.o
    0x080020c8   0x080020c8   0x000004dc   Code   RO         2644    i.HAL_DMA_Abort     stm32h7xx_hal_dma.o
    0x080025a4   0x080025a4   0x00000398   Code   RO         2645    i.HAL_DMA_Abort_IT  stm32h7xx_hal_dma.o
    0x0800293c   0x0800293c   0x00000af8   Code   RO         2649    i.HAL_DMA_IRQHandler  stm32h7xx_hal_dma.o
    0x08003434   0x08003434   0x00000514   Code   RO         2650    i.HAL_DMA_Init      stm32h7xx_hal_dma.o
    0x08003948   0x08003948   0x000003e0   Code   RO         2654    i.HAL_DMA_Start_IT  stm32h7xx_hal_dma.o
    0x08003d28   0x08003d28   0x00000028   Code   RO         3499    i.HAL_Delay         stm32h7xx_hal.o
    0x08003d50   0x08003d50   0x000000a8   Code   RO         4441    i.HAL_FDCAN_ActivateNotification  stm32h7xx_hal_fdcan.o
    0x08003df8   0x08003df8   0x00000090   Code   RO         4443    i.HAL_FDCAN_AddMessageToTxFifoQ  stm32h7xx_hal_fdcan.o
    0x08003e88   0x08003e88   0x00000002   Code   RO         4444    i.HAL_FDCAN_ClockCalibrationCallback  stm32h7xx_hal_fdcan.o
    0x08003e8a   0x08003e8a   0x0000006c   Code   RO         4447    i.HAL_FDCAN_ConfigFifoWatermark  stm32h7xx_hal_fdcan.o
    0x08003ef6   0x08003ef6   0x000000a8   Code   RO         4448    i.HAL_FDCAN_ConfigFilter  stm32h7xx_hal_fdcan.o
    0x08003f9e   0x08003f9e   0x00000034   Code   RO         4449    i.HAL_FDCAN_ConfigGlobalFilter  stm32h7xx_hal_fdcan.o
    0x08003fd2   0x08003fd2   0x00000002   Code   RO         4470    i.HAL_FDCAN_ErrorCallback  stm32h7xx_hal_fdcan.o
    0x08003fd4   0x08003fd4   0x00000002   Code   RO         4471    i.HAL_FDCAN_ErrorStatusCallback  stm32h7xx_hal_fdcan.o
    0x08003fd6   0x08003fd6   0x00000002   PAD
    0x08003fd8   0x08003fd8   0x000001f4   Code   RO         4482    i.HAL_FDCAN_GetRxMessage  stm32h7xx_hal_fdcan.o
    0x080041cc   0x080041cc   0x00000002   Code   RO         4488    i.HAL_FDCAN_HighPriorityMessageCallback  stm32h7xx_hal_fdcan.o
    0x080041ce   0x080041ce   0x00000002   PAD
    0x080041d0   0x080041d0   0x000003d4   Code   RO         4489    i.HAL_FDCAN_IRQHandler  stm32h7xx_hal_fdcan.o
    0x080045a4   0x080045a4   0x000002e0   Code   RO         4490    i.HAL_FDCAN_Init    stm32h7xx_hal_fdcan.o
    0x08004884   0x08004884   0x0000023c   Code   RO          396    i.HAL_FDCAN_MspInit  fdcan.o
    0x08004ac0   0x08004ac0   0x00000002   Code   RO         4499    i.HAL_FDCAN_RxBufferNewMessageCallback  stm32h7xx_hal_fdcan.o
    0x08004ac2   0x08004ac2   0x00000002   PAD
    0x08004ac4   0x08004ac4   0x00000034   Code   RO         7528    i.HAL_FDCAN_RxFifo0Callback  bsp_fdcan.o
    0x08004af8   0x08004af8   0x00000002   Code   RO         4501    i.HAL_FDCAN_RxFifo1Callback  stm32h7xx_hal_fdcan.o
    0x08004afa   0x08004afa   0x00000034   Code   RO         4502    i.HAL_FDCAN_Start   stm32h7xx_hal_fdcan.o
    0x08004b2e   0x08004b2e   0x00000002   Code   RO         4524    i.HAL_FDCAN_TT_GlobalTimeCallback  stm32h7xx_hal_fdcan.o
    0x08004b30   0x08004b30   0x00000002   Code   RO         4525    i.HAL_FDCAN_TT_ScheduleSyncCallback  stm32h7xx_hal_fdcan.o
    0x08004b32   0x08004b32   0x00000002   Code   RO         4530    i.HAL_FDCAN_TT_StopWatchCallback  stm32h7xx_hal_fdcan.o
    0x08004b34   0x08004b34   0x00000002   Code   RO         4531    i.HAL_FDCAN_TT_TimeMarkCallback  stm32h7xx_hal_fdcan.o
    0x08004b36   0x08004b36   0x00000002   Code   RO         4532    i.HAL_FDCAN_TimeoutOccurredCallback  stm32h7xx_hal_fdcan.o
    0x08004b38   0x08004b38   0x00000002   Code   RO         4533    i.HAL_FDCAN_TimestampWraparoundCallback  stm32h7xx_hal_fdcan.o
    0x08004b3a   0x08004b3a   0x00000002   Code   RO         4534    i.HAL_FDCAN_TxBufferAbortCallback  stm32h7xx_hal_fdcan.o
    0x08004b3c   0x08004b3c   0x00000002   Code   RO         4535    i.HAL_FDCAN_TxBufferCompleteCallback  stm32h7xx_hal_fdcan.o
    0x08004b3e   0x08004b3e   0x00000002   Code   RO         4536    i.HAL_FDCAN_TxEventFifoCallback  stm32h7xx_hal_fdcan.o
    0x08004b40   0x08004b40   0x00000002   Code   RO         4537    i.HAL_FDCAN_TxFifoEmptyCallback  stm32h7xx_hal_fdcan.o
    0x08004b42   0x08004b42   0x00000002   PAD
    0x08004b44   0x08004b44   0x00000020   Code   RO         7818    i.HAL_GPIO_EXTI_Callback  kf_imu.o
    0x08004b64   0x08004b64   0x0000001c   Code   RO         2491    i.HAL_GPIO_EXTI_IRQHandler  stm32h7xx_hal_gpio.o
    0x08004b80   0x08004b80   0x000001f0   Code   RO         2492    i.HAL_GPIO_Init     stm32h7xx_hal_gpio.o
    0x08004d70   0x08004d70   0x0000000c   Code   RO         2496    i.HAL_GPIO_WritePin  stm32h7xx_hal_gpio.o
    0x08004d7c   0x08004d7c   0x0000000c   Code   RO         3515    i.HAL_GetTick       stm32h7xx_hal.o
    0x08004d88   0x08004d88   0x00000018   Code   RO         3521    i.HAL_IncTick       stm32h7xx_hal.o
    0x08004da0   0x08004da0   0x00000060   Code   RO         3522    i.HAL_Init          stm32h7xx_hal.o
    0x08004e00   0x08004e00   0x00000058   Code   RO         3523    i.HAL_InitTick      stm32h7xx_hal.o
    0x08004e58   0x08004e58   0x00000024   Code   RO          868    i.HAL_MspInit       stm32h7xx_hal_msp.o
    0x08004e7c   0x08004e7c   0x00000028   Code   RO         3342    i.HAL_NVIC_EnableIRQ  stm32h7xx_hal_cortex.o
    0x08004ea4   0x08004ea4   0x0000007a   Code   RO         3348    i.HAL_NVIC_SetPriority  stm32h7xx_hal_cortex.o
    0x08004f1e   0x08004f1e   0x00000002   PAD
    0x08004f20   0x08004f20   0x00000028   Code   RO         3349    i.HAL_NVIC_SetPriorityGrouping  stm32h7xx_hal_cortex.o
    0x08004f48   0x08004f48   0x00000028   Code   RO         1537    i.HAL_PCDEx_ActivateLPM  stm32h7xx_hal_pcd_ex.o
    0x08004f70   0x08004f70   0x00000002   Code   RO         1542    i.HAL_PCDEx_LPM_Callback  stm32h7xx_hal_pcd_ex.o
    0x08004f72   0x08004f72   0x0000000a   Code   RO         1543    i.HAL_PCDEx_SetRxFiFo  stm32h7xx_hal_pcd_ex.o
    0x08004f7c   0x08004f7c   0x0000004e   Code   RO         1544    i.HAL_PCDEx_SetTxFiFo  stm32h7xx_hal_pcd_ex.o
    0x08004fca   0x08004fca   0x0000000e   Code   RO         1088    i.HAL_PCD_ConnectCallback  usbd_conf.o
    0x08004fd8   0x08004fd8   0x00000020   Code   RO         1089    i.HAL_PCD_DataInStageCallback  usbd_conf.o
    0x08004ff8   0x08004ff8   0x00000020   Code   RO         1090    i.HAL_PCD_DataOutStageCallback  usbd_conf.o
    0x08005018   0x08005018   0x0000000e   Code   RO         1091    i.HAL_PCD_DisconnectCallback  usbd_conf.o
    0x08005026   0x08005026   0x00000042   Code   RO         1308    i.HAL_PCD_EP_Abort  stm32h7xx_hal_pcd.o
    0x08005068   0x08005068   0x0000006a   Code   RO         1309    i.HAL_PCD_EP_Close  stm32h7xx_hal_pcd.o
    0x080050d2   0x080050d2   0x0000007c   Code   RO         1310    i.HAL_PCD_EP_ClrStall  stm32h7xx_hal_pcd.o
    0x0800514e   0x0800514e   0x00000016   Code   RO         1312    i.HAL_PCD_EP_GetRxCount  stm32h7xx_hal_pcd.o
    0x08005164   0x08005164   0x0000008c   Code   RO         1313    i.HAL_PCD_EP_Open   stm32h7xx_hal_pcd.o
    0x080051f0   0x080051f0   0x00000046   Code   RO         1314    i.HAL_PCD_EP_Receive  stm32h7xx_hal_pcd.o
    0x08005236   0x08005236   0x0000008a   Code   RO         1315    i.HAL_PCD_EP_SetStall  stm32h7xx_hal_pcd.o
    0x080052c0   0x080052c0   0x00000048   Code   RO         1316    i.HAL_PCD_EP_Transmit  stm32h7xx_hal_pcd.o
    0x08005308   0x08005308   0x0000070e   Code   RO         1318    i.HAL_PCD_IRQHandler  stm32h7xx_hal_pcd.o
    0x08005a16   0x08005a16   0x00000012   Code   RO         1092    i.HAL_PCD_ISOINIncompleteCallback  usbd_conf.o
    0x08005a28   0x08005a28   0x00000012   Code   RO         1093    i.HAL_PCD_ISOOUTIncompleteCallback  usbd_conf.o
    0x08005a3a   0x08005a3a   0x0000015e   Code   RO         1321    i.HAL_PCD_Init      stm32h7xx_hal_pcd.o
    0x08005b98   0x08005b98   0x00000070   Code   RO         1095    i.HAL_PCD_MspInit   usbd_conf.o
    0x08005c08   0x08005c08   0x00000030   Code   RO         1096    i.HAL_PCD_ResetCallback  usbd_conf.o
    0x08005c38   0x08005c38   0x0000000e   Code   RO         1097    i.HAL_PCD_ResumeCallback  usbd_conf.o
    0x08005c46   0x08005c46   0x0000000e   Code   RO         1098    i.HAL_PCD_SOFCallback  usbd_conf.o
    0x08005c54   0x08005c54   0x00000034   Code   RO         1327    i.HAL_PCD_SetAddress  stm32h7xx_hal_pcd.o
    0x08005c88   0x08005c88   0x00000012   Code   RO         1099    i.HAL_PCD_SetupStageCallback  usbd_conf.o
    0x08005c9a   0x08005c9a   0x0000004c   Code   RO         1330    i.HAL_PCD_Start     stm32h7xx_hal_pcd.o
    0x08005ce6   0x08005ce6   0x00000002   PAD
    0x08005ce8   0x08005ce8   0x00000034   Code   RO         1100    i.HAL_PCD_SuspendCallback  usbd_conf.o
    0x08005d1c   0x08005d1c   0x00000060   Code   RO         3093    i.HAL_PWREx_ConfigSupply  stm32h7xx_hal_pwr_ex.o
    0x08005d7c   0x08005d7c   0x00000014   Code   RO         3110    i.HAL_PWREx_EnableUSBVoltageDetector  stm32h7xx_hal_pwr_ex.o
    0x08005d90   0x08005d90   0x00000024   Code   RO         2035    i.HAL_RCCEx_GetD3PCLK1Freq  stm32h7xx_hal_rcc_ex.o
    0x08005db4   0x08005db4   0x00000230   Code   RO         2037    i.HAL_RCCEx_GetPLL2ClockFreq  stm32h7xx_hal_rcc_ex.o
    0x08005fe4   0x08005fe4   0x00000230   Code   RO         2038    i.HAL_RCCEx_GetPLL3ClockFreq  stm32h7xx_hal_rcc_ex.o
    0x08006214   0x08006214   0x00000cc8   Code   RO         2044    i.HAL_RCCEx_PeriphCLKConfig  stm32h7xx_hal_rcc_ex.o
    0x08006edc   0x08006edc   0x00000320   Code   RO         1920    i.HAL_RCC_ClockConfig  stm32h7xx_hal_rcc.o
    0x080071fc   0x080071fc   0x0000004c   Code   RO         1925    i.HAL_RCC_GetHCLKFreq  stm32h7xx_hal_rcc.o
    0x08007248   0x08007248   0x00000024   Code   RO         1927    i.HAL_RCC_GetPCLK1Freq  stm32h7xx_hal_rcc.o
    0x0800726c   0x0800726c   0x00000024   Code   RO         1928    i.HAL_RCC_GetPCLK2Freq  stm32h7xx_hal_rcc.o
    0x08007290   0x08007290   0x0000022c   Code   RO         1929    i.HAL_RCC_GetSysClockFreq  stm32h7xx_hal_rcc.o
    0x080074bc   0x080074bc   0x0000075c   Code   RO         1932    i.HAL_RCC_OscConfig  stm32h7xx_hal_rcc.o
    0x08007c18   0x08007c18   0x00000098   Code   RO         6844    i.HAL_RS485Ex_Init  stm32h7xx_hal_uart_ex.o
    0x08007cb0   0x08007cb0   0x000001b0   Code   RO         5067    i.HAL_SPI_Init      stm32h7xx_hal_spi.o
    0x08007e60   0x08007e60   0x0000015c   Code   RO          469    i.HAL_SPI_MspInit   spi.o
    0x08007fbc   0x08007fbc   0x00000454   Code   RO         5077    i.HAL_SPI_TransmitReceive  stm32h7xx_hal_spi.o
    0x08008410   0x08008410   0x00000034   Code   RO         3353    i.HAL_SYSTICK_Config  stm32h7xx_hal_cortex.o
    0x08008444   0x08008444   0x000000c8   Code   RO         6121    i.HAL_TIMEx_ConfigBreakDeadTime  stm32h7xx_hal_tim_ex.o
    0x0800850c   0x0800850c   0x000000e4   Code   RO         6140    i.HAL_TIMEx_MasterConfigSynchronization  stm32h7xx_hal_tim_ex.o
    0x080085f0   0x080085f0   0x0000006e   Code   RO         5392    i.HAL_TIM_Base_Init  stm32h7xx_hal_tim.o
    0x0800865e   0x0800865e   0x00000002   PAD
    0x08008660   0x08008660   0x0000005c   Code   RO          517    i.HAL_TIM_Base_MspInit  tim.o
    0x080086bc   0x080086bc   0x00000134   Code   RO         5401    i.HAL_TIM_ConfigClockSource  stm32h7xx_hal_tim.o
    0x080087f0   0x080087f0   0x000000e0   Code   RO          518    i.HAL_TIM_MspPostInit  tim.o
    0x080088d0   0x080088d0   0x00000170   Code   RO         5464    i.HAL_TIM_PWM_ConfigChannel  stm32h7xx_hal_tim.o
    0x08008a40   0x08008a40   0x0000006e   Code   RO         5467    i.HAL_TIM_PWM_Init  stm32h7xx_hal_tim.o
    0x08008aae   0x08008aae   0x00000002   Code   RO         5469    i.HAL_TIM_PWM_MspInit  stm32h7xx_hal_tim.o
    0x08008ab0   0x08008ab0   0x0000017c   Code   RO         5472    i.HAL_TIM_PWM_Start  stm32h7xx_hal_tim.o
    0x08008c2c   0x08008c2c   0x0000004e   Code   RO         6845    i.HAL_UARTEx_DisableFifoMode  stm32h7xx_hal_uart_ex.o
    0x08008c7a   0x08008c7a   0x00000060   Code   RO         6852    i.HAL_UARTEx_ReceiveToIdle_IT  stm32h7xx_hal_uart_ex.o
    0x08008cda   0x08008cda   0x00000002   Code   RO         6429    i.HAL_UARTEx_RxEventCallback  stm32h7xx_hal_uart.o
    0x08008cdc   0x08008cdc   0x00000002   Code   RO         6853    i.HAL_UARTEx_RxFifoFullCallback  stm32h7xx_hal_uart_ex.o
    0x08008cde   0x08008cde   0x0000005e   Code   RO         6854    i.HAL_UARTEx_SetRxFifoThreshold  stm32h7xx_hal_uart_ex.o
    0x08008d3c   0x08008d3c   0x0000005e   Code   RO         6855    i.HAL_UARTEx_SetTxFifoThreshold  stm32h7xx_hal_uart_ex.o
    0x08008d9a   0x08008d9a   0x00000002   Code   RO         6857    i.HAL_UARTEx_TxFifoEmptyCallback  stm32h7xx_hal_uart_ex.o
    0x08008d9c   0x08008d9c   0x00000002   Code   RO         6858    i.HAL_UARTEx_WakeupCallback  stm32h7xx_hal_uart_ex.o
    0x08008d9e   0x08008d9e   0x00000002   Code   RO         6445    i.HAL_UART_ErrorCallback  stm32h7xx_hal_uart.o
    0x08008da0   0x08008da0   0x00000494   Code   RO         6448    i.HAL_UART_IRQHandler  stm32h7xx_hal_uart.o
    0x08009234   0x08009234   0x00000078   Code   RO         6449    i.HAL_UART_Init     stm32h7xx_hal_uart.o
    0x080092ac   0x080092ac   0x00000594   Code   RO          571    i.HAL_UART_MspInit  usart.o
    0x08009840   0x08009840   0x00000002   Code   RO         6456    i.HAL_UART_RxCpltCallback  stm32h7xx_hal_uart.o
    0x08009842   0x08009842   0x00000002   PAD
    0x08009844   0x08009844   0x000000a0   Code   RO         6459    i.HAL_UART_Transmit_DMA  stm32h7xx_hal_uart.o
    0x080098e4   0x080098e4   0x00000044   Code   RO         7616    i.HAL_UART_TxCpltCallback  bsp_uart.o
    0x08009928   0x08009928   0x00000002   Code   RO         6462    i.HAL_UART_TxHalfCpltCallback  stm32h7xx_hal_uart.o
    0x0800992a   0x0800992a   0x00000004   Code   RO          653    i.HardFault_Handler  stm32h7xx_it.o
    0x0800992e   0x0800992e   0x00000002   PAD
    0x08009930   0x08009930   0x0000003c   Code   RO         8799    i.Height_Calculation  arm.o
    0x0800996c   0x0800996c   0x0000003e   Code   RO          928    i.IntToUnicode      usbd_desc.o
    0x080099aa   0x080099aa   0x00000002   PAD
    0x080099ac   0x080099ac   0x00000160   Code   RO         8385    i.M2006_fbkdata     m2006motors.o
    0x08009b0c   0x08009b0c   0x00000026   Code   RO         8386    i.M2006_init        m2006motors.o
    0x08009b32   0x08009b32   0x00000002   PAD
    0x08009b34   0x08009b34   0x00000164   Code   RO         8271    i.M3508_fbkdata     m3508motors.o
    0x08009c98   0x08009c98   0x00000038   Code   RO         8272    i.M3508_init        m3508motors.o
    0x08009cd0   0x08009cd0   0x000000a4   Code   RO          371    i.MX_DMA_Init       dma.o
    0x08009d74   0x08009d74   0x00000084   Code   RO          397    i.MX_FDCAN1_Init    fdcan.o
    0x08009df8   0x08009df8   0x00000084   Code   RO          398    i.MX_FDCAN2_Init    fdcan.o
    0x08009e7c   0x08009e7c   0x00000084   Code   RO          399    i.MX_FDCAN3_Init    fdcan.o
    0x08009f00   0x08009f00   0x00000150   Code   RO          340    i.MX_GPIO_Init      gpio.o
    0x0800a050   0x0800a050   0x00000064   Code   RO          470    i.MX_SPI2_Init      spi.o
    0x0800a0b4   0x0800a0b4   0x00000064   Code   RO          471    i.MX_SPI6_Init      spi.o
    0x0800a118   0x0800a118   0x000000f8   Code   RO          519    i.MX_TIM1_Init      tim.o
    0x0800a210   0x0800a210   0x000000a4   Code   RO          520    i.MX_TIM3_Init      tim.o
    0x0800a2b4   0x0800a2b4   0x00000074   Code   RO          572    i.MX_UART5_Init     usart.o
    0x0800a328   0x0800a328   0x0000006c   Code   RO          573    i.MX_UART7_Init     usart.o
    0x0800a394   0x0800a394   0x0000006c   Code   RO          574    i.MX_USART10_UART_Init  usart.o
    0x0800a400   0x0800a400   0x00000078   Code   RO          575    i.MX_USART2_UART_Init  usart.o
    0x0800a478   0x0800a478   0x00000078   Code   RO          576    i.MX_USART3_UART_Init  usart.o
    0x0800a4f0   0x0800a4f0   0x00000050   Code   RO          892    i.MX_USB_DEVICE_Init  usb_device.o
    0x0800a540   0x0800a540   0x00000084   Code   RO         8960    i.Magnum_calculate  chassis.o
    0x0800a5c4   0x0800a5c4   0x00000004   Code   RO          654    i.MemManage_Handler  stm32h7xx_it.o
    0x0800a5c8   0x0800a5c8   0x00000004   Code   RO          655    i.NMI_Handler       stm32h7xx_it.o
    0x0800a5cc   0x0800a5cc   0x00000010   Code   RO          656    i.OTG_HS_IRQHandler  stm32h7xx_it.o
    0x0800a5dc   0x0800a5dc   0x00000064   Code   RO         1333    i.PCD_EP_OutSetupPacket_int  stm32h7xx_hal_pcd.o
    0x0800a640   0x0800a640   0x00000144   Code   RO         1334    i.PCD_EP_OutXfrComplete_int  stm32h7xx_hal_pcd.o
    0x0800a784   0x0800a784   0x000000b6   Code   RO         1335    i.PCD_WriteEmptyTxFifo  stm32h7xx_hal_pcd.o
    0x0800a83a   0x0800a83a   0x00000002   PAD
    0x0800a83c   0x0800a83c   0x000001f0   Code   RO         7892    i.PID_calc          pid.o
    0x0800aa2c   0x0800aa2c   0x0000004c   Code   RO         7894    i.PID_clear         pid.o
    0x0800aa78   0x0800aa78   0x00000058   Code   RO         7895    i.PID_init          pid.o
    0x0800aad0   0x0800aad0   0x00000002   Code   RO          657    i.PendSV_Handler    stm32h7xx_it.o
    0x0800aad2   0x0800aad2   0x00000002   PAD
    0x0800aad4   0x0800aad4   0x00000164   Code   RO         2047    i.RCCEx_PLL2_Config  stm32h7xx_hal_rcc_ex.o
    0x0800ac38   0x0800ac38   0x00000164   Code   RO         2048    i.RCCEx_PLL3_Config  stm32h7xx_hal_rcc_ex.o
    0x0800ad9c   0x0800ad9c   0x000000b4   Code   RO         9027    i.ROBOT_CMD_INIT    robot_cmd.o
    0x0800ae50   0x0800ae50   0x000005bc   Code   RO         9028    i.ROBOT_CMD_TASK    robot_cmd.o
    0x0800b40c   0x0800b40c   0x00000038   Code   RO         8800    i.Roll_Calculation  arm.o
    0x0800b444   0x0800b444   0x000000d6   Code   RO         5087    i.SPI_CloseTransfer  stm32h7xx_hal_spi.o
    0x0800b51a   0x0800b51a   0x0000001a   Code   RO         5098    i.SPI_GetPacketSize  stm32h7xx_hal_spi.o
    0x0800b534   0x0800b534   0x00000042   Code   RO         5105    i.SPI_WaitOnFlagUntilTimeout  stm32h7xx_hal_spi.o
    0x0800b576   0x0800b576   0x00000002   PAD
    0x0800b578   0x0800b578   0x0000000c   Code   RO         9483    i.SUCKER_INIT       sucker.o
    0x0800b584   0x0800b584   0x0000002c   Code   RO         9484    i.SUCKER_TASK       sucker.o
    0x0800b5b0   0x0800b5b0   0x00000002   Code   RO          658    i.SVC_Handler       stm32h7xx_it.o
    0x0800b5b2   0x0800b5b2   0x00000012   Code   RO         7171    i.SWAPBYTE          usbd_ctlreq.o
    0x0800b5c4   0x0800b5c4   0x00000008   Code   RO          659    i.SysTick_Handler   stm32h7xx_it.o
    0x0800b5cc   0x0800b5cc   0x000000c0   Code   RO           14    i.SystemClock_Config  main.o
    0x0800b68c   0x0800b68c   0x000000e0   Code   RO         6969    i.SystemInit        system_stm32h7xx.o
    0x0800b76c   0x0800b76c   0x000000f0   Code   RO         5485    i.TIM_Base_SetConfig  stm32h7xx_hal_tim.o
    0x0800b85c   0x0800b85c   0x00000022   Code   RO         5486    i.TIM_CCxChannelCmd  stm32h7xx_hal_tim.o
    0x0800b87e   0x0800b87e   0x00000016   Code   RO         5496    i.TIM_ETR_SetConfig  stm32h7xx_hal_tim.o
    0x0800b894   0x0800b894   0x00000018   Code   RO         5497    i.TIM_ITRx_SetConfig  stm32h7xx_hal_tim.o
    0x0800b8ac   0x0800b8ac   0x000000ac   Code   RO         5498    i.TIM_OC1_SetConfig  stm32h7xx_hal_tim.o
    0x0800b958   0x0800b958   0x000000b4   Code   RO         5499    i.TIM_OC2_SetConfig  stm32h7xx_hal_tim.o
    0x0800ba0c   0x0800ba0c   0x000000b4   Code   RO         5500    i.TIM_OC3_SetConfig  stm32h7xx_hal_tim.o
    0x0800bac0   0x0800bac0   0x00000074   Code   RO         5501    i.TIM_OC4_SetConfig  stm32h7xx_hal_tim.o
    0x0800bb34   0x0800bb34   0x00000070   Code   RO         5502    i.TIM_OC5_SetConfig  stm32h7xx_hal_tim.o
    0x0800bba4   0x0800bba4   0x00000070   Code   RO         5503    i.TIM_OC6_SetConfig  stm32h7xx_hal_tim.o
    0x0800bc14   0x0800bc14   0x00000026   Code   RO         5505    i.TIM_TI1_ConfigInputStage  stm32h7xx_hal_tim.o
    0x0800bc3a   0x0800bc3a   0x00000028   Code   RO         5507    i.TIM_TI2_ConfigInputStage  stm32h7xx_hal_tim.o
    0x0800bc62   0x0800bc62   0x00000002   PAD
    0x0800bc64   0x0800bc64   0x0000002c   Code   RO          660    i.UART5_IRQHandler  stm32h7xx_it.o
    0x0800bc90   0x0800bc90   0x00000028   Code   RO          661    i.UART7_IRQHandler  stm32h7xx_it.o
    0x0800bcb8   0x0800bcb8   0x00000058   Code   RO         6859    i.UARTEx_SetNbDataToProcess  stm32h7xx_hal_uart_ex.o
    0x0800bd10   0x0800bd10   0x000000f8   Code   RO         6463    i.UART_AdvFeatureConfig  stm32h7xx_hal_uart.o
    0x0800be08   0x0800be08   0x000000ea   Code   RO         6464    i.UART_CheckIdleState  stm32h7xx_hal_uart.o
    0x0800bef2   0x0800bef2   0x00000018   Code   RO         6465    i.UART_DMAAbortOnError  stm32h7xx_hal_uart.o
    0x0800bf0a   0x0800bf0a   0x0000005e   Code   RO         6466    i.UART_DMAError     stm32h7xx_hal_uart.o
    0x0800bf68   0x0800bf68   0x00000054   Code   RO         6471    i.UART_DMATransmitCplt  stm32h7xx_hal_uart.o
    0x0800bfbc   0x0800bfbc   0x0000000e   Code   RO         6473    i.UART_DMATxHalfCplt  stm32h7xx_hal_uart.o
    0x0800bfca   0x0800bfca   0x00000002   PAD
    0x0800bfcc   0x0800bfcc   0x0000006c   Code   RO         6475    i.UART_EndRxTransfer  stm32h7xx_hal_uart.o
    0x0800c038   0x0800c038   0x00000030   Code   RO         6476    i.UART_EndTransmit_IT  stm32h7xx_hal_uart.o
    0x0800c068   0x0800c068   0x00000040   Code   RO         6477    i.UART_EndTxTransfer  stm32h7xx_hal_uart.o
    0x0800c0a8   0x0800c0a8   0x00000104   Code   RO         6478    i.UART_RxISR_16BIT  stm32h7xx_hal_uart.o
    0x0800c1ac   0x0800c1ac   0x000001fc   Code   RO         6479    i.UART_RxISR_16BIT_FIFOEN  stm32h7xx_hal_uart.o
    0x0800c3a8   0x0800c3a8   0x00000104   Code   RO         6480    i.UART_RxISR_8BIT   stm32h7xx_hal_uart.o
    0x0800c4ac   0x0800c4ac   0x000001f8   Code   RO         6481    i.UART_RxISR_8BIT_FIFOEN  stm32h7xx_hal_uart.o
    0x0800c6a4   0x0800c6a4   0x00000628   Code   RO         6482    i.UART_SetConfig    stm32h7xx_hal_uart.o
    0x0800cccc   0x0800cccc   0x0000015c   Code   RO         6484    i.UART_Start_Receive_IT  stm32h7xx_hal_uart.o
    0x0800ce28   0x0800ce28   0x000000ac   Code   RO         6489    i.UART_WaitOnFlagUntilTimeout  stm32h7xx_hal_uart.o
    0x0800ced4   0x0800ced4   0x00000150   Code   RO         9275    i.UI_UPLOAD         ui_task.o
    0x0800d024   0x0800d024   0x00000034   Code   RO          662    i.USART10_IRQHandler  stm32h7xx_it.o
    0x0800d058   0x0800d058   0x00000010   Code   RO          663    i.USART2_IRQHandler  stm32h7xx_it.o
    0x0800d068   0x0800d068   0x00000010   Code   RO          664    i.USART3_IRQHandler  stm32h7xx_it.o
    0x0800d078   0x0800d078   0x000000c4   Code   RO         7342    i.USBD_CDC_DataIn   usbd_cdc.o
    0x0800d13c   0x0800d13c   0x00000048   Code   RO         7343    i.USBD_CDC_DataOut  usbd_cdc.o
    0x0800d184   0x0800d184   0x000000d4   Code   RO         7344    i.USBD_CDC_DeInit   usbd_cdc.o
    0x0800d258   0x0800d258   0x00000050   Code   RO         7345    i.USBD_CDC_EP0_RxReady  usbd_cdc.o
    0x0800d2a8   0x0800d2a8   0x00000010   Code   RO         7346    i.USBD_CDC_GetDeviceQualifierDescriptor  usbd_cdc.o
    0x0800d2b8   0x0800d2b8   0x00000044   Code   RO         7347    i.USBD_CDC_GetFSCfgDesc  usbd_cdc.o
    0x0800d2fc   0x0800d2fc   0x00000048   Code   RO         7348    i.USBD_CDC_GetHSCfgDesc  usbd_cdc.o
    0x0800d344   0x0800d344   0x00000044   Code   RO         7349    i.USBD_CDC_GetOtherSpeedCfgDesc  usbd_cdc.o
    0x0800d388   0x0800d388   0x000001a0   Code   RO         7350    i.USBD_CDC_Init     usbd_cdc.o
    0x0800d528   0x0800d528   0x00000050   Code   RO         7351    i.USBD_CDC_ReceivePacket  usbd_cdc.o
    0x0800d578   0x0800d578   0x00000018   Code   RO         7352    i.USBD_CDC_RegisterInterface  usbd_cdc.o
    0x0800d590   0x0800d590   0x0000001e   Code   RO         7353    i.USBD_CDC_SetRxBuffer  usbd_cdc.o
    0x0800d5ae   0x0800d5ae   0x00000024   Code   RO         7354    i.USBD_CDC_SetTxBuffer  usbd_cdc.o
    0x0800d5d2   0x0800d5d2   0x00000140   Code   RO         7355    i.USBD_CDC_Setup    usbd_cdc.o
    0x0800d712   0x0800d712   0x00000002   PAD
    0x0800d714   0x0800d714   0x0000005c   Code   RO         7356    i.USBD_CDC_TransmitPacket  usbd_cdc.o
    0x0800d770   0x0800d770   0x0000001c   Code   RO         7005    i.USBD_ClrClassConfig  usbd_core.o
    0x0800d78c   0x0800d78c   0x0000003e   Code   RO         7172    i.USBD_ClrFeature   usbd_ctlreq.o
    0x0800d7ca   0x0800d7ca   0x00000006   Code   RO         7006    i.USBD_CoreFindEP   usbd_core.o
    0x0800d7d0   0x0800d7d0   0x00000006   Code   RO         7007    i.USBD_CoreFindIF   usbd_core.o
    0x0800d7d6   0x0800d7d6   0x00000018   Code   RO         7278    i.USBD_CtlContinueRx  usbd_ioreq.o
    0x0800d7ee   0x0800d7ee   0x00000018   Code   RO         7279    i.USBD_CtlContinueSendData  usbd_ioreq.o
    0x0800d806   0x0800d806   0x00000018   Code   RO         7173    i.USBD_CtlError     usbd_ctlreq.o
    0x0800d81e   0x0800d81e   0x00000028   Code   RO         7280    i.USBD_CtlPrepareRx  usbd_ioreq.o
    0x0800d846   0x0800d846   0x0000001a   Code   RO         7281    i.USBD_CtlReceiveStatus  usbd_ioreq.o
    0x0800d860   0x0800d860   0x00000022   Code   RO         7282    i.USBD_CtlSendData  usbd_ioreq.o
    0x0800d882   0x0800d882   0x0000001a   Code   RO         7283    i.USBD_CtlSendStatus  usbd_ioreq.o
    0x0800d89c   0x0800d89c   0x00000056   Code   RO         7174    i.USBD_GetConfig    usbd_ctlreq.o
    0x0800d8f2   0x0800d8f2   0x00000232   Code   RO         7175    i.USBD_GetDescriptor  usbd_ctlreq.o
    0x0800db24   0x0800db24   0x00000050   Code   RO         7009    i.USBD_GetEpDesc    usbd_core.o
    0x0800db74   0x0800db74   0x00000016   Code   RO         7176    i.USBD_GetLen       usbd_ctlreq.o
    0x0800db8a   0x0800db8a   0x00000014   Code   RO         7010    i.USBD_GetNextDesc  usbd_core.o
    0x0800db9e   0x0800db9e   0x0000005a   Code   RO         7177    i.USBD_GetStatus    usbd_ctlreq.o
    0x0800dbf8   0x0800dbf8   0x00000068   Code   RO         7178    i.USBD_GetString    usbd_ctlreq.o
    0x0800dc60   0x0800dc60   0x0000002c   Code   RO         1101    i.USBD_Get_USB_Status  usbd_conf.o
    0x0800dc8c   0x0800dc8c   0x00000034   Code   RO          929    i.USBD_HS_ConfigStrDescriptor  usbd_desc.o
    0x0800dcc0   0x0800dcc0   0x00000010   Code   RO          930    i.USBD_HS_DeviceDescriptor  usbd_desc.o
    0x0800dcd0   0x0800dcd0   0x00000038   Code   RO          931    i.USBD_HS_InterfaceStrDescriptor  usbd_desc.o
    0x0800dd08   0x0800dd08   0x00000010   Code   RO          932    i.USBD_HS_LangIDStrDescriptor  usbd_desc.o
    0x0800dd18   0x0800dd18   0x0000002c   Code   RO          933    i.USBD_HS_ManufacturerStrDescriptor  usbd_desc.o
    0x0800dd44   0x0800dd44   0x00000040   Code   RO          934    i.USBD_HS_ProductStrDescriptor  usbd_desc.o
    0x0800dd84   0x0800dd84   0x00000018   Code   RO          935    i.USBD_HS_SerialStrDescriptor  usbd_desc.o
    0x0800dd9c   0x0800dd9c   0x0000003a   Code   RO         7011    i.USBD_Init         usbd_core.o
    0x0800ddd6   0x0800ddd6   0x00000026   Code   RO         1102    i.USBD_LL_ClearStallEP  usbd_conf.o
    0x0800ddfc   0x0800ddfc   0x00000026   Code   RO         1103    i.USBD_LL_CloseEP   usbd_conf.o
    0x0800de22   0x0800de22   0x00000108   Code   RO         7012    i.USBD_LL_DataInStage  usbd_core.o
    0x0800df2a   0x0800df2a   0x00000102   Code   RO         7013    i.USBD_LL_DataOutStage  usbd_core.o
    0x0800e02c   0x0800e02c   0x00000006   Code   RO         7014    i.USBD_LL_DevConnected  usbd_core.o
    0x0800e032   0x0800e032   0x00000026   Code   RO         7015    i.USBD_LL_DevDisconnected  usbd_core.o
    0x0800e058   0x0800e058   0x00000012   Code   RO         1107    i.USBD_LL_GetRxDataSize  usbd_conf.o
    0x0800e06a   0x0800e06a   0x00000002   PAD
    0x0800e06c   0x0800e06c   0x00000070   Code   RO         1108    i.USBD_LL_Init      usbd_conf.o
    0x0800e0dc   0x0800e0dc   0x00000038   Code   RO         1109    i.USBD_LL_IsStallEP  usbd_conf.o
    0x0800e114   0x0800e114   0x00000048   Code   RO         7016    i.USBD_LL_IsoINIncomplete  usbd_core.o
    0x0800e15c   0x0800e15c   0x00000048   Code   RO         7017    i.USBD_LL_IsoOUTIncomplete  usbd_core.o
    0x0800e1a4   0x0800e1a4   0x00000030   Code   RO         1110    i.USBD_LL_OpenEP    usbd_conf.o
    0x0800e1d4   0x0800e1d4   0x00000030   Code   RO         1111    i.USBD_LL_PrepareReceive  usbd_conf.o
    0x0800e204   0x0800e204   0x0000006c   Code   RO         7018    i.USBD_LL_Reset     usbd_core.o
    0x0800e270   0x0800e270   0x00000016   Code   RO         7019    i.USBD_LL_Resume    usbd_core.o
    0x0800e286   0x0800e286   0x00000028   Code   RO         7020    i.USBD_LL_SOF       usbd_core.o
    0x0800e2ae   0x0800e2ae   0x00000008   Code   RO         7021    i.USBD_LL_SetSpeed  usbd_core.o
    0x0800e2b6   0x0800e2b6   0x00000026   Code   RO         1112    i.USBD_LL_SetUSBAddress  usbd_conf.o
    0x0800e2dc   0x0800e2dc   0x00000076   Code   RO         7022    i.USBD_LL_SetupStage  usbd_core.o
    0x0800e352   0x0800e352   0x00000026   Code   RO         1113    i.USBD_LL_StallEP   usbd_conf.o
    0x0800e378   0x0800e378   0x0000001e   Code   RO         1114    i.USBD_LL_Start     usbd_conf.o
    0x0800e396   0x0800e396   0x0000001c   Code   RO         7023    i.USBD_LL_Suspend   usbd_core.o
    0x0800e3b2   0x0800e3b2   0x00000030   Code   RO         1116    i.USBD_LL_Transmit  usbd_conf.o
    0x0800e3e2   0x0800e3e2   0x00000036   Code   RO         7179    i.USBD_ParseSetupRequest  usbd_ctlreq.o
    0x0800e418   0x0800e418   0x00000048   Code   RO         7024    i.USBD_RegisterClass  usbd_core.o
    0x0800e460   0x0800e460   0x00000006   Code   RO         7025    i.USBD_RunTestMode  usbd_core.o
    0x0800e466   0x0800e466   0x0000005a   Code   RO         7180    i.USBD_SetAddress   usbd_ctlreq.o
    0x0800e4c0   0x0800e4c0   0x00000020   Code   RO         7026    i.USBD_SetClassConfig  usbd_core.o
    0x0800e4e0   0x0800e4e0   0x00000104   Code   RO         7181    i.USBD_SetConfig    usbd_ctlreq.o
    0x0800e5e4   0x0800e5e4   0x00000038   Code   RO         7182    i.USBD_SetFeature   usbd_ctlreq.o
    0x0800e61c   0x0800e61c   0x0000000c   Code   RO         7027    i.USBD_Start        usbd_core.o
    0x0800e628   0x0800e628   0x000000ae   Code   RO         7183    i.USBD_StdDevReq    usbd_ctlreq.o
    0x0800e6d6   0x0800e6d6   0x00000280   Code   RO         7184    i.USBD_StdEPReq     usbd_ctlreq.o
    0x0800e956   0x0800e956   0x000000ae   Code   RO         7185    i.USBD_StdItfReq    usbd_ctlreq.o
    0x0800ea04   0x0800ea04   0x00000002   Code   RO         1117    i.USBD_static_free  usbd_conf.o
    0x0800ea06   0x0800ea06   0x00000002   PAD
    0x0800ea08   0x0800ea08   0x0000000c   Code   RO         1118    i.USBD_static_malloc  usbd_conf.o
    0x0800ea14   0x0800ea14   0x000000d0   Code   RO         1609    i.USB_ActivateEndpoint  stm32h7xx_ll_usb.o
    0x0800eae4   0x0800eae4   0x00000028   Code   RO         1611    i.USB_ActivateSetup  stm32h7xx_ll_usb.o
    0x0800eb0c   0x0800eb0c   0x000000a0   Code   RO         1613    i.USB_CoreInit      stm32h7xx_ll_usb.o
    0x0800ebac   0x0800ebac   0x00000054   Code   RO         1614    i.USB_CoreReset     stm32h7xx_ll_usb.o
    0x0800ec00   0x0800ec00   0x0000014c   Code   RO         1617    i.USB_DeactivateEndpoint  stm32h7xx_ll_usb.o
    0x0800ed4c   0x0800ed4c   0x00000024   Code   RO         1618    i.USB_DevConnect    stm32h7xx_ll_usb.o
    0x0800ed70   0x0800ed70   0x00000024   Code   RO         1619    i.USB_DevDisconnect  stm32h7xx_ll_usb.o
    0x0800ed94   0x0800ed94   0x000001e0   Code   RO         1620    i.USB_DevInit       stm32h7xx_ll_usb.o
    0x0800ef74   0x0800ef74   0x0000000e   Code   RO         1621    i.USB_DisableGlobalInt  stm32h7xx_ll_usb.o
    0x0800ef82   0x0800ef82   0x00000002   PAD
    0x0800ef84   0x0800ef84   0x00000070   Code   RO         1624    i.USB_EP0_OutStart  stm32h7xx_ll_usb.o
    0x0800eff4   0x0800eff4   0x0000008e   Code   RO         1625    i.USB_EPClearStall  stm32h7xx_ll_usb.o
    0x0800f082   0x0800f082   0x0000009a   Code   RO         1626    i.USB_EPSetStall    stm32h7xx_ll_usb.o
    0x0800f11c   0x0800f11c   0x000003b4   Code   RO         1627    i.USB_EPStartXfer   stm32h7xx_ll_usb.o
    0x0800f4d0   0x0800f4d0   0x000000ec   Code   RO         1628    i.USB_EPStopXfer    stm32h7xx_ll_usb.o
    0x0800f5bc   0x0800f5bc   0x0000000e   Code   RO         1629    i.USB_EnableGlobalInt  stm32h7xx_ll_usb.o
    0x0800f5ca   0x0800f5ca   0x00000050   Code   RO         1630    i.USB_FlushRxFifo   stm32h7xx_ll_usb.o
    0x0800f61a   0x0800f61a   0x00000054   Code   RO         1631    i.USB_FlushTxFifo   stm32h7xx_ll_usb.o
    0x0800f66e   0x0800f66e   0x00000026   Code   RO         1633    i.USB_GetDevSpeed   stm32h7xx_ll_usb.o
    0x0800f694   0x0800f694   0x0000000a   Code   RO         1635    i.USB_GetMode       stm32h7xx_ll_usb.o
    0x0800f69e   0x0800f69e   0x00000014   Code   RO         1643    i.USB_ReadDevAllInEpInterrupt  stm32h7xx_ll_usb.o
    0x0800f6b2   0x0800f6b2   0x00000014   Code   RO         1644    i.USB_ReadDevAllOutEpInterrupt  stm32h7xx_ll_usb.o
    0x0800f6c6   0x0800f6c6   0x00000032   Code   RO         1645    i.USB_ReadDevInEPInterrupt  stm32h7xx_ll_usb.o
    0x0800f6f8   0x0800f6f8   0x0000001a   Code   RO         1646    i.USB_ReadDevOutEPInterrupt  stm32h7xx_ll_usb.o
    0x0800f712   0x0800f712   0x0000000a   Code   RO         1647    i.USB_ReadInterrupts  stm32h7xx_ll_usb.o
    0x0800f71c   0x0800f71c   0x00000060   Code   RO         1648    i.USB_ReadPacket    stm32h7xx_ll_usb.o
    0x0800f77c   0x0800f77c   0x00000068   Code   RO         1650    i.USB_SetCurrentMode  stm32h7xx_ll_usb.o
    0x0800f7e4   0x0800f7e4   0x0000002a   Code   RO         1651    i.USB_SetDevAddress  stm32h7xx_ll_usb.o
    0x0800f80e   0x0800f80e   0x00000012   Code   RO         1652    i.USB_SetDevSpeed   stm32h7xx_ll_usb.o
    0x0800f820   0x0800f820   0x000000e8   Code   RO         1653    i.USB_SetTurnaroundTime  stm32h7xx_ll_usb.o
    0x0800f908   0x0800f908   0x00000044   Code   RO         1656    i.USB_WritePacket   stm32h7xx_ll_usb.o
    0x0800f94c   0x0800f94c   0x00000004   Code   RO          665    i.UsageFault_Handler  stm32h7xx_it.o
    0x0800f950   0x0800f950   0x0000002c   Code   RO         9524    i.VIDEO_INIT        video.o
    0x0800f97c   0x0800f97c   0x00000038   Code   RO         9525    i.VIDEO_TASK        video.o
    0x0800f9b4   0x0800f9b4   0x00000040   Code   RO         7709    i.Verify_CRC16_Check_Sum  crc8_crc16.o
    0x0800f9f4   0x0800f9f4   0x00000030   Code   RO         7710    i.Verify_CRC8_Check_Sum  crc8_crc16.o
    0x0800fa24   0x0800fa24   0x00000030   Code   RO        10025    i.__ARM_fpclassify  m_wv.l(fpclassify.o)
    0x0800fa54   0x0800fa54   0x00000010   Code   RO         3355    i.__NVIC_GetPriorityGrouping  stm32h7xx_hal_cortex.o
    0x0800fa64   0x0800fa64   0x00000028   Code   RO         3356    i.__NVIC_SetPriority  stm32h7xx_hal_cortex.o
    0x0800fa8c   0x0800fa8c   0x00000004   PAD
    0x0800fa90   0x0800fa90   0x00000208   Code   RO         9891    i.__hardfp_asin     m_wv.l(asin.o)
    0x0800fc98   0x0800fc98   0x00000200   Code   RO         9988    i.__hardfp_atan     m_wv.l(atan.o)
    0x0800fe98   0x0800fe98   0x000001c8   Code   RO         9905    i.__hardfp_atan2    m_wv.l(atan2.o)
    0x08010060   0x08010060   0x000000b0   Code   RO         9917    i.__hardfp_cos      m_wv.l(cos.o)
    0x08010110   0x08010110   0x000008f8   Code   RO         9929    i.__hardfp_pow      m_wv.l(pow.o)
    0x08010a08   0x08010a08   0x000000b0   Code   RO         9943    i.__hardfp_sin      m_wv.l(sin.o)
    0x08010ab8   0x08010ab8   0x00000066   Code   RO         9955    i.__hardfp_sqrt     m_wv.l(sqrt.o)
    0x08010b1e   0x08010b1e   0x00000002   PAD
    0x08010b20   0x08010b20   0x00000310   Code   RO        10030    i.__ieee754_rem_pio2  m_wv.l(rred.o)
    0x08010e30   0x08010e30   0x000000e0   Code   RO        10002    i.__kernel_cos      m_wv.l(cos_i.o)
    0x08010f10   0x08010f10   0x00000070   Code   RO        10027    i.__kernel_poly     m_wv.l(poly.o)
    0x08010f80   0x08010f80   0x000000a8   Code   RO        10035    i.__kernel_sin      m_wv.l(sin_i.o)
    0x08011028   0x08011028   0x00000020   Code   RO        10005    i.__mathlib_dbl_divzero  m_wv.l(dunder.o)
    0x08011048   0x08011048   0x00000006   Code   RO        10006    i.__mathlib_dbl_infnan  m_wv.l(dunder.o)
    0x0801104e   0x0801104e   0x00000006   Code   RO        10007    i.__mathlib_dbl_infnan2  m_wv.l(dunder.o)
    0x08011054   0x08011054   0x00000004   PAD
    0x08011058   0x08011058   0x00000018   Code   RO        10008    i.__mathlib_dbl_invalid  m_wv.l(dunder.o)
    0x08011070   0x08011070   0x00000018   Code   RO        10009    i.__mathlib_dbl_overflow  m_wv.l(dunder.o)
    0x08011088   0x08011088   0x00000018   Code   RO        10011    i.__mathlib_dbl_underflow  m_wv.l(dunder.o)
    0x080110a0   0x080110a0   0x00000070   Code   RO         7819    i.accel2euler       kf_imu.o
    0x08011110   0x08011110   0x0000001c   Code   RO         9033    i.arm_vision_ctrl_final  robot_cmd.o
    0x0801112c   0x0801112c   0x00000010   Code   RO         9990    i.atan              m_wv.l(atan.o)
    0x0801113c   0x0801113c   0x00000354   Code   RO         9034    i.auto_fetch_block  robot_cmd.o
    0x08011490   0x08011490   0x00000be4   Code   RO         9035    i.auto_get_silver   robot_cmd.o
    0x08012074   0x08012074   0x000000c4   Code   RO         9036    i.auto_mode_select_centre  robot_cmd.o
    0x08012138   0x08012138   0x000003dc   Code   RO         9037    i.auto_put_block    robot_cmd.o
    0x08012514   0x08012514   0x00000128   Code   RO         8139    i.bmi088_accel_init  bmi088driver.o
    0x0801263c   0x0801263c   0x000000f4   Code   RO         8140    i.bmi088_gyro_init  bmi088driver.o
    0x08012730   0x08012730   0x00000044   Code   RO         7529    i.bsp_can_init      bsp_fdcan.o
    0x08012774   0x08012774   0x00000038   Code   RO         9717    i.calc_crc16        ui_interface.o
    0x080127ac   0x080127ac   0x00000024   Code   RO         9718    i.calc_crc8         ui_interface.o
    0x080127d0   0x080127d0   0x00000044   Code   RO         7530    i.can_filter_init   bsp_fdcan.o
    0x08012814   0x08012814   0x0000018c   Code   RO         7944    i.check_boundary_scara_lefthand  scara_kinematics.o
    0x080129a0   0x080129a0   0x00000090   Code   RO         8802    i.control_all_arm   arm.o
    0x08012a30   0x08012a30   0x00000084   Code   RO         8803    i.control_roll_angle  arm.o
    0x08012ab4   0x08012ab4   0x000002bc   Code   RO         9042    i.costum_ctrl_arm   robot_cmd.o
    0x08012d70   0x08012d70   0x0000001c   Code   RO         9630    i.device_fbk        cm_device.o
    0x08012d8c   0x08012d8c   0x00000018   Code   RO         9631    i.device_init       cm_device.o
    0x08012da4   0x08012da4   0x00000074   Code   RO         9632    i.device_refresh    cm_device.o
    0x08012e18   0x08012e18   0x000000a4   Code   RO         8306    i.dm_fdkdata        damiaomotors.o
    0x08012ebc   0x08012ebc   0x0000003c   Code   RO         8805    i.enable_allmotor   arm.o
    0x08012ef8   0x08012ef8   0x00000042   Code   RO         8307    i.enable_motor_mode  damiaomotors.o
    0x08012f3a   0x08012f3a   0x00000108   Code   RO         7820    i.euler2quaternion  kf_imu.o
    0x08013042   0x08013042   0x00000018   Code   RO        10021    i.fabs              m_wv.l(fabs.o)
    0x0801305a   0x0801305a   0x00000002   PAD
    0x0801305c   0x0801305c   0x000000ac   Code   RO         7531    i.fdcan1_rx_callback  bsp_fdcan.o
    0x08013108   0x08013108   0x00000044   Code   RO         7532    i.fdcan2_rx_callback  bsp_fdcan.o
    0x0801314c   0x0801314c   0x0000005c   Code   RO         7533    i.fdcan3_rx_callback  bsp_fdcan.o
    0x080131a8   0x080131a8   0x00000068   Code   RO         7534    i.fdcanx_receive    bsp_fdcan.o
    0x08013210   0x08013210   0x0000007c   Code   RO         7535    i.fdcanx_send_data  bsp_fdcan.o
    0x0801328c   0x0801328c   0x00000032   Code   RO         8308    i.float_to_uint     damiaomotors.o
    0x080132be   0x080132be   0x00000002   PAD
    0x080132c0   0x080132c0   0x00000134   Code   RO         9043    i.get_ready_auto    robot_cmd.o
    0x080133f4   0x080133f4   0x000001e0   Code   RO         7821    i.get_x_minus       kf_imu.o
    0x080135d4   0x080135d4   0x0000015c   Code   RO         7822    i.imu_process       kf_imu.o
    0x08013730   0x08013730   0x0000000c   Code   RO         8419    i.is_key_held       rc_protocol.o
    0x0801373c   0x0801373c   0x0000000c   Code   RO         8572    i.is_key_held       referee.o
    0x08013748   0x08013748   0x0000001e   Code   RO         8420    i.is_key_pressed    rc_protocol.o
    0x08013766   0x08013766   0x0000001e   Code   RO         8573    i.is_key_pressed    referee.o
    0x08013784   0x08013784   0x0000005c   Code   RO         7759    i.kf_copy           kalman_filter.o
    0x080137e0   0x080137e0   0x00000078   Code   RO         7760    i.kf_get_K          kalman_filter.o
    0x08013858   0x08013858   0x0000003c   Code   RO         7761    i.kf_get_P          kalman_filter.o
    0x08013894   0x08013894   0x0000004c   Code   RO         7762    i.kf_get_P_minus    kalman_filter.o
    0x080138e0   0x080138e0   0x00000048   Code   RO         7763    i.kf_get_x_hat      kalman_filter.o
    0x08013928   0x08013928   0x000000f0   Code   RO         7823    i.kf_imu_init       kf_imu.o
    0x08013a18   0x08013a18   0x00000450   Code   RO         7824    i.kf_imu_upgrade    kf_imu.o
    0x08013e68   0x08013e68   0x00000034   Code   RO         8807    i.lift_height_cmd   arm.o
    0x08013e9c   0x08013e9c   0x00000080   Code   RO         8809    i.lift_speed_control  arm.o
    0x08013f1c   0x08013f1c   0x00000170   Code   RO         9046    i.lock_arm          robot_cmd.o
    0x0801408c   0x0801408c   0x000002bc   Code   RO           15    i.main              main.o
    0x08014348   0x08014348   0x0000005c   Code   RO         9593    i.minipc_rec        minipc_protocol.o
    0x080143a4   0x080143a4   0x00000070   Code   RO         9047    i.minipc_send       robot_cmd.o
    0x08014414   0x08014414   0x00000090   Code   RO         9594    i.minipc_upgrade    minipc_protocol.o
    0x080144a4   0x080144a4   0x00000100   Code   RO         8309    i.mit_ctrl          damiaomotors.o
    0x080145a4   0x080145a4   0x0000040c   Code   RO         9048    i.normally_chassis_control  robot_cmd.o
    0x080149b0   0x080149b0   0x00000088   Code   RO         9049    i.normally_set_all_data  robot_cmd.o
    0x08014a38   0x08014a38   0x00000104   Code   RO         9050    i.normally_tranverse  robot_cmd.o
    0x08014b3c   0x08014b3c   0x00000060   Code   RO         7945    i.polyval_calc      scara_kinematics.o
    0x08014b9c   0x08014b9c   0x0000005c   Code   RO         8310    i.pos_speed_ctrl    damiaomotors.o
    0x08014bf8   0x08014bf8   0x0000029c   Code   RO         9051    i.push_block        robot_cmd.o
    0x08014e94   0x08014e94   0x0000014c   Code   RO         7825    i.quaternion2euler  kf_imu.o
    0x08014fe0   0x08014fe0   0x00000388   Code   RO         9052    i.real_handle_mode  robot_cmd.o
    0x08015368   0x08015368   0x00000078   Code   RO         8814    i.recieve_all_data  arm.o
    0x080153e0   0x080153e0   0x00000298   Code   RO         8574    i.referee_fbkdata   referee.o
    0x08015678   0x08015678   0x00000258   Code   RO         8575    i.referee_rc_decode  referee.o
    0x080158d0   0x080158d0   0x0000054c   Code   RO         9053    i.remote_cmd_choose  robot_cmd.o
    0x08015e1c   0x08015e1c   0x000000fa   Code   RO         7946    i.scara_forward_kinematics  scara_kinematics.o
    0x08015f16   0x08015f16   0x00000002   PAD
    0x08015f18   0x08015f18   0x000001ec   Code   RO         7947    i.scara_inverse_kinematics  scara_kinematics.o
    0x08016104   0x08016104   0x00000140   Code   RO         8961    i.send_wheel_can_data  chassis.o
    0x08016244   0x08016244   0x0000001e   Code   RO         8818    i.splitAndStoreSignals  arm.o
    0x08016262   0x08016262   0x0000001e   Code   RO         8963    i.splitAndStoreSignals  chassis.o
    0x08016280   0x08016280   0x0000006a   Code   RO         9957    i.sqrt              m_wv.l(sqrt.o)
    0x080162ea   0x080162ea   0x00000002   PAD
    0x080162ec   0x080162ec   0x0000002c   Code   RO         9055    i.sucker_ctrl       robot_cmd.o
    0x08016318   0x08016318   0x00000058   Code   RO         9056    i.trans_single_control  robot_cmd.o
    0x08016370   0x08016370   0x00000040   Code   RO         8819    i.trans_speed_control  arm.o
    0x080163b0   0x080163b0   0x0000005c   Code   RO         7622    i.uart7_add_package  bsp_uart.o
    0x0801640c   0x0801640c   0x000000c0   Code   RO         7623    i.uart7_tx_refresh  bsp_uart.o
    0x080164cc   0x080164cc   0x00000014   Code   RO         7624    i.uart_send         bsp_uart.o
    0x080164e0   0x080164e0   0x00000af4   Code   RO         9672    i.ui_init_g         ui_g.o
    0x08016fd4   0x08016fd4   0x00000060   Code   RO         9721    i.ui_proc_1_frame   ui_interface.o
    0x08017034   0x08017034   0x00000060   Code   RO         9722    i.ui_proc_2_frame   ui_interface.o
    0x08017094   0x08017094   0x00000060   Code   RO         9723    i.ui_proc_5_frame   ui_interface.o
    0x080170f4   0x080170f4   0x00000060   Code   RO         9724    i.ui_proc_7_frame   ui_interface.o
    0x08017154   0x08017154   0x00000074   Code   RO         9726    i.ui_proc_string_frame  ui_interface.o
    0x080171c8   0x080171c8   0x0000021c   Code   RO         9727    i.ui_scan_and_send  ui_interface.o
    0x080173e4   0x080173e4   0x000000bc   Code   RO         9673    i.ui_update_g       ui_g.o
    0x080174a0   0x080174a0   0x00000034   Code   RO         8313    i.uint_to_float     damiaomotors.o
    0x080174d4   0x080174d4   0x00000098   Code   RO         8421    i.update_combo_counter  rc_protocol.o
    0x0801756c   0x0801756c   0x00000098   Code   RO         8580    i.update_combo_counter  referee.o
    0x08017604   0x08017604   0x000001dc   Code   RO         8024    i.user_mat_add      user_mat.o
    0x080177e0   0x080177e0   0x0000058e   Code   RO         8025    i.user_mat_inverse  user_mat.o
    0x08017d6e   0x08017d6e   0x00000002   PAD
    0x08017d70   0x08017d70   0x0000019c   Code   RO         8026    i.user_mat_multiply  user_mat.o
    0x08017f0c   0x08017f0c   0x00000244   Code   RO         8028    i.user_mat_subtract  user_mat.o
    0x08018150   0x08018150   0x000000e0   Code   RO         8029    i.user_mat_transpose  user_mat.o
    0x08018230   0x08018230   0x00000030   Code   RO         9057    i.video_angle_ctrl  robot_cmd.o
    0x08018260   0x08018260   0x0000004c   Code   RO         9058    i.video_offline_protect  robot_cmd.o
    0x080182ac   0x080182ac   0x00000034   Code   RO         9059    i.yaw_absolute_ctrl  robot_cmd.o
    0x080182e0   0x080182e0   0x00000010   Code   RO        10079    x$fpl$dcheck1       fz_wv.l(dcheck1.o)
    0x080182f0   0x080182f0   0x0000000a   Code   RO        10301    x$fpl$fpinit        fz_wv.l(fpinit.o)
    0x080182fa   0x080182fa   0x00000064   Code   RO        10245    x$fpl$retnan        fz_wv.l(retnan.o)
    0x0801835e   0x0801835e   0x0000005c   Code   RO         9985    x$fpl$scalbn        fz_wv.l(scalbn.o)
    0x080183ba   0x080183ba   0x00000030   Code   RO        10303    x$fpl$trapveneer    fz_wv.l(trapv.o)
    0x080183ea   0x080183ea   0x00000000   Code   RO         9987    x$fpl$usenofp       fz_wv.l(usenofp.o)
    0x080183ea   0x080183ea   0x00000008   Data   RO         2656    .constdata          stm32h7xx_hal_dma.o
    0x080183f2   0x080183f2   0x00000002   PAD
    0x080183f4   0x080183f4   0x0000005c   Data   RO         4538    .constdata          stm32h7xx_hal_fdcan.o
    0x08018450   0x08018450   0x00000018   Data   RO         6490    .constdata          stm32h7xx_hal_uart.o
    0x08018468   0x08018468   0x00000010   Data   RO         6861    .constdata          stm32h7xx_hal_uart_ex.o
    0x08018478   0x08018478   0x00000010   Data   RO         6970    .constdata          system_stm32h7xx.o
    0x08018488   0x08018488   0x00000302   Data   RO         7711    .constdata          crc8_crc16.o
    0x0801878a   0x0801878a   0x00000006   PAD
    0x08018790   0x08018790   0x000000c0   Data   RO         7827    .constdata          kf_imu.o
    0x08018850   0x08018850   0x00000050   Data   RO         9894    .constdata          m_wv.l(asin.o)
    0x080188a0   0x080188a0   0x00000088   Data   RO         9932    .constdata          m_wv.l(pow.o)
    0x08018928   0x08018928   0x00000098   Data   RO         9991    .constdata          m_wv.l(atan.o)
    0x080189c0   0x080189c0   0x00000030   Data   RO        10003    .constdata          m_wv.l(cos_i.o)
    0x080189f0   0x080189f0   0x00000008   Data   RO        10029    .constdata          m_wv.l(qnan.o)
    0x080189f8   0x080189f8   0x000000c8   Data   RO        10032    .constdata          m_wv.l(rred.o)
    0x08018ac0   0x08018ac0   0x00000028   Data   RO        10036    .constdata          m_wv.l(sin_i.o)
    0x08018ae8   0x08018ae8   0x00000040   Data   RO        10382    Region$$Table       anon$$obj.o


    Execution Region RW_IRAM1 (Exec base: 0x20000000, Load base: 0x08018b28, Size: 0x000077fc, Max: 0x00020000, ABSOLUTE, COMPRESSED[0x000001d8])

    Exec Addr    Load Addr    Size         Type   Attr      Idx    E Section Name        Object

    0x20000000   COMPRESSED   0x00000010   Data   RW           16    .data               main.o
    0x20000010   COMPRESSED   0x00000004   Data   RW          401    .data               fdcan.o
    0x20000014   COMPRESSED   0x0000005e   Data   RW          938    .data               usbd_desc.o
    0x20000072   COMPRESSED   0x00000016   Data   RW         7537    .data               bsp_fdcan.o
    0x20000088   COMPRESSED   0x0000011c   Data   RW         7949    .data               scara_kinematics.o
    0x200001a4   COMPRESSED   0x00000024   Data   RW         8142    .data               bmi088driver.o
    0x200001c8   COMPRESSED   0x00000086   Data   RW         8583    .data               referee.o
    0x2000024e   COMPRESSED   0x00000002   PAD
    0x20000250   COMPRESSED   0x00000118   Data   RW         9061    .data               robot_cmd.o
    0x20000368   COMPRESSED   0x00000010   Data   RW         9276    .data               ui_task.o
    0x20000378   COMPRESSED   0x00000008   Data   RW         9729    .data               ui_interface.o
    0x20000380        -       0x000006a4   Zero   RW          577    .bss                usart.o
    0x20000a24        -       0x00000200   Zero   RW          937    .bss                usbd_desc.o
    0x20000c24        -       0x00001000   Zero   RW         1029    .bss                usbd_cdc_if.o
    0x20001c24        -       0x00004e3c   Zero   RW         7635    .bss                bsp_uart.o
    0x20006a60        -       0x000000a8   Zero   RW         7826    .bss                kf_imu.o
    0x20006b08        -       0x00000430   Zero   RW         8821    .bss                arm.o
    0x20006f38        -       0x000000fc   Zero   RW         9060    .bss                robot_cmd.o
    0x20007034        -       0x000001fe   Zero   RW         9526    .bss                video.o
    0x20007232   COMPRESSED   0x00000006   PAD
    0x20007238        -       0x000000a4   Zero   RW         9633    .bss                cm_device.o
    0x200072dc        -       0x00000355   Zero   RW         9674    .bss                ui_g.o
    0x20007631        -       0x0000016a   Zero   RW         9728    .bss                ui_interface.o
    0x2000779b   COMPRESSED   0x00000001   PAD
    0x2000779c        -       0x00000060   Zero   RW        10087    .bss                c_w.l(libspace.o)


    Execution Region RW_IRAM2 (Exec base: 0x24000000, Load base: 0x08018d00, Size: 0x0000d7b8, Max: 0x00020000, ABSOLUTE, COMPRESSED[0x000000fc])

    Exec Addr    Load Addr    Size         Type   Attr      Idx    E Section Name        Object

    0x24000000   COMPRESSED   0x00000014   Data   RW         1030    .data               usbd_cdc_if.o
    0x24000014   COMPRESSED   0x00000009   Data   RW         3546    .data               stm32h7xx_hal.o
    0x2400001d   COMPRESSED   0x00000003   PAD
    0x24000020   COMPRESSED   0x00000008   Data   RW         6971    .data               system_stm32h7xx.o
    0x24000028   COMPRESSED   0x00000001   Data   RW         7186    .data               usbd_ctlreq.o
    0x24000029   COMPRESSED   0x00000003   PAD
    0x2400002c   COMPRESSED   0x0000008a   Data   RW         7357    .data               usbd_cdc.o
    0x240000b6   COMPRESSED   0x00000002   PAD
    0x240000b8   COMPRESSED   0x00000040   Data   RW         7460    .data               bsp_dwt.o
    0x240000f8   COMPRESSED   0x00000002   Data   RW         7712    .data               crc8_crc16.o
    0x240000fa   COMPRESSED   0x00000006   PAD
    0x24000100   COMPRESSED   0x00000365   Data   RW         7828    .data               kf_imu.o
    0x24000465   COMPRESSED   0x00000001   PAD
    0x24000466   COMPRESSED   0x000000a8   Data   RW         8423    .data               rc_protocol.o
    0x2400050e   COMPRESSED   0x00000002   PAD
    0x24000510   COMPRESSED   0x000000f4   Data   RW         8822    .data               arm.o
    0x24000604   COMPRESSED   0x00000004   PAD
    0x24000608   COMPRESSED   0x00000080   Data   RW         8965    .data               chassis.o
    0x24000688   COMPRESSED   0x00000001   Data   RW         9596    .data               minipc_protocol.o
    0x24000689   COMPRESSED   0x00000005   Data   RW         9675    .data               ui_g.o
    0x2400068e   COMPRESSED   0x00000002   PAD
    0x24000690        -       0x000001e0   Zero   RW          400    .bss                fdcan.o
    0x24000870        -       0x00000110   Zero   RW          472    .bss                spi.o
    0x24000980        -       0x00000098   Zero   RW          521    .bss                tim.o
    0x24000a18        -       0x000002dc   Zero   RW          893    .bss                usb_device.o
    0x24000cf4        -       0x00000704   Zero   RW         1119    .bss                usbd_conf.o
    0x240013f8        -       0x00000020   Zero   RW         7536    .bss                bsp_fdcan.o
    0x24001418        -       0x00000150   Zero   RW         8314    .bss                damiaomotors.o
    0x24001568        -       0x00000018   Zero   RW         8422    .bss                rc_protocol.o
    0x24001580        -       0x00000de4   Zero   RW         8582    .bss                referee.o
    0x24002364   COMPRESSED   0x00000004   PAD
    0x24002368        -       0x0000035c   Zero   RW         8964    .bss                chassis.o
    0x240026c4        -       0x0000014a   Zero   RW         9595    .bss                minipc_protocol.o
    0x2400280e   COMPRESSED   0x000004b8   PAD
    0x24002cc6        -       0x00000096   Zero   RW         7625    .ARM.__AT_0x24002CC6  bsp_uart.o
    0x24002d5c        -       0x00000096   Zero   RW         7626    .ARM.__AT_0x24002D5C  bsp_uart.o
    0x24002df2        -       0x00000096   Zero   RW         7627    .ARM.__AT_0x24002DF2  bsp_uart.o
    0x24002e88        -       0x00000096   Zero   RW         7628    .ARM.__AT_0x24002E88  bsp_uart.o
    0x24002f1e        -       0x00000096   Zero   RW         7629    .ARM.__AT_0x24002F1E  bsp_uart.o
    0x24002fb4        -       0x00000096   Zero   RW         7630    .ARM.__AT_0x24002FB4  bsp_uart.o
    0x2400304a        -       0x00000096   Zero   RW         7631    .ARM.__AT_0x2400304A  bsp_uart.o
    0x240030e0        -       0x00000096   Zero   RW         7632    .ARM.__AT_0x240030E0  bsp_uart.o
    0x24003176        -       0x00000096   Zero   RW         7633    .ARM.__AT_0x24003176  bsp_uart.o
    0x2400320c        -       0x00000096   Zero   RW         7634    .ARM.__AT_0x2400320C  bsp_uart.o
    0x240032a2   COMPRESSED   0x00000006   PAD
    0x240032a8        -       0x00001000   Zero   RW            2    HEAP                startup_stm32h723xx.o
    0x240042a8        -       0x00004000   Zero   RW            1    STACK               startup_stm32h723xx.o
    0x240082a8   COMPRESSED   0x00005446   PAD
    0x2400d6ee        -       0x000000c8   Zero   RW         8581    .ARM.__AT_0x2400D6EE  referee.o


==============================================================================

Image component sizes


      Code (inc. data)   RO Data    RW Data    ZI Data      Debug   Object Name

      1798        374          0        244       1072      10019   arm.o
      1018         20          0         36          0       6646   bmi088driver.o
       216         28          0          0          0       4988   bmi088middleware.o
       288         60          0         64          0       3898   bsp_dwt.o
       748        118          0         22         32       5945   bsp_fdcan.o
       372         44          0          0      21528       5063   bsp_uart.o
      1346        226          0        128        860       8718   chassis.o
       168         14          0          0        164       3059   cm_device.o
       248         18        770          2          0       4450   crc8_crc16.o
       680         42          0          0        336       6809   damiaomotors.o
       164          4          0          0          0        966   dma.o
       968         56          0          4        480       3637   fdcan.o
       336         14          0          0          0       1247   gpio.o
       420          0          0          0          0       3844   kalman_filter.o
      2912        240        192        869        168       8013   kf_imu.o
       390         82          0          0          0       2465   m2006motors.o
       412         90          0          0          0       2545   m3508motors.o
       898         88          0         16          0    1289170   main.o
       236         14          0          1        330       3426   minipc_protocol.o
       660         12          0          0          0       3158   pid.o
      1050        114          0        168         24      10411   rc_protocol.o
      1458        126          0        134       3756      17248   referee.o
     12912       2184          0        280        252      32130   robot_cmd.o
      1234         60          0        284          0       6184   scara_kinematics.o
       548         44          0          0        272       2682   spi.o
        64         26        716          0      20480        856   startup_stm32h723xx.o
       260         48          0          9          0      23773   stm32h7xx_hal.o
       310         22          0          0          0      40143   stm32h7xx_hal_cortex.o
      8650        164          8          0          0      13570   stm32h7xx_hal_dma.o
      3692         54         92          0          0      24524   stm32h7xx_hal_fdcan.o
       536         54          0          0          0       2911   stm32h7xx_hal_gpio.o
        36          4          0          0          0        966   stm32h7xx_hal_msp.o
      3628         16          0          0          0      14108   stm32h7xx_hal_pcd.o
       130          4          0          0          0       3273   stm32h7xx_hal_pcd_ex.o
       116         12          0          0          0       1374   stm32h7xx_hal_pwr_ex.o
      3388        110          0          0          0       7028   stm32h7xx_hal_rcc.o
      5140        112          0          0          0       7429   stm32h7xx_hal_rcc_ex.o
      1846         26          0          0          0       5793   stm32h7xx_hal_spi.o
      2548        260          0          0          0      14534   stm32h7xx_hal_tim.o
       428         46          0          0          0       2468   stm32h7xx_hal_tim_ex.o
      6006        218         24          0          0      41098   stm32h7xx_hal_uart.o
       608         14         16          0          0       7555   stm32h7xx_hal_uart_ex.o
       462        144          0          0          0      16464   stm32h7xx_it.o
      3894         88          0          0          0      23360   stm32h7xx_ll_usb.o
        56         12          0          0          0        976   sucker.o
       224         32         16          8          0       1438   system_stm32h7xx.o
       728         54          0          0        152       3577   tim.o
      2992        102          0          5        853       7273   ui_g.o
      1132         78          0          8        362      11389   ui_interface.o
       336         92          0         16          0       5889   ui_task.o
      2000        150          0          0       1700       5818   usart.o
        80         16          0          0        732        808   usb_device.o
      1782         54          0        138          0      14641   usbd_cdc.o
       216         26          0         20       4096       4544   usbd_cdc_if.o
       956         30          0          0       1796      18068   usbd_conf.o
      1354          0          0          0          0      16965   usbd_core.o
      2416         22          0          1          0      18344   usbd_ctlreq.o
       386        122          0         94        512       7217   usbd_desc.o
       174          0          0          0          0       4932   usbd_ioreq.o
      3114         44          0          0          0       7735   user_mat.o
       100         24          0          0        510       1681   video.o

    ----------------------------------------------------------------------
     91326       6356       1906       2576      83268    1829243   Object Totals
         0          0         64          0          0          0   (incl. Generated)
        58          4          8         25      22801          0   (incl. Padding)

    ----------------------------------------------------------------------

      Code (inc. data)   RO Data    RW Data    ZI Data      Debug   Library Member Name

        90          0          0          0          0          0   __dczerorl2.o
         8          0          0          0          0         68   __main.o
         0          0          0          0          0          0   __rtentry.o
        12          0          0          0          0          0   __rtentry2.o
         6          0          0          0          0          0   __rtentry4.o
        52          8          0          0          0          0   __scatter.o
        28          0          0          0          0          0   __scatter_zi.o
        22          0          0          0          0        100   _rserrno.o
        18          0          0          0          0         80   exit.o
         6          0          0          0          0        152   heapauxi.o
         0          0          0          0          0          0   indicate_semi.o
         2          0          0          0          0          0   libinit.o
         6          0          0          0          0          0   libinit2.o
         2          0          0          0          0          0   libshutdown.o
         2          0          0          0          0          0   libshutdown2.o
         8          4          0          0         96         68   libspace.o
       238          0          0          0          0        100   lludivv7m.o
        88          0          0          0          0         76   memcmp.o
         8          4          0          0          0         68   rt_errno_addr_intlibspace.o
        78          0          0          0          0         80   rt_memclr_w.o
       138          0          0          0          0         68   rt_memcpy_v6.o
       100          0          0          0          0         80   rt_memcpy_w.o
         2          0          0          0          0          0   rtexit.o
        10          0          0          0          0          0   rtexit2.o
        72          0          0          0          0         80   strcpy.o
        62          0          0          0          0         76   strlen.o
        12          4          0          0          0         68   sys_exit.o
        74          0          0          0          0         80   sys_stackheap_outer.o
         2          0          0          0          0         68   use_no_semi.o
        16          4          0          0          0        116   dcheck1.o
        10          0          0          0          0        116   fpinit.o
       100          0          0          0          0        116   retnan.o
        92          0          0          0          0        116   scalbn.o
        48          0          0          0          0        116   trapv.o
         0          0          0          0          0          0   usenofp.o
       520         88         80          0          0        252   asin.o
       528        110        152          0          0        348   atan.o
       456         64          0          0          0        188   atan2.o
       176         18          0          0          0        156   cos.o
       224         42         48          0          0        184   cos_i.o
       116         60          0          0          0        696   dunder.o
        24          0          0          0          0        124   fabs.o
        48          0          0          0          0        124   fpclassify.o
       112          0          0          0          0        116   poly.o
      2296        304        136          0          0        320   pow.o
         0          0          8          0          0          0   qnan.o
       784        138        200          0          0        172   rred.o
       176         18          0          0          0        160   sin.o
       168         24         40          0          0        196   sin_i.o
       208          0          0          0          0        280   sqrt.o

    ----------------------------------------------------------------------
      7264        890        664          0         96       5208   Library Totals
        16          0          0          0          0          0   (incl. Padding)

    ----------------------------------------------------------------------

      Code (inc. data)   RO Data    RW Data    ZI Data      Debug   Library Name

      1146         20          0          0         96       1312   c_w.l
       266          4          0          0          0        580   fz_wv.l
      5836        866        664          0          0       3316   m_wv.l

    ----------------------------------------------------------------------
      7264        890        664          0         96       5208   Library Totals

    ----------------------------------------------------------------------

==============================================================================


      Code (inc. data)   RO Data    RW Data    ZI Data      Debug   

     98590       7246       2570       2576      83364    1786627   Grand Totals
     98590       7246       2570        724      83364    1786627   ELF Image Totals (compressed)
     98590       7246       2570        724          0          0   ROM Totals

==============================================================================

    Total RO  Size (Code + RO Data)               101160 (  98.79kB)
    Total RW  Size (RW Data + ZI Data)             85940 (  83.93kB)
    Total ROM Size (Code + RO Data + RW Data)     101884 (  99.50kB)

==============================================================================

