Component: ARM Compiler 5.06 update 7 (build 960) Tool: armlink [4d3601]

==============================================================================

Section Cross References

    startup_stm32h723xx.o(STACK) refers (Special) to heapauxi.o(.text) for __use_two_region_memory
    startup_stm32h723xx.o(HEAP) refers (Special) to heapauxi.o(.text) for __use_two_region_memory
    startup_stm32h723xx.o(RESET) refers (Special) to heapauxi.o(.text) for __use_two_region_memory
    startup_stm32h723xx.o(RESET) refers to startup_stm32h723xx.o(STACK) for __initial_sp
    startup_stm32h723xx.o(RESET) refers to startup_stm32h723xx.o(.text) for Reset_Handler
    startup_stm32h723xx.o(RESET) refers to stm32h7xx_it.o(i.NMI_Handler) for NMI_Handler
    startup_stm32h723xx.o(RESET) refers to stm32h7xx_it.o(i.HardFault_Handler) for HardFault_Handler
    startup_stm32h723xx.o(RESET) refers to stm32h7xx_it.o(i.MemManage_Handler) for MemManage_Handler
    startup_stm32h723xx.o(RESET) refers to stm32h7xx_it.o(i.BusFault_Handler) for BusFault_Handler
    startup_stm32h723xx.o(RESET) refers to stm32h7xx_it.o(i.UsageFault_Handler) for UsageFault_Handler
    startup_stm32h723xx.o(RESET) refers to stm32h7xx_it.o(i.SVC_Handler) for SVC_Handler
    startup_stm32h723xx.o(RESET) refers to stm32h7xx_it.o(i.DebugMon_Handler) for DebugMon_Handler
    startup_stm32h723xx.o(RESET) refers to stm32h7xx_it.o(i.PendSV_Handler) for PendSV_Handler
    startup_stm32h723xx.o(RESET) refers to stm32h7xx_it.o(i.SysTick_Handler) for SysTick_Handler
    startup_stm32h723xx.o(RESET) refers to stm32h7xx_it.o(i.DMA1_Stream0_IRQHandler) for DMA1_Stream0_IRQHandler
    startup_stm32h723xx.o(RESET) refers to stm32h7xx_it.o(i.DMA1_Stream1_IRQHandler) for DMA1_Stream1_IRQHandler
    startup_stm32h723xx.o(RESET) refers to stm32h7xx_it.o(i.DMA1_Stream2_IRQHandler) for DMA1_Stream2_IRQHandler
    startup_stm32h723xx.o(RESET) refers to stm32h7xx_it.o(i.DMA1_Stream3_IRQHandler) for DMA1_Stream3_IRQHandler
    startup_stm32h723xx.o(RESET) refers to stm32h7xx_it.o(i.DMA1_Stream4_IRQHandler) for DMA1_Stream4_IRQHandler
    startup_stm32h723xx.o(RESET) refers to stm32h7xx_it.o(i.DMA1_Stream5_IRQHandler) for DMA1_Stream5_IRQHandler
    startup_stm32h723xx.o(RESET) refers to stm32h7xx_it.o(i.DMA1_Stream6_IRQHandler) for DMA1_Stream6_IRQHandler
    startup_stm32h723xx.o(RESET) refers to stm32h7xx_it.o(i.FDCAN1_IT0_IRQHandler) for FDCAN1_IT0_IRQHandler
    startup_stm32h723xx.o(RESET) refers to stm32h7xx_it.o(i.FDCAN2_IT0_IRQHandler) for FDCAN2_IT0_IRQHandler
    startup_stm32h723xx.o(RESET) refers to stm32h7xx_it.o(i.FDCAN1_IT1_IRQHandler) for FDCAN1_IT1_IRQHandler
    startup_stm32h723xx.o(RESET) refers to stm32h7xx_it.o(i.FDCAN2_IT1_IRQHandler) for FDCAN2_IT1_IRQHandler
    startup_stm32h723xx.o(RESET) refers to stm32h7xx_it.o(i.USART2_IRQHandler) for USART2_IRQHandler
    startup_stm32h723xx.o(RESET) refers to stm32h7xx_it.o(i.USART3_IRQHandler) for USART3_IRQHandler
    startup_stm32h723xx.o(RESET) refers to stm32h7xx_it.o(i.EXTI15_10_IRQHandler) for EXTI15_10_IRQHandler
    startup_stm32h723xx.o(RESET) refers to stm32h7xx_it.o(i.DMA1_Stream7_IRQHandler) for DMA1_Stream7_IRQHandler
    startup_stm32h723xx.o(RESET) refers to stm32h7xx_it.o(i.UART5_IRQHandler) for UART5_IRQHandler
    startup_stm32h723xx.o(RESET) refers to stm32h7xx_it.o(i.OTG_HS_IRQHandler) for OTG_HS_IRQHandler
    startup_stm32h723xx.o(RESET) refers to stm32h7xx_it.o(i.UART7_IRQHandler) for UART7_IRQHandler
    startup_stm32h723xx.o(RESET) refers to stm32h7xx_it.o(i.USART10_IRQHandler) for USART10_IRQHandler
    startup_stm32h723xx.o(RESET) refers to stm32h7xx_it.o(i.FDCAN3_IT0_IRQHandler) for FDCAN3_IT0_IRQHandler
    startup_stm32h723xx.o(RESET) refers to stm32h7xx_it.o(i.FDCAN3_IT1_IRQHandler) for FDCAN3_IT1_IRQHandler
    startup_stm32h723xx.o(.text) refers (Special) to heapauxi.o(.text) for __use_two_region_memory
    startup_stm32h723xx.o(.text) refers to system_stm32h7xx.o(i.SystemInit) for SystemInit
    startup_stm32h723xx.o(.text) refers to __main.o(!!!main) for __main
    startup_stm32h723xx.o(.text) refers to startup_stm32h723xx.o(HEAP) for Heap_Mem
    startup_stm32h723xx.o(.text) refers to startup_stm32h723xx.o(STACK) for Stack_Mem
    main.o(i.SystemClock_Config) refers to rt_memclr_w.o(.text) for __aeabi_memclr4
    main.o(i.SystemClock_Config) refers to stm32h7xx_hal_pwr_ex.o(i.HAL_PWREx_ConfigSupply) for HAL_PWREx_ConfigSupply
    main.o(i.SystemClock_Config) refers to stm32h7xx_hal_rcc.o(i.HAL_RCC_OscConfig) for HAL_RCC_OscConfig
    main.o(i.SystemClock_Config) refers to main.o(i.Error_Handler) for Error_Handler
    main.o(i.SystemClock_Config) refers to stm32h7xx_hal_rcc.o(i.HAL_RCC_ClockConfig) for HAL_RCC_ClockConfig
    main.o(i.main) refers to stm32h7xx_hal.o(i.HAL_Init) for HAL_Init
    main.o(i.main) refers to main.o(i.SystemClock_Config) for SystemClock_Config
    main.o(i.main) refers to gpio.o(i.MX_GPIO_Init) for MX_GPIO_Init
[...]
    silver_mode_step                         0x2000036c   Data           4  robot_cmd.o(.data)
    count_for_step0                          0x20000370   Data           4  robot_cmd.o(.data)
    count_for_step1                          0x20000374   Data           4  robot_cmd.o(.data)
    count_for_step1_5                        0x20000378   Data           4  robot_cmd.o(.data)
    count_for_step2                          0x2000037c   Data           4  robot_cmd.o(.data)
    count_for_step2_5                        0x20000380   Data           4  robot_cmd.o(.data)
    count_for_step3                          0x20000384   Data           4  robot_cmd.o(.data)
    count_for_step4                          0x20000388   Data           4  robot_cmd.o(.data)
    count_for_step4_5                        0x2000038c   Data           4  robot_cmd.o(.data)
    count_for_step5                          0x20000390   Data           4  robot_cmd.o(.data)
    count_for_step5_5                        0x20000394   Data           4  robot_cmd.o(.data)
    count_for_step6                          0x20000398   Data           4  robot_cmd.o(.data)
    count_for_step7                          0x2000039c   Data           4  robot_cmd.o(.data)
    count_for_step8                          0x200003a0   Data           4  robot_cmd.o(.data)
    count_for_step9                          0x200003a4   Data           4  robot_cmd.o(.data)
    use_custom_flag                          0x200003a8   Data           4  robot_cmd.o(.data)
    use_absolute_flag                        0x200003ac   Data           4  robot_cmd.o(.data)
    target_angle1                            0x200003b0   Data           4  robot_cmd.o(.data)
    target_angle2                            0x200003b4   Data           4  robot_cmd.o(.data)
    target_angle3                            0x200003b8   Data           4  robot_cmd.o(.data)
    target_angle4                            0x200003bc   Data           4  robot_cmd.o(.data)
    target_lift_speed                        0x200003c0   Data           4  robot_cmd.o(.data)
    target_roll                              0x200003c4   Data           4  robot_cmd.o(.data)
    if_solve_flag                            0x200003c8   Data           1  robot_cmd.o(.data)
    backback_step                            0x200003cc   Data           4  robot_cmd.o(.data)
    backget_step                             0x200003d0   Data           1  robot_cmd.o(.data)
    backback_count0_5                        0x200003d4   Data           4  robot_cmd.o(.data)
    str1                                     0x200003ec   Data           6  ui_task.o(.data)
    temp_id                                  0x200003f2   Data           1  ui_task.o(.data)
    is_inited                                0x200003f3   Data           1  ui_task.o(.data)
    htim1                                    0x200003f4   Data          76  tim.o(.bss)
    htim3                                    0x20000440   Data          76  tim.o(.bss)
    USBD_StrDesc                             0x2000048c   Data         512  usbd_desc.o(.bss)
    rx_data3                                 0x2000068c   Data          32  bsp_fdcan.o(.bss)
    max_motor                                0x200006ac   Data          84  damiaomotors.o(.bss)
    min_motor                                0x20000700   Data          84  damiaomotors.o(.bss)
    finesse_motor                            0x20000754   Data          84  damiaomotors.o(.bss)
    pitch_motor                              0x200007a8   Data          84  damiaomotors.o(.bss)
    motor_lf                                 0x20000800   Data         120  chassis.o(.bss)
    motor_lb                                 0x20000878   Data         120  chassis.o(.bss)
    motor_rf                                 0x200008f0   Data         120  chassis.o(.bss)
    motor_rb                                 0x20000968   Data         120  chassis.o(.bss)
    wheel_speed_pid_lf                       0x200009e0   Data          76  chassis.o(.bss)
    wheel_speed_pid_lb                       0x20000a2c   Data          76  chassis.o(.bss)
    wheel_speed_pid_rf                       0x20000a78   Data          76  chassis.o(.bss)
    wheel_speed_pid_rb                       0x20000ac4   Data          76  chassis.o(.bss)
    straight_line_pid                        0x20000b10   Data          76  chassis.o(.bss)
    uart5_rx_buff                            0x20000b60   Data          18  robot_cmd.o(.bss)
    Chassis_CMD_data                         0x20000b78   Data          32  robot_cmd.o(.bss)
    ARM_CMD_data                             0x20000b98   Data          44  robot_cmd.o(.bss)
    y_vision_ctrl_pid                        0x20000bc4   Data          76  robot_cmd.o(.bss)
    x_vision_ctrl_pid                        0x20000c10   Data          76  robot_cmd.o(.bss)
    uart7_rx_buff                            0x20000c5c   Data         255  video.o(.bss)
    uart10_rx_buff                           0x20000d5b   Data         255  video.o(.bss)
    USBD_Interface_fops_HS                   0x24000004   Data          20  usbd_cdc_if.o(.data)
    SystemCoreClock                          0x24000018   Data           4  system_stm32h7xx.o(.data)
    SystemD2Clock                            0x2400001c   Data           4  system_stm32h7xx.o(.data)
    USBD_CDC                                 0x24000030   Data          56  usbd_cdc.o(.data)
    SysTime                                  0x240000b0   Data           8  bsp_dwt.o(.data)
    CYCCNT64                                 0x240000d0   Data           8  bsp_dwt.o(.data)
    CRC_INIT                                 0x240000f0   Data           2  crc8_crc16.o(.data)
    a_lpfk                                   0x24000440   Data           8  kf_imu.o(.data)
    out                                      0x24000448   Data           4  kf_imu.o(.data)
    err                                      0x2400044c   Data           4  kf_imu.o(.data)
    err_l                                    0x24000450   Data           4  kf_imu.o(.data)
    err_ll                                   0x24000454   Data           4  kf_imu.o(.data)
    err_i                                    0x24000458   Data           4  kf_imu.o(.data)
    forceStop                                0x2400045c   Data           1  kf_imu.o(.data)
    offline_cnt                              0x24000460   Data           4  arm.o(.data)
    enable_roll                              0x24000464   Data           4  arm.o(.data)
    enable_lift                              0x24000468   Data           4  arm.o(.data)
    max_ref                                  0x24000470   Data           8  arm.o(.data)
    min_ref                                  0x24000478   Data           8  arm.o(.data)
    finesse_ref                              0x24000480   Data           8  arm.o(.data)
    pitch_ref                                0x24000488   Data           8  arm.o(.data)
    roll_ref                                 0x24000490   Data           8  arm.o(.data)
    roll_speed_output                        0x24000498   Data           8  arm.o(.data)
    roll_angle_output                        0x240004a0   Data           8  arm.o(.data)
    lift_speed_output                        0x240004a8   Data           8  arm.o(.data)
    lift_angle_output                        0x240004b0   Data           8  arm.o(.data)
    lift_height_output                       0x240004b8   Data           8  arm.o(.data)
    lift_speed_ref                           0x240004c0   Data           8  arm.o(.data)
    trans_speed_output                       0x240004c8   Data           8  arm.o(.data)
    roll_send                                0x240004d0   Data           8  arm.o(.data)
    target_lift                              0x240004d8   Data           8  arm.o(.data)
    lift_send                                0x240004e0   Data           8  arm.o(.data)
    trans_speed_ref                          0x240004e8   Data           8  arm.o(.data)
    lift_height_ref                          0x240004f0   Data           8  arm.o(.data)
    roll_init_angle                          0x240004f8   Data           8  arm.o(.data)
    lift_motor_init_angle                    0x24000500   Data           8  arm.o(.data)
    lift_init_height                         0x24000508   Data           8  arm.o(.data)
    scara_height                             0x24000510   Data           8  arm.o(.data)
    height                                   0x24000518   Data           8  arm.o(.data)
    roll_real                                0x24000520   Data           8  arm.o(.data)
    height_ref                               0x24000528   Data           8  arm.o(.data)
    temp_roll                                0x2400053c   Data           4  arm.o(.data)
    fdcan3_count                             0x24000544   Data           4  arm.o(.data)
    speed                                    0x2400054c   Data           4  arm.o(.data)
    vt_lf                                    0x24000550   Data           8  chassis.o(.data)
    vt_lb                                    0x24000558   Data           8  chassis.o(.data)
    vt_rf                                    0x24000560   Data           8  chassis.o(.data)
    vt_rb                                    0x24000568   Data           8  chassis.o(.data)
    lf_pid_output                            0x24000570   Data           8  chassis.o(.data)
    lb_pid_output                            0x24000578   Data           8  chassis.o(.data)
    rf_pid_output                            0x24000580   Data           8  chassis.o(.data)
    rb_pid_output                            0x24000588   Data           8  chassis.o(.data)
    vx                                       0x24000590   Data           8  chassis.o(.data)
    vy                                       0x24000598   Data           8  chassis.o(.data)
    vw                                       0x240005a0   Data           8  chassis.o(.data)
    target_vx                                0x240005a8   Data           4  chassis.o(.data)
    target_vy                                0x240005ac   Data           4  chassis.o(.data)
    chassis_can_send                         0x240005b0   Data           8  chassis.o(.data)
    initial_yaw                              0x240005b8   Data           8  chassis.o(.data)
    yaw_error                                0x240005c8   Data           8  chassis.o(.data)
    size                                     0x240005d0   Data           1  minipc_protocol.o(.data)
    hfdcan1                                  0x240005d4   Data         160  fdcan.o(.bss)
    hfdcan2                                  0x24000674   Data         160  fdcan.o(.bss)
    hfdcan3                                  0x24000714   Data         160  fdcan.o(.bss)
    hspi2                                    0x240007b4   Data         136  spi.o(.bss)
    hspi6                                    0x2400083c   Data         136  spi.o(.bss)
    huart5                                   0x240008c4   Data         148  usart.o(.bss)
    huart7                                   0x24000958   Data         148  usart.o(.bss)
    huart2                                   0x240009ec   Data         148  usart.o(.bss)
    huart3                                   0x24000a80   Data         148  usart.o(.bss)
    huart10                                  0x24000b14   Data         148  usart.o(.bss)
    hdma_uart5_rx                            0x24000ba8   Data         120  usart.o(.bss)
    hdma_uart5_tx                            0x24000c20   Data         120  usart.o(.bss)
    hdma_uart7_tx                            0x24000c98   Data         120  usart.o(.bss)
    hdma_usart2_rx                           0x24000d10   Data         120  usart.o(.bss)
    hdma_usart2_tx                           0x24000d88   Data         120  usart.o(.bss)
    hdma_usart3_rx                           0x24000e00   Data         120  usart.o(.bss)
    hdma_usart3_tx                           0x24000e78   Data         120  usart.o(.bss)
    hdma_usart10_tx                          0x24000ef0   Data         120  usart.o(.bss)
    hUsbDeviceHS                             0x24000f68   Data         732  usb_device.o(.bss)
    UserRxBufferHS                           0x24001244   Data        2048  usbd_cdc_if.o(.bss)
    UserTxBufferHS                           0x24001a44   Data        2048  usbd_cdc_if.o(.bss)
    hpcd_USB_OTG_HS                          0x24002244   Data        1252  usbd_conf.o(.bss)
    imu_data                                 0x24002948   Data         120  kf_imu.o(.bss)
    rc_ctrl                                  0x240029f0   Data          24  rc_protocol.o(.bss)
    dianguan_cmd                             0x24002a08   Data         964  referee.o(.bss)
    video_cmd                                0x24002dcc   Data         964  referee.o(.bss)
    custom_cmd                               0x24003190   Data          20  referee.o(.bss)
    max_arm_pid                              0x240037e8   Data          76  arm.o(.bss)
    mini_arm_pid                             0x24003834   Data          76  arm.o(.bss)
    finesse_pid                              0x24003880   Data          76  arm.o(.bss)
    pitch_arm_pid                            0x240038cc   Data          76  arm.o(.bss)
    roll_pid_angle                           0x24003918   Data          76  arm.o(.bss)
    roll_pid_speed                           0x24003964   Data          76  arm.o(.bss)
    lift_pid_angle                           0x240039b0   Data          76  arm.o(.bss)
    lift_pid_speed                           0x240039fc   Data          76  arm.o(.bss)
    trans_pid_speed                          0x24003a48   Data          76  arm.o(.bss)
    pid_lift_height                          0x24003a94   Data          76  arm.o(.bss)
    roll                                     0x24003ae0   Data          96  arm.o(.bss)
    trans                                    0x24003b40   Data          96  arm.o(.bss)
    lift_motor                               0x24003ba0   Data         120  arm.o(.bss)
    minipc                                   0x24003c18   Data         276  minipc_protocol.o(.bss)
    buff_test                                0x24003d2c   Data          50  minipc_protocol.o(.bss)
    video_cm                                 0x24003d60   Data          32  cm_device.o(.bss)
    rc_cm                                    0x24003d80   Data          32  cm_device.o(.bss)
    device_state_list                        0x24003da0   Data         100  cm_device.o(.bss)
    __libspace_start                         0x24003e04   Data          96  libspace.o(.bss)
    __temporary_stack_top$libspace           0x24003e64   Data           0  libspace.o(.bss)
    uart1_dma_tx_buf                         0x2400d6ee   Data         200  referee.o(.ARM.__AT_0x2400D6EE)



==============================================================================

Memory Map of the image

  Image Entry point : 0x080002cd

  Load Region LR_IROM1 (Base: 0x08000000, Size: 0x00017ea8, Max: 0x00100000, ABSOLUTE, COMPRESSED[0x0001778c])

    Execution Region ER_IROM1 (Exec base: 0x08000000, Load base: 0x08000000, Size: 0x000174e0, Max: 0x00100000, ABSOLUTE)

    Exec Addr    Load Addr    Size         Type   Attr      Idx    E Section Name        Object

    0x08000000   0x08000000   0x000002cc   Data   RO            3    RESET               startup_stm32h723xx.o
    0x080002cc   0x080002cc   0x00000008   Code   RO         9375  * !!!main             c_w.l(__main.o)
    0x080002d4   0x080002d4   0x00000034   Code   RO         9691    !!!scatter          c_w.l(__scatter.o)
    0x08000308   0x08000308   0x0000005a   Code   RO         9689    !!dczerorl2         c_w.l(__dczerorl2.o)
    0x08000362   0x08000362   0x00000002   PAD
    0x08000364   0x08000364   0x0000001c   Code   RO         9693    !!handler_zi        c_w.l(__scatter_zi.o)
    0x08000380   0x08000380   0x00000002   Code   RO         9556    .ARM.Collect$$libinit$$00000000  c_w.l(libinit.o)
    0x08000382   0x08000382   0x00000004   Code   RO         9567    .ARM.Collect$$libinit$$00000001  c_w.l(libinit2.o)
    0x08000386   0x08000386   0x00000000   Code   RO         9570    .ARM.Collect$$libinit$$00000004  c_w.l(libinit2.o)
    0x08000386   0x08000386   0x00000000   Code   RO         9573    .ARM.Collect$$libinit$$0000000A  c_w.l(libinit2.o)
    0x08000386   0x08000386   0x00000000   Code   RO         9575    .ARM.Collect$$libinit$$0000000C  c_w.l(libinit2.o)
    0x08000386   0x08000386   0x00000000   Code   RO         9577    .ARM.Collect$$libinit$$0000000E  c_w.l(libinit2.o)
    0x08000386   0x08000386   0x00000000   Code   RO         9580    .ARM.Collect$$libinit$$00000011  c_w.l(libinit2.o)
    0x08000386   0x08000386   0x00000000   Code   RO         9582    .ARM.Collect$$libinit$$00000013  c_w.l(libinit2.o)
    0x08000386   0x08000386   0x00000000   Code   RO         9584    .ARM.Collect$$libinit$$00000015  c_w.l(libinit2.o)
    0x08000386   0x08000386   0x00000000   Code   RO         9586    .ARM.Collect$$libinit$$00000017  c_w.l(libinit2.o)
    0x08000386   0x08000386   0x00000000   Code   RO         9588    .ARM.Collect$$libinit$$00000019  c_w.l(libinit2.o)
    0x08000386   0x08000386   0x00000000   Code   RO         9590    .ARM.Collect$$libinit$$0000001B  c_w.l(libinit2.o)
    0x08000386   0x08000386   0x00000000   Code   RO         9592    .ARM.Collect$$libinit$$0000001D  c_w.l(libinit2.o)
    0x08000386   0x08000386   0x00000000   Code   RO         9594    .ARM.Collect$$libinit$$0000001F  c_w.l(libinit2.o)
    0x08000386   0x08000386   0x00000000   Code   RO         9596    .ARM.Collect$$libinit$$00000021  c_w.l(libinit2.o)
    0x08000386   0x08000386   0x00000000   Code   RO         9598    .ARM.Collect$$libinit$$00000023  c_w.l(libinit2.o)
    0x08000386   0x08000386   0x00000000   Code   RO         9600    .ARM.Collect$$libinit$$00000025  c_w.l(libinit2.o)
    0x08000386   0x08000386   0x00000000   Code   RO         9604    .ARM.Collect$$libinit$$0000002C  c_w.l(libinit2.o)
    0x08000386   0x08000386   0x00000000   Code   RO         9606    .ARM.Collect$$libinit$$0000002E  c_w.l(libinit2.o)
    0x08000386   0x08000386   0x00000000   Code   RO         9608    .ARM.Collect$$libinit$$00000030  c_w.l(libinit2.o)
    0x08000386   0x08000386   0x00000000   Code   RO         9610    .ARM.Collect$$libinit$$00000032  c_w.l(libinit2.o)
    0x08000386   0x08000386   0x00000002   Code   RO         9611    .ARM.Collect$$libinit$$00000033  c_w.l(libinit2.o)
    0x08000388   0x08000388   0x00000002   Code   RO         9644    .ARM.Collect$$libshutdown$$00000000  c_w.l(libshutdown.o)
    0x0800038a   0x0800038a   0x00000000   Code   RO         9670    .ARM.Collect$$libshutdown$$00000002  c_w.l(libshutdown2.o)
    0x0800038a   0x0800038a   0x00000000   Code   RO         9672    .ARM.Collect$$libshutdown$$00000004  c_w.l(libshutdown2.o)
    0x0800038a   0x0800038a   0x00000000   Code   RO         9674    .ARM.Collect$$libshutdown$$00000006  c_w.l(libshutdown2.o)
    0x0800038a   0x0800038a   0x00000000   Code   RO         9677    .ARM.Collect$$libshutdown$$00000009  c_w.l(libshutdown2.o)
    0x0800038a   0x0800038a   0x00000000   Code   RO         9680    .ARM.Collect$$libshutdown$$0000000C  c_w.l(libshutdown2.o)
    0x0800038a   0x0800038a   0x00000000   Code   RO         9682    .ARM.Collect$$libshutdown$$0000000E  c_w.l(libshutdown2.o)
    0x0800038a   0x0800038a   0x00000000   Code   RO         9685    .ARM.Collect$$libshutdown$$00000011  c_w.l(libshutdown2.o)
    0x0800038a   0x0800038a   0x00000002   Code   RO         9686    .ARM.Collect$$libshutdown$$00000012  c_w.l(libshutdown2.o)
    0x0800038c   0x0800038c   0x00000000   Code   RO         9453    .ARM.Collect$$rtentry$$00000000  c_w.l(__rtentry.o)
    0x0800038c   0x0800038c   0x00000000   Code   RO         9517    .ARM.Collect$$rtentry$$00000002  c_w.l(__rtentry2.o)
    0x0800038c   0x0800038c   0x00000006   Code   RO         9529    .ARM.Collect$$rtentry$$00000004  c_w.l(__rtentry4.o)
    0x08000392   0x08000392   0x00000000   Code   RO         9519    .ARM.Collect$$rtentry$$00000009  c_w.l(__rtentry2.o)
    0x08000392   0x08000392   0x00000004   Code   RO         9520    .ARM.Collect$$rtentry$$0000000A  c_w.l(__rtentry2.o)
    0x08000396   0x08000396   0x00000000   Code   RO         9522    .ARM.Collect$$rtentry$$0000000C  c_w.l(__rtentry2.o)
    0x08000396   0x08000396   0x00000008   Code   RO         9523    .ARM.Collect$$rtentry$$0000000D  c_w.l(__rtentry2.o)
    0x0800039e   0x0800039e   0x00000002   Code   RO         9559    .ARM.Collect$$rtexit$$00000000  c_w.l(rtexit.o)
    0x080003a0   0x080003a0   0x00000000   Code   RO         9617    .ARM.Collect$$rtexit$$00000002  c_w.l(rtexit2.o)
    0x080003a0   0x080003a0   0x00000004   Code   RO         9618    .ARM.Collect$$rtexit$$00000003  c_w.l(rtexit2.o)
    0x080003a4   0x080003a4   0x00000006   Code   RO         9619    .ARM.Collect$$rtexit$$00000004  c_w.l(rtexit2.o)
    0x080003aa   0x080003aa   0x00000002   PAD
    0x080003ac   0x080003ac   0x00000040   Code   RO            4    .text               startup_stm32h723xx.o
    0x080003ec   0x080003ec   0x000000ee   Code   RO         9363    .text               c_w.l(lludivv7m.o)
    0x080004da   0x080004da   0x0000003e   Code   RO         9365    .text               c_w.l(strlen.o)
    0x08000518   0x08000518   0x0000008a   Code   RO         9367    .text               c_w.l(rt_memcpy_v6.o)
    0x080005a2   0x080005a2   0x00000064   Code   RO         9369    .text               c_w.l(rt_memcpy_w.o)
    0x08000606   0x08000606   0x0000004e   Code   RO         9371    .text               c_w.l(rt_memclr_w.o)
    0x08000654   0x08000654   0x00000006   Code   RO         9373    .text               c_w.l(heapauxi.o)
    0x0800065a   0x0800065a   0x00000016   Code   RO         9458    .text               c_w.l(_rserrno.o)
    0x08000670   0x08000670   0x00000008   Code   RO         9536    .text               c_w.l(rt_errno_addr_intlibspace.o)
    0x08000678   0x08000678   0x00000008   Code   RO         9540    .text               c_w.l(libspace.o)
    0x08000680   0x08000680   0x0000004a   Code   RO         9543    .text               c_w.l(sys_stackheap_outer.o)
    0x080006ca   0x080006ca   0x00000012   Code   RO         9545    .text               c_w.l(exit.o)
    0x080006dc   0x080006dc   0x0000000c   Code   RO         9614    .text               c_w.l(sys_exit.o)
    0x080006e8   0x080006e8   0x00000002   Code   RO         9633    .text               c_w.l(use_no_semi.o)
    0x080006ea   0x080006ea   0x00000000   Code   RO         9635    .text               c_w.l(indicate_semi.o)
    0x080006ea   0x080006ea   0x00000002   PAD
    0x080006ec   0x080006ec   0x0000013c   Code   RO         8677    i.ARM_INIT          arm.o
    0x08000828   0x08000828   0x00000274   Code   RO         8678    i.ARM_TASK          arm.o
    0x08000a9c   0x08000a9c   0x00000030   Code   RO         7593    i.Append_CRC16_Check_Sum  crc8_crc16.o
    0x08000acc   0x08000acc   0x00000026   Code   RO         7594    i.Append_CRC8_Check_Sum  crc8_crc16.o
    0x08000af2   0x08000af2   0x00000002   PAD
    0x08000af4   0x08000af4   0x00000014   Code   RO         8089    i.BMI088_ACCEL_NS_H  bmi088middleware.o
    0x08000b08   0x08000b08   0x00000014   Code   RO         8090    i.BMI088_ACCEL_NS_L  bmi088middleware.o
    0x08000b1c   0x08000b1c   0x00000002   Code   RO         8091    i.BMI088_GPIO_init  bmi088middleware.o
    0x08000b1e   0x08000b1e   0x00000002   PAD
    0x08000b20   0x08000b20   0x00000014   Code   RO         8092    i.BMI088_GYRO_NS_H  bmi088middleware.o
    0x08000b34   0x08000b34   0x00000014   Code   RO         8093    i.BMI088_GYRO_NS_L  bmi088middleware.o
    0x08000b48   0x08000b48   0x00000002   Code   RO         8094    i.BMI088_com_init   bmi088middleware.o
    0x08000b4a   0x08000b4a   0x0000001a   Code   RO         8095    i.BMI088_delay_ms   bmi088middleware.o
    0x08000b64   0x08000b64   0x0000004a   Code   RO         8096    i.BMI088_delay_us   bmi088middleware.o
    0x08000bae   0x08000bae   0x0000001c   Code   RO         8022    i.BMI088_init       bmi088driver.o
    0x08000bca   0x08000bca   0x00000002   PAD
    0x08000bcc   0x08000bcc   0x00000170   Code   RO         8023    i.BMI088_read       bmi088driver.o
    0x08000d3c   0x08000d3c   0x00000026   Code   RO         8024    i.BMI088_read_muli_reg  bmi088driver.o
    0x08000d62   0x08000d62   0x00000018   Code   RO         8025    i.BMI088_read_single_reg  bmi088driver.o
    0x08000d7a   0x08000d7a   0x00000002   PAD
    0x08000d7c   0x08000d7c   0x00000020   Code   RO         8097    i.BMI088_read_write_byte  bmi088middleware.o
    0x08000d9c   0x08000d9c   0x00000014   Code   RO         8026    i.BMI088_write_single_reg  bmi088driver.o
    0x08000db0   0x08000db0   0x00000004   Code   RO          616    i.BusFault_Handler  stm32h7xx_it.o
    0x08000db4   0x08000db4   0x00000044   Code   RO         1003    i.CDC_Control_HS    usbd_cdc_if.o
    0x08000df8   0x08000df8   0x00000004   Code   RO         1004    i.CDC_DeInit_HS     usbd_cdc_if.o
    0x08000dfc   0x08000dfc   0x00000024   Code   RO         1005    i.CDC_Init_HS       usbd_cdc_if.o
    0x08000e20   0x08000e20   0x00000028   Code   RO         1006    i.CDC_Receive_HS    usbd_cdc_if.o
    0x08000e48   0x08000e48   0x0000000c   Code   RO         1007    i.CDC_TransmitCplt_HS  usbd_cdc_if.o
    0x08000e54   0x08000e54   0x00000038   Code   RO         1008    i.CDC_Transmit_HS   usbd_cdc_if.o
    0x08000e8c   0x08000e8c   0x000000fc   Code   RO         8838    i.CHASSIS_INIT      chassis.o
    0x08000f88   0x08000f88   0x00000264   Code   RO         8839    i.CHASSIS_TASK      chassis.o
    0x080011ec   0x080011ec   0x00000010   Code   RO          617    i.DMA1_Stream0_IRQHandler  stm32h7xx_it.o
    0x080011fc   0x080011fc   0x00000010   Code   RO          618    i.DMA1_Stream1_IRQHandler  stm32h7xx_it.o
    0x0800120c   0x0800120c   0x00000010   Code   RO          619    i.DMA1_Stream2_IRQHandler  stm32h7xx_it.o
    0x0800121c   0x0800121c   0x00000010   Code   RO          620    i.DMA1_Stream3_IRQHandler  stm32h7xx_it.o
    0x0800122c   0x0800122c   0x00000010   Code   RO          621    i.DMA1_Stream4_IRQHandler  stm32h7xx_it.o
    0x0800123c   0x0800123c   0x00000010   Code   RO          622    i.DMA1_Stream5_IRQHandler  stm32h7xx_it.o
    0x0800124c   0x0800124c   0x00000010   Code   RO          623    i.DMA1_Stream6_IRQHandler  stm32h7xx_it.o
    0x0800125c   0x0800125c   0x00000010   Code   RO          624    i.DMA1_Stream7_IRQHandler  stm32h7xx_it.o
    0x0800126c   0x0800126c   0x000000ec   Code   RO         2619    i.DMA_CalcBaseAndBitshift  stm32h7xx_hal_dma.o
    0x08001358   0x08001358   0x000000c4   Code   RO         2620    i.DMA_CalcDMAMUXChannelBaseAndMask  stm32h7xx_hal_dma.o
    0x0800141c   0x0800141c   0x00000098   Code   RO         2621    i.DMA_CalcDMAMUXRequestGenBaseAndMask  stm32h7xx_hal_dma.o
    0x080014b4   0x080014b4   0x000000ae   Code   RO         2622    i.DMA_CheckFifoParam  stm32h7xx_hal_dma.o
    0x08001562   0x08001562   0x00000002   PAD
    0x08001564   0x08001564   0x00000274   Code   RO         2623    i.DMA_SetConfig     stm32h7xx_hal_dma.o
    0x080017d8   0x080017d8   0x00000030   Code   RO         7431    i.DWT_CNT_Update    bsp_dwt.o
    0x08001808   0x08001808   0x0000003c   Code   RO         7432    i.DWT_Delay         bsp_dwt.o
    0x08001844   0x08001844   0x0000004c   Code   RO         7433    i.DWT_GetDeltaT     bsp_dwt.o
    0x08001890   0x08001890   0x00000068   Code   RO         7438    i.DWT_Init          bsp_dwt.o
    0x080018f8   0x080018f8   0x00000002   Code   RO          625    i.DebugMon_Handler  stm32h7xx_it.o
    0x080018fa   0x080018fa   0x00000014   Code   RO          626    i.EXTI15_10_IRQHandler  stm32h7xx_it.o
    0x0800190e   0x0800190e   0x00000006   Code   RO           13    i.Error_Handler     main.o
    0x08001914   0x08001914   0x00000010   Code   RO          627    i.FDCAN1_IT0_IRQHandler  stm32h7xx_it.o
    0x08001924   0x08001924   0x00000010   Code   RO          628    i.FDCAN1_IT1_IRQHandler  stm32h7xx_it.o
    0x08001934   0x08001934   0x00000010   Code   RO          629    i.FDCAN2_IT0_IRQHandler  stm32h7xx_it.o
    0x08001944   0x08001944   0x00000010   Code   RO          630    i.FDCAN2_IT1_IRQHandler  stm32h7xx_it.o
    0x08001954   0x08001954   0x00000010   Code   RO          631    i.FDCAN3_IT0_IRQHandler  stm32h7xx_it.o
    0x08001964   0x08001964   0x00000010   Code   RO          632    i.FDCAN3_IT1_IRQHandler  stm32h7xx_it.o
    0x08001974   0x08001974   0x00000220   Code   RO         4418    i.FDCAN_CalcultateRamBlockAddresses  stm32h7xx_hal_fdcan.o
    0x08001b94   0x08001b94   0x000000d0   Code   RO         4419    i.FDCAN_CopyMessageToRAM  stm32h7xx_hal_fdcan.o
    0x08001c64   0x08001c64   0x00000034   Code   RO         7595    i.Get_CRC16_Check_Sum  crc8_crc16.o
    0x08001c98   0x08001c98   0x00000024   Code   RO         7596    i.Get_CRC8_Check_Sum  crc8_crc16.o
    0x08001cbc   0x08001cbc   0x00000358   Code   RO         8306    i.Get_RC_ctrl_t     rc_protocol.o
    0x08002014   0x08002014   0x00000034   Code   RO          907    i.Get_SerialNum     usbd_desc.o
    0x08002048   0x08002048   0x000004dc   Code   RO         2624    i.HAL_DMA_Abort     stm32h7xx_hal_dma.o
    0x08002524   0x08002524   0x00000398   Code   RO         2625    i.HAL_DMA_Abort_IT  stm32h7xx_hal_dma.o
    0x080028bc   0x080028bc   0x00000af8   Code   RO         2629    i.HAL_DMA_IRQHandler  stm32h7xx_hal_dma.o
    0x080033b4   0x080033b4   0x00000514   Code   RO         2630    i.HAL_DMA_Init      stm32h7xx_hal_dma.o
    0x080038c8   0x080038c8   0x000003e0   Code   RO         2634    i.HAL_DMA_Start_IT  stm32h7xx_hal_dma.o
    0x08003ca8   0x08003ca8   0x00000028   Code   RO         3479    i.HAL_Delay         stm32h7xx_hal.o
    0x08003cd0   0x08003cd0   0x000000a8   Code   RO         4421    i.HAL_FDCAN_ActivateNotification  stm32h7xx_hal_fdcan.o
    0x08003d78   0x08003d78   0x00000090   Code   RO         4423    i.HAL_FDCAN_AddMessageToTxFifoQ  stm32h7xx_hal_fdcan.o
    0x08003e08   0x08003e08   0x00000002   Code   RO         4424    i.HAL_FDCAN_ClockCalibrationCallback  stm32h7xx_hal_fdcan.o
    0x08003e0a   0x08003e0a   0x0000006c   Code   RO         4427    i.HAL_FDCAN_ConfigFifoWatermark  stm32h7xx_hal_fdcan.o
    0x08003e76   0x08003e76   0x000000a8   Code   RO         4428    i.HAL_FDCAN_ConfigFilter  stm32h7xx_hal_fdcan.o
    0x08003f1e   0x08003f1e   0x00000034   Code   RO         4429    i.HAL_FDCAN_ConfigGlobalFilter  stm32h7xx_hal_fdcan.o
    0x08003f52   0x08003f52   0x00000002   Code   RO         4450    i.HAL_FDCAN_ErrorCallback  stm32h7xx_hal_fdcan.o
    0x08003f54   0x08003f54   0x00000002   Code   RO         4451    i.HAL_FDCAN_ErrorStatusCallback  stm32h7xx_hal_fdcan.o
    0x08003f56   0x08003f56   0x00000002   PAD
    0x08003f58   0x08003f58   0x000001f4   Code   RO         4462    i.HAL_FDCAN_GetRxMessage  stm32h7xx_hal_fdcan.o
    0x0800414c   0x0800414c   0x00000002   Code   RO         4468    i.HAL_FDCAN_HighPriorityMessageCallback  stm32h7xx_hal_fdcan.o
    0x0800414e   0x0800414e   0x00000002   PAD
    0x08004150   0x08004150   0x000003d4   Code   RO         4469    i.HAL_FDCAN_IRQHandler  stm32h7xx_hal_fdcan.o
    0x08004524   0x08004524   0x000002e0   Code   RO         4470    i.HAL_FDCAN_Init    stm32h7xx_hal_fdcan.o
    0x08004804   0x08004804   0x0000023c   Code   RO          376    i.HAL_FDCAN_MspInit  fdcan.o
    0x08004a40   0x08004a40   0x00000002   Code   RO         4479    i.HAL_FDCAN_RxBufferNewMessageCallback  stm32h7xx_hal_fdcan.o
    0x08004a42   0x08004a42   0x00000002   PAD
    0x08004a44   0x08004a44   0x00000034   Code   RO         7508    i.HAL_FDCAN_RxFifo0Callback  bsp_fdcan.o
    0x08004a78   0x08004a78   0x00000002   Code   RO         4481    i.HAL_FDCAN_RxFifo1Callback  stm32h7xx_hal_fdcan.o
    0x08004a7a   0x08004a7a   0x00000034   Code   RO         4482    i.HAL_FDCAN_Start   stm32h7xx_hal_fdcan.o
    0x08004aae   0x08004aae   0x00000002   Code   RO         4504    i.HAL_FDCAN_TT_GlobalTimeCallback  stm32h7xx_hal_fdcan.o
    0x08004ab0   0x08004ab0   0x00000002   Code   RO         4505    i.HAL_FDCAN_TT_ScheduleSyncCallback  stm32h7xx_hal_fdcan.o
    0x08004ab2   0x08004ab2   0x00000002   Code   RO         4510    i.HAL_FDCAN_TT_StopWatchCallback  stm32h7xx_hal_fdcan.o
    0x08004ab4   0x08004ab4   0x00000002   Code   RO         4511    i.HAL_FDCAN_TT_TimeMarkCallback  stm32h7xx_hal_fdcan.o
    0x08004ab6   0x08004ab6   0x00000002   Code   RO         4512    i.HAL_FDCAN_TimeoutOccurredCallback  stm32h7xx_hal_fdcan.o
    0x08004ab8   0x08004ab8   0x00000002   Code   RO         4513    i.HAL_FDCAN_TimestampWraparoundCallback  stm32h7xx_hal_fdcan.o
    0x08004aba   0x08004aba   0x00000002   Code   RO         4514    i.HAL_FDCAN_TxBufferAbortCallback  stm32h7xx_hal_fdcan.o
    0x08004abc   0x08004abc   0x00000002   Code   RO         4515    i.HAL_FDCAN_TxBufferCompleteCallback  stm32h7xx_hal_fdcan.o
    0x08004abe   0x08004abe   0x00000002   Code   RO         4516    i.HAL_FDCAN_TxEventFifoCallback  stm32h7xx_hal_fdcan.o
    0x08004ac0   0x08004ac0   0x00000002   Code   RO         4517    i.HAL_FDCAN_TxFifoEmptyCallback  stm32h7xx_hal_fdcan.o
    0x08004ac2   0x08004ac2   0x00000002   PAD
    0x08004ac4   0x08004ac4   0x00000020   Code   RO         7706    i.HAL_GPIO_EXTI_Callback  kf_imu.o
    0x08004ae4   0x08004ae4   0x0000001c   Code   RO         2471    i.HAL_GPIO_EXTI_IRQHandler  stm32h7xx_hal_gpio.o
    0x08004b00   0x08004b00   0x000001f0   Code   RO         2472    i.HAL_GPIO_Init     stm32h7xx_hal_gpio.o
    0x08004cf0   0x08004cf0   0x0000000c   Code   RO         2476    i.HAL_GPIO_WritePin  stm32h7xx_hal_gpio.o
    0x08004cfc   0x08004cfc   0x0000000c   Code   RO         3495    i.HAL_GetTick       stm32h7xx_hal.o
    0x08004d08   0x08004d08   0x00000018   Code   RO         3501    i.HAL_IncTick       stm32h7xx_hal.o
    0x08004d20   0x08004d20   0x00000060   Code   RO         3502    i.HAL_Init          stm32h7xx_hal.o
    0x08004d80   0x08004d80   0x00000058   Code   RO         3503    i.HAL_InitTick      stm32h7xx_hal.o
    0x08004dd8   0x08004dd8   0x00000024   Code   RO          848    i.HAL_MspInit       stm32h7xx_hal_msp.o
    0x08004dfc   0x08004dfc   0x00000028   Code   RO         3322    i.HAL_NVIC_EnableIRQ  stm32h7xx_hal_cortex.o
    0x08004e24   0x08004e24   0x0000007a   Code   RO         3328    i.HAL_NVIC_SetPriority  stm32h7xx_hal_cortex.o
    0x08004e9e   0x08004e9e   0x00000002   PAD
    0x08004ea0   0x08004ea0   0x00000028   Code   RO         3329    i.HAL_NVIC_SetPriorityGrouping  stm32h7xx_hal_cortex.o
    0x08004ec8   0x08004ec8   0x00000028   Code   RO         1517    i.HAL_PCDEx_ActivateLPM  stm32h7xx_hal_pcd_ex.o
    0x08004ef0   0x08004ef0   0x00000002   Code   RO         1522    i.HAL_PCDEx_LPM_Callback  stm32h7xx_hal_pcd_ex.o
    0x08004ef2   0x08004ef2   0x0000000a   Code   RO         1523    i.HAL_PCDEx_SetRxFiFo  stm32h7xx_hal_pcd_ex.o
    0x08004efc   0x08004efc   0x0000004e   Code   RO         1524    i.HAL_PCDEx_SetTxFiFo  stm32h7xx_hal_pcd_ex.o
    0x08004f4a   0x08004f4a   0x0000000e   Code   RO         1068    i.HAL_PCD_ConnectCallback  usbd_conf.o
    0x08004f58   0x08004f58   0x00000020   Code   RO         1069    i.HAL_PCD_DataInStageCallback  usbd_conf.o
    0x08004f78   0x08004f78   0x00000020   Code   RO         1070    i.HAL_PCD_DataOutStageCallback  usbd_conf.o
    0x08004f98   0x08004f98   0x0000000e   Code   RO         1071    i.HAL_PCD_DisconnectCallback  usbd_conf.o
    0x08004fa6   0x08004fa6   0x00000042   Code   RO         1288    i.HAL_PCD_EP_Abort  stm32h7xx_hal_pcd.o
    0x08004fe8   0x08004fe8   0x0000006a   Code   RO         1289    i.HAL_PCD_EP_Close  stm32h7xx_hal_pcd.o
    0x08005052   0x08005052   0x0000007c   Code   RO         1290    i.HAL_PCD_EP_ClrStall  stm32h7xx_hal_pcd.o
    0x080050ce   0x080050ce   0x00000016   Code   RO         1292    i.HAL_PCD_EP_GetRxCount  stm32h7xx_hal_pcd.o
    0x080050e4   0x080050e4   0x0000008c   Code   RO         1293    i.HAL_PCD_EP_Open   stm32h7xx_hal_pcd.o
    0x08005170   0x08005170   0x00000046   Code   RO         1294    i.HAL_PCD_EP_Receive  stm32h7xx_hal_pcd.o
    0x080051b6   0x080051b6   0x0000008a   Code   RO         1295    i.HAL_PCD_EP_SetStall  stm32h7xx_hal_pcd.o
    0x08005240   0x08005240   0x00000048   Code   RO         1296    i.HAL_PCD_EP_Transmit  stm32h7xx_hal_pcd.o
    0x08005288   0x08005288   0x0000070e   Code   RO         1298    i.HAL_PCD_IRQHandler  stm32h7xx_hal_pcd.o
    0x08005996   0x08005996   0x00000012   Code   RO         1072    i.HAL_PCD_ISOINIncompleteCallback  usbd_conf.o
    0x080059a8   0x080059a8   0x00000012   Code   RO         1073    i.HAL_PCD_ISOOUTIncompleteCallback  usbd_conf.o
    0x080059ba   0x080059ba   0x0000015e   Code   RO         1301    i.HAL_PCD_Init      stm32h7xx_hal_pcd.o
    0x08005b18   0x08005b18   0x00000070   Code   RO         1075    i.HAL_PCD_MspInit   usbd_conf.o
    0x08005b88   0x08005b88   0x00000030   Code   RO         1076    i.HAL_PCD_ResetCallback  usbd_conf.o
    0x08005bb8   0x08005bb8   0x0000000e   Code   RO         1077    i.HAL_PCD_ResumeCallback  usbd_conf.o
    0x08005bc6   0x08005bc6   0x0000000e   Code   RO         1078    i.HAL_PCD_SOFCallback  usbd_conf.o
    0x08005bd4   0x08005bd4   0x00000034   Code   RO         1307    i.HAL_PCD_SetAddress  stm32h7xx_hal_pcd.o
    0x08005c08   0x08005c08   0x00000012   Code   RO         1079    i.HAL_PCD_SetupStageCallback  usbd_conf.o
    0x08005c1a   0x08005c1a   0x0000004c   Code   RO         1310    i.HAL_PCD_Start     stm32h7xx_hal_pcd.o
    0x08005c66   0x08005c66   0x00000002   PAD
    0x08005c68   0x08005c68   0x00000034   Code   RO         1080    i.HAL_PCD_SuspendCallback  usbd_conf.o
    0x08005c9c   0x08005c9c   0x00000060   Code   RO         3073    i.HAL_PWREx_ConfigSupply  stm32h7xx_hal_pwr_ex.o
    0x08005cfc   0x08005cfc   0x00000014   Code   RO         3090    i.HAL_PWREx_EnableUSBVoltageDetector  stm32h7xx_hal_pwr_ex.o
    0x08005d10   0x08005d10   0x00000024   Code   RO         2015    i.HAL_RCCEx_GetD3PCLK1Freq  stm32h7xx_hal_rcc_ex.o
    0x08005d34   0x08005d34   0x00000230   Code   RO         2017    i.HAL_RCCEx_GetPLL2ClockFreq  stm32h7xx_hal_rcc_ex.o
    0x08005f64   0x08005f64   0x00000230   Code   RO         2018    i.HAL_RCCEx_GetPLL3ClockFreq  stm32h7xx_hal_rcc_ex.o
    0x08006194   0x08006194   0x00000cc8   Code   RO         2024    i.HAL_RCCEx_PeriphCLKConfig  stm32h7xx_hal_rcc_ex.o
    0x08006e5c   0x08006e5c   0x00000320   Code   RO         1900    i.HAL_RCC_ClockConfig  stm32h7xx_hal_rcc.o
    0x0800717c   0x0800717c   0x0000004c   Code   RO         1905    i.HAL_RCC_GetHCLKFreq  stm32h7xx_hal_rcc.o
    0x080071c8   0x080071c8   0x00000024   Code   RO         1907    i.HAL_RCC_GetPCLK1Freq  stm32h7xx_hal_rcc.o
    0x080071ec   0x080071ec   0x00000024   Code   RO         1908    i.HAL_RCC_GetPCLK2Freq  stm32h7xx_hal_rcc.o
    0x08007210   0x08007210   0x0000022c   Code   RO         1909    i.HAL_RCC_GetSysClockFreq  stm32h7xx_hal_rcc.o
    0x0800743c   0x0800743c   0x0000075c   Code   RO         1912    i.HAL_RCC_OscConfig  stm32h7xx_hal_rcc.o
    0x08007b98   0x08007b98   0x00000098   Code   RO         6824    i.HAL_RS485Ex_Init  stm32h7xx_hal_uart_ex.o
    0x08007c30   0x08007c30   0x000001b0   Code   RO         5047    i.HAL_SPI_Init      stm32h7xx_hal_spi.o
    0x08007de0   0x08007de0   0x0000015c   Code   RO          449    i.HAL_SPI_MspInit   spi.o
    0x08007f3c   0x08007f3c   0x00000454   Code   RO         5057    i.HAL_SPI_TransmitReceive  stm32h7xx_hal_spi.o
    0x08008390   0x08008390   0x00000034   Code   RO         3333    i.HAL_SYSTICK_Config  stm32h7xx_hal_cortex.o
    0x080083c4   0x080083c4   0x000000c8   Code   RO         6101    i.HAL_TIMEx_ConfigBreakDeadTime  stm32h7xx_hal_tim_ex.o
    0x0800848c   0x0800848c   0x000000e4   Code   RO         6120    i.HAL_TIMEx_MasterConfigSynchronization  stm32h7xx_hal_tim_ex.o
    0x08008570   0x08008570   0x0000006e   Code   RO         5372    i.HAL_TIM_Base_Init  stm32h7xx_hal_tim.o
    0x080085de   0x080085de   0x00000002   PAD
    0x080085e0   0x080085e0   0x0000005c   Code   RO          497    i.HAL_TIM_Base_MspInit  tim.o
    0x0800863c   0x0800863c   0x00000134   Code   RO         5381    i.HAL_TIM_ConfigClockSource  stm32h7xx_hal_tim.o
    0x08008770   0x08008770   0x000000a4   Code   RO          498    i.HAL_TIM_MspPostInit  tim.o
    0x08008814   0x08008814   0x00000170   Code   RO         5444    i.HAL_TIM_PWM_ConfigChannel  stm32h7xx_hal_tim.o
    0x08008984   0x08008984   0x0000006e   Code   RO         5447    i.HAL_TIM_PWM_Init  stm32h7xx_hal_tim.o
    0x080089f2   0x080089f2   0x00000002   Code   RO         5449    i.HAL_TIM_PWM_MspInit  stm32h7xx_hal_tim.o
    0x080089f4   0x080089f4   0x0000017c   Code   RO         5452    i.HAL_TIM_PWM_Start  stm32h7xx_hal_tim.o
    0x08008b70   0x08008b70   0x0000004e   Code   RO         6825    i.HAL_UARTEx_DisableFifoMode  stm32h7xx_hal_uart_ex.o
    0x08008bbe   0x08008bbe   0x00000060   Code   RO         6832    i.HAL_UARTEx_ReceiveToIdle_IT  stm32h7xx_hal_uart_ex.o
    0x08008c1e   0x08008c1e   0x00000002   Code   RO         6409    i.HAL_UARTEx_RxEventCallback  stm32h7xx_hal_uart.o
    0x08008c20   0x08008c20   0x00000002   Code   RO         6833    i.HAL_UARTEx_RxFifoFullCallback  stm32h7xx_hal_uart_ex.o
    0x08008c22   0x08008c22   0x0000005e   Code   RO         6834    i.HAL_UARTEx_SetRxFifoThreshold  stm32h7xx_hal_uart_ex.o
    0x08008c80   0x08008c80   0x0000005e   Code   RO         6835    i.HAL_UARTEx_SetTxFifoThreshold  stm32h7xx_hal_uart_ex.o
    0x08008cde   0x08008cde   0x00000002   Code   RO         6837    i.HAL_UARTEx_TxFifoEmptyCallback  stm32h7xx_hal_uart_ex.o
    0x08008ce0   0x08008ce0   0x00000002   Code   RO         6838    i.HAL_UARTEx_WakeupCallback  stm32h7xx_hal_uart_ex.o
    0x08008ce2   0x08008ce2   0x00000002   Code   RO         6425    i.HAL_UART_ErrorCallback  stm32h7xx_hal_uart.o
    0x08008ce4   0x08008ce4   0x00000494   Code   RO         6428    i.HAL_UART_IRQHandler  stm32h7xx_hal_uart.o
    0x08009178   0x08009178   0x00000078   Code   RO         6429    i.HAL_UART_Init     stm32h7xx_hal_uart.o
    0x080091f0   0x080091f0   0x000005cc   Code   RO          551    i.HAL_UART_MspInit  usart.o
    0x080097bc   0x080097bc   0x00000002   Code   RO         6436    i.HAL_UART_RxCpltCallback  stm32h7xx_hal_uart.o
    0x080097be   0x080097be   0x00000002   PAD
    0x080097c0   0x080097c0   0x000000a0   Code   RO         6439    i.HAL_UART_Transmit_DMA  stm32h7xx_hal_uart.o
    0x08009860   0x08009860   0x00000002   Code   RO         6441    i.HAL_UART_TxCpltCallback  stm32h7xx_hal_uart.o
    0x08009862   0x08009862   0x00000002   Code   RO         6442    i.HAL_UART_TxHalfCpltCallback  stm32h7xx_hal_uart.o
    0x08009864   0x08009864   0x00000004   Code   RO          633    i.HardFault_Handler  stm32h7xx_it.o
    0x08009868   0x08009868   0x0000003c   Code   RO         8679    i.Height_Calculation  arm.o
    0x080098a4   0x080098a4   0x0000003e   Code   RO          908    i.IntToUnicode      usbd_desc.o
    0x080098e2   0x080098e2   0x00000002   PAD
    0x080098e4   0x080098e4   0x00000160   Code   RO         8273    i.M2006_fbkdata     m2006motors.o
    0x08009a44   0x08009a44   0x00000026   Code   RO         8274    i.M2006_init        m2006motors.o
    0x08009a6a   0x08009a6a   0x00000002   PAD
    0x08009a6c   0x08009a6c   0x00000164   Code   RO         8159    i.M3508_fbkdata     m3508motors.o
    0x08009bd0   0x08009bd0   0x00000038   Code   RO         8160    i.M3508_init        m3508motors.o
    0x08009c08   0x08009c08   0x000000a4   Code   RO          351    i.MX_DMA_Init       dma.o
    0x08009cac   0x08009cac   0x00000084   Code   RO          377    i.MX_FDCAN1_Init    fdcan.o
    0x08009d30   0x08009d30   0x00000084   Code   RO          378    i.MX_FDCAN2_Init    fdcan.o
    0x08009db4   0x08009db4   0x00000084   Code   RO          379    i.MX_FDCAN3_Init    fdcan.o
    0x08009e38   0x08009e38   0x00000150   Code   RO          320    i.MX_GPIO_Init      gpio.o
    0x08009f88   0x08009f88   0x00000064   Code   RO          450    i.MX_SPI2_Init      spi.o
    0x08009fec   0x08009fec   0x00000064   Code   RO          451    i.MX_SPI6_Init      spi.o
    0x0800a050   0x0800a050   0x000000e8   Code   RO          499    i.MX_TIM1_Init      tim.o
    0x0800a138   0x0800a138   0x000000a4   Code   RO          500    i.MX_TIM3_Init      tim.o
    0x0800a1dc   0x0800a1dc   0x00000074   Code   RO          552    i.MX_UART5_Init     usart.o
    0x0800a250   0x0800a250   0x0000006c   Code   RO          553    i.MX_UART7_Init     usart.o
    0x0800a2bc   0x0800a2bc   0x0000006c   Code   RO          554    i.MX_USART10_UART_Init  usart.o
    0x0800a328   0x0800a328   0x00000078   Code   RO          555    i.MX_USART2_UART_Init  usart.o
    0x0800a3a0   0x0800a3a0   0x00000078   Code   RO          556    i.MX_USART3_UART_Init  usart.o
    0x0800a418   0x0800a418   0x00000050   Code   RO          872    i.MX_USB_DEVICE_Init  usb_device.o
    0x0800a468   0x0800a468   0x00000084   Code   RO         8840    i.Magnum_calculate  chassis.o
    0x0800a4ec   0x0800a4ec   0x00000004   Code   RO          634    i.MemManage_Handler  stm32h7xx_it.o
    0x0800a4f0   0x0800a4f0   0x00000004   Code   RO          635    i.NMI_Handler       stm32h7xx_it.o
    0x0800a4f4   0x0800a4f4   0x00000010   Code   RO          636    i.OTG_HS_IRQHandler  stm32h7xx_it.o
    0x0800a504   0x0800a504   0x00000064   Code   RO         1313    i.PCD_EP_OutSetupPacket_int  stm32h7xx_hal_pcd.o
    0x0800a568   0x0800a568   0x00000144   Code   RO         1314    i.PCD_EP_OutXfrComplete_int  stm32h7xx_hal_pcd.o
    0x0800a6ac   0x0800a6ac   0x000000b6   Code   RO         1315    i.PCD_WriteEmptyTxFifo  stm32h7xx_hal_pcd.o
    0x0800a762   0x0800a762   0x00000002   PAD
    0x0800a764   0x0800a764   0x000001f0   Code   RO         7780    i.PID_calc          pid.o
    0x0800a954   0x0800a954   0x0000004c   Code   RO         7782    i.PID_clear         pid.o
    0x0800a9a0   0x0800a9a0   0x00000058   Code   RO         7783    i.PID_init          pid.o
    0x0800a9f8   0x0800a9f8   0x00000002   Code   RO          637    i.PendSV_Handler    stm32h7xx_it.o
    0x0800a9fa   0x0800a9fa   0x00000002   PAD
    0x0800a9fc   0x0800a9fc   0x00000164   Code   RO         2027    i.RCCEx_PLL2_Config  stm32h7xx_hal_rcc_ex.o
    0x0800ab60   0x0800ab60   0x00000164   Code   RO         2028    i.RCCEx_PLL3_Config  stm32h7xx_hal_rcc_ex.o
    0x0800acc4   0x0800acc4   0x00000064   Code   RO         8907    i.ROBOT_CMD_INIT    robot_cmd.o
    0x0800ad28   0x0800ad28   0x00000338   Code   RO         8908    i.ROBOT_CMD_TASK    robot_cmd.o
    0x0800b060   0x0800b060   0x00000038   Code   RO         8680    i.Roll_Calculation  arm.o
    0x0800b098   0x0800b098   0x000000d6   Code   RO         5067    i.SPI_CloseTransfer  stm32h7xx_hal_spi.o
    0x0800b16e   0x0800b16e   0x0000001a   Code   RO         5078    i.SPI_GetPacketSize  stm32h7xx_hal_spi.o
    0x0800b188   0x0800b188   0x00000042   Code   RO         5085    i.SPI_WaitOnFlagUntilTimeout  stm32h7xx_hal_spi.o
    0x0800b1ca   0x0800b1ca   0x00000002   Code   RO         9137    i.SUCKER_INIT       sucker.o
    0x0800b1cc   0x0800b1cc   0x0000002c   Code   RO         9138    i.SUCKER_TASK       sucker.o
    0x0800b1f8   0x0800b1f8   0x00000002   Code   RO          638    i.SVC_Handler       stm32h7xx_it.o
    0x0800b1fa   0x0800b1fa   0x00000012   Code   RO         7151    i.SWAPBYTE          usbd_ctlreq.o
    0x0800b20c   0x0800b20c   0x00000008   Code   RO          639    i.SysTick_Handler   stm32h7xx_it.o
    0x0800b214   0x0800b214   0x000000c0   Code   RO           14    i.SystemClock_Config  main.o
    0x0800b2d4   0x0800b2d4   0x000000e0   Code   RO         6949    i.SystemInit        system_stm32h7xx.o
    0x0800b3b4   0x0800b3b4   0x000000f0   Code   RO         5465    i.TIM_Base_SetConfig  stm32h7xx_hal_tim.o
    0x0800b4a4   0x0800b4a4   0x00000022   Code   RO         5466    i.TIM_CCxChannelCmd  stm32h7xx_hal_tim.o
    0x0800b4c6   0x0800b4c6   0x00000016   Code   RO         5476    i.TIM_ETR_SetConfig  stm32h7xx_hal_tim.o
    0x0800b4dc   0x0800b4dc   0x00000018   Code   RO         5477    i.TIM_ITRx_SetConfig  stm32h7xx_hal_tim.o
    0x0800b4f4   0x0800b4f4   0x000000ac   Code   RO         5478    i.TIM_OC1_SetConfig  stm32h7xx_hal_tim.o
    0x0800b5a0   0x0800b5a0   0x000000b4   Code   RO         5479    i.TIM_OC2_SetConfig  stm32h7xx_hal_tim.o
    0x0800b654   0x0800b654   0x000000b4   Code   RO         5480    i.TIM_OC3_SetConfig  stm32h7xx_hal_tim.o
    0x0800b708   0x0800b708   0x00000074   Code   RO         5481    i.TIM_OC4_SetConfig  stm32h7xx_hal_tim.o
    0x0800b77c   0x0800b77c   0x00000070   Code   RO         5482    i.TIM_OC5_SetConfig  stm32h7xx_hal_tim.o
    0x0800b7ec   0x0800b7ec   0x00000070   Code   RO         5483    i.TIM_OC6_SetConfig  stm32h7xx_hal_tim.o
    0x0800b85c   0x0800b85c   0x00000026   Code   RO         5485    i.TIM_TI1_ConfigInputStage  stm32h7xx_hal_tim.o
    0x0800b882   0x0800b882   0x00000028   Code   RO         5487    i.TIM_TI2_ConfigInputStage  stm32h7xx_hal_tim.o
    0x0800b8aa   0x0800b8aa   0x00000002   PAD
    0x0800b8ac   0x0800b8ac   0x0000002c   Code   RO          640    i.UART5_IRQHandler  stm32h7xx_it.o
    0x0800b8d8   0x0800b8d8   0x00000028   Code   RO          641    i.UART7_IRQHandler  stm32h7xx_it.o
    0x0800b900   0x0800b900   0x00000058   Code   RO         6839    i.UARTEx_SetNbDataToProcess  stm32h7xx_hal_uart_ex.o
    0x0800b958   0x0800b958   0x000000f8   Code   RO         6443    i.UART_AdvFeatureConfig  stm32h7xx_hal_uart.o
    0x0800ba50   0x0800ba50   0x000000ea   Code   RO         6444    i.UART_CheckIdleState  stm32h7xx_hal_uart.o
    0x0800bb3a   0x0800bb3a   0x00000018   Code   RO         6445    i.UART_DMAAbortOnError  stm32h7xx_hal_uart.o
    0x0800bb52   0x0800bb52   0x0000005e   Code   RO         6446    i.UART_DMAError     stm32h7xx_hal_uart.o
    0x0800bbb0   0x0800bbb0   0x00000054   Code   RO         6451    i.UART_DMATransmitCplt  stm32h7xx_hal_uart.o
    0x0800bc04   0x0800bc04   0x0000000e   Code   RO         6453    i.UART_DMATxHalfCplt  stm32h7xx_hal_uart.o
    0x0800bc12   0x0800bc12   0x00000002   PAD
    0x0800bc14   0x0800bc14   0x0000006c   Code   RO         6455    i.UART_EndRxTransfer  stm32h7xx_hal_uart.o
    0x0800bc80   0x0800bc80   0x00000030   Code   RO         6456    i.UART_EndTransmit_IT  stm32h7xx_hal_uart.o
    0x0800bcb0   0x0800bcb0   0x00000040   Code   RO         6457    i.UART_EndTxTransfer  stm32h7xx_hal_uart.o
    0x0800bcf0   0x0800bcf0   0x00000104   Code   RO         6458    i.UART_RxISR_16BIT  stm32h7xx_hal_uart.o
    0x0800bdf4   0x0800bdf4   0x000001fc   Code   RO         6459    i.UART_RxISR_16BIT_FIFOEN  stm32h7xx_hal_uart.o
    0x0800bff0   0x0800bff0   0x00000104   Code   RO         6460    i.UART_RxISR_8BIT   stm32h7xx_hal_uart.o
    0x0800c0f4   0x0800c0f4   0x000001f8   Code   RO         6461    i.UART_RxISR_8BIT_FIFOEN  stm32h7xx_hal_uart.o
    0x0800c2ec   0x0800c2ec   0x00000628   Code   RO         6462    i.UART_SetConfig    stm32h7xx_hal_uart.o
    0x0800c914   0x0800c914   0x0000015c   Code   RO         6464    i.UART_Start_Receive_IT  stm32h7xx_hal_uart.o
    0x0800ca70   0x0800ca70   0x000000ac   Code   RO         6469    i.UART_WaitOnFlagUntilTimeout  stm32h7xx_hal_uart.o
    0x0800cb1c   0x0800cb1c   0x00000028   Code   RO         9216    i.UI_INIT           ui_task.o
    0x0800cb44   0x0800cb44   0x00000058   Code   RO         9217    i.UI_TASK           ui_task.o
    0x0800cb9c   0x0800cb9c   0x00000034   Code   RO          642    i.USART10_IRQHandler  stm32h7xx_it.o
    0x0800cbd0   0x0800cbd0   0x00000010   Code   RO          643    i.USART2_IRQHandler  stm32h7xx_it.o
    0x0800cbe0   0x0800cbe0   0x00000010   Code   RO          644    i.USART3_IRQHandler  stm32h7xx_it.o
    0x0800cbf0   0x0800cbf0   0x000000c4   Code   RO         7322    i.USBD_CDC_DataIn   usbd_cdc.o
    0x0800ccb4   0x0800ccb4   0x00000048   Code   RO         7323    i.USBD_CDC_DataOut  usbd_cdc.o
    0x0800ccfc   0x0800ccfc   0x000000d4   Code   RO         7324    i.USBD_CDC_DeInit   usbd_cdc.o
    0x0800cdd0   0x0800cdd0   0x00000050   Code   RO         7325    i.USBD_CDC_EP0_RxReady  usbd_cdc.o
    0x0800ce20   0x0800ce20   0x00000010   Code   RO         7326    i.USBD_CDC_GetDeviceQualifierDescriptor  usbd_cdc.o
    0x0800ce30   0x0800ce30   0x00000044   Code   RO         7327    i.USBD_CDC_GetFSCfgDesc  usbd_cdc.o
    0x0800ce74   0x0800ce74   0x00000048   Code   RO         7328    i.USBD_CDC_GetHSCfgDesc  usbd_cdc.o
    0x0800cebc   0x0800cebc   0x00000044   Code   RO         7329    i.USBD_CDC_GetOtherSpeedCfgDesc  usbd_cdc.o
    0x0800cf00   0x0800cf00   0x000001a0   Code   RO         7330    i.USBD_CDC_Init     usbd_cdc.o
    0x0800d0a0   0x0800d0a0   0x00000050   Code   RO         7331    i.USBD_CDC_ReceivePacket  usbd_cdc.o
    0x0800d0f0   0x0800d0f0   0x00000018   Code   RO         7332    i.USBD_CDC_RegisterInterface  usbd_cdc.o
    0x0800d108   0x0800d108   0x0000001e   Code   RO         7333    i.USBD_CDC_SetRxBuffer  usbd_cdc.o
    0x0800d126   0x0800d126   0x00000024   Code   RO         7334    i.USBD_CDC_SetTxBuffer  usbd_cdc.o
    0x0800d14a   0x0800d14a   0x00000140   Code   RO         7335    i.USBD_CDC_Setup    usbd_cdc.o
    0x0800d28a   0x0800d28a   0x00000002   PAD
    0x0800d28c   0x0800d28c   0x0000005c   Code   RO         7336    i.USBD_CDC_TransmitPacket  usbd_cdc.o
    0x0800d2e8   0x0800d2e8   0x0000001c   Code   RO         6985    i.USBD_ClrClassConfig  usbd_core.o
    0x0800d304   0x0800d304   0x0000003e   Code   RO         7152    i.USBD_ClrFeature   usbd_ctlreq.o
    0x0800d342   0x0800d342   0x00000006   Code   RO         6986    i.USBD_CoreFindEP   usbd_core.o
    0x0800d348   0x0800d348   0x00000006   Code   RO         6987    i.USBD_CoreFindIF   usbd_core.o
    0x0800d34e   0x0800d34e   0x00000018   Code   RO         7258    i.USBD_CtlContinueRx  usbd_ioreq.o
    0x0800d366   0x0800d366   0x00000018   Code   RO         7259    i.USBD_CtlContinueSendData  usbd_ioreq.o
    0x0800d37e   0x0800d37e   0x00000018   Code   RO         7153    i.USBD_CtlError     usbd_ctlreq.o
    0x0800d396   0x0800d396   0x00000028   Code   RO         7260    i.USBD_CtlPrepareRx  usbd_ioreq.o
    0x0800d3be   0x0800d3be   0x0000001a   Code   RO         7261    i.USBD_CtlReceiveStatus  usbd_ioreq.o
    0x0800d3d8   0x0800d3d8   0x00000022   Code   RO         7262    i.USBD_CtlSendData  usbd_ioreq.o
    0x0800d3fa   0x0800d3fa   0x0000001a   Code   RO         7263    i.USBD_CtlSendStatus  usbd_ioreq.o
    0x0800d414   0x0800d414   0x00000056   Code   RO         7154    i.USBD_GetConfig    usbd_ctlreq.o
    0x0800d46a   0x0800d46a   0x00000232   Code   RO         7155    i.USBD_GetDescriptor  usbd_ctlreq.o
    0x0800d69c   0x0800d69c   0x00000050   Code   RO         6989    i.USBD_GetEpDesc    usbd_core.o
    0x0800d6ec   0x0800d6ec   0x00000016   Code   RO         7156    i.USBD_GetLen       usbd_ctlreq.o
    0x0800d702   0x0800d702   0x00000014   Code   RO         6990    i.USBD_GetNextDesc  usbd_core.o
    0x0800d716   0x0800d716   0x0000005a   Code   RO         7157    i.USBD_GetStatus    usbd_ctlreq.o
    0x0800d770   0x0800d770   0x00000068   Code   RO         7158    i.USBD_GetString    usbd_ctlreq.o
    0x0800d7d8   0x0800d7d8   0x0000002c   Code   RO         1081    i.USBD_Get_USB_Status  usbd_conf.o
    0x0800d804   0x0800d804   0x00000034   Code   RO          909    i.USBD_HS_ConfigStrDescriptor  usbd_desc.o
    0x0800d838   0x0800d838   0x00000010   Code   RO          910    i.USBD_HS_DeviceDescriptor  usbd_desc.o
    0x0800d848   0x0800d848   0x00000038   Code   RO          911    i.USBD_HS_InterfaceStrDescriptor  usbd_desc.o
    0x0800d880   0x0800d880   0x00000010   Code   RO          912    i.USBD_HS_LangIDStrDescriptor  usbd_desc.o
    0x0800d890   0x0800d890   0x0000002c   Code   RO          913    i.USBD_HS_ManufacturerStrDescriptor  usbd_desc.o
    0x0800d8bc   0x0800d8bc   0x00000040   Code   RO          914    i.USBD_HS_ProductStrDescriptor  usbd_desc.o
    0x0800d8fc   0x0800d8fc   0x00000018   Code   RO          915    i.USBD_HS_SerialStrDescriptor  usbd_desc.o
    0x0800d914   0x0800d914   0x0000003a   Code   RO         6991    i.USBD_Init         usbd_core.o
    0x0800d94e   0x0800d94e   0x00000026   Code   RO         1082    i.USBD_LL_ClearStallEP  usbd_conf.o
    0x0800d974   0x0800d974   0x00000026   Code   RO         1083    i.USBD_LL_CloseEP   usbd_conf.o
    0x0800d99a   0x0800d99a   0x00000108   Code   RO         6992    i.USBD_LL_DataInStage  usbd_core.o
    0x0800daa2   0x0800daa2   0x00000102   Code   RO         6993    i.USBD_LL_DataOutStage  usbd_core.o
    0x0800dba4   0x0800dba4   0x00000006   Code   RO         6994    i.USBD_LL_DevConnected  usbd_core.o
    0x0800dbaa   0x0800dbaa   0x00000026   Code   RO         6995    i.USBD_LL_DevDisconnected  usbd_core.o
    0x0800dbd0   0x0800dbd0   0x00000012   Code   RO         1087    i.USBD_LL_GetRxDataSize  usbd_conf.o
    0x0800dbe2   0x0800dbe2   0x00000002   PAD
    0x0800dbe4   0x0800dbe4   0x00000070   Code   RO         1088    i.USBD_LL_Init      usbd_conf.o
    0x0800dc54   0x0800dc54   0x00000038   Code   RO         1089    i.USBD_LL_IsStallEP  usbd_conf.o
    0x0800dc8c   0x0800dc8c   0x00000048   Code   RO         6996    i.USBD_LL_IsoINIncomplete  usbd_core.o
    0x0800dcd4   0x0800dcd4   0x00000048   Code   RO         6997    i.USBD_LL_IsoOUTIncomplete  usbd_core.o
    0x0800dd1c   0x0800dd1c   0x00000030   Code   RO         1090    i.USBD_LL_OpenEP    usbd_conf.o
    0x0800dd4c   0x0800dd4c   0x00000030   Code   RO         1091    i.USBD_LL_PrepareReceive  usbd_conf.o
    0x0800dd7c   0x0800dd7c   0x0000006c   Code   RO         6998    i.USBD_LL_Reset     usbd_core.o
    0x0800dde8   0x0800dde8   0x00000016   Code   RO         6999    i.USBD_LL_Resume    usbd_core.o
    0x0800ddfe   0x0800ddfe   0x00000028   Code   RO         7000    i.USBD_LL_SOF       usbd_core.o
    0x0800de26   0x0800de26   0x00000008   Code   RO         7001    i.USBD_LL_SetSpeed  usbd_core.o
    0x0800de2e   0x0800de2e   0x00000026   Code   RO         1092    i.USBD_LL_SetUSBAddress  usbd_conf.o
    0x0800de54   0x0800de54   0x00000076   Code   RO         7002    i.USBD_LL_SetupStage  usbd_core.o
    0x0800deca   0x0800deca   0x00000026   Code   RO         1093    i.USBD_LL_StallEP   usbd_conf.o
    0x0800def0   0x0800def0   0x0000001e   Code   RO         1094    i.USBD_LL_Start     usbd_conf.o
    0x0800df0e   0x0800df0e   0x0000001c   Code   RO         7003    i.USBD_LL_Suspend   usbd_core.o
    0x0800df2a   0x0800df2a   0x00000030   Code   RO         1096    i.USBD_LL_Transmit  usbd_conf.o
    0x0800df5a   0x0800df5a   0x00000036   Code   RO         7159    i.USBD_ParseSetupRequest  usbd_ctlreq.o
    0x0800df90   0x0800df90   0x00000048   Code   RO         7004    i.USBD_RegisterClass  usbd_core.o
    0x0800dfd8   0x0800dfd8   0x00000006   Code   RO         7005    i.USBD_RunTestMode  usbd_core.o
    0x0800dfde   0x0800dfde   0x0000005a   Code   RO         7160    i.USBD_SetAddress   usbd_ctlreq.o
    0x0800e038   0x0800e038   0x00000020   Code   RO         7006    i.USBD_SetClassConfig  usbd_core.o
    0x0800e058   0x0800e058   0x00000104   Code   RO         7161    i.USBD_SetConfig    usbd_ctlreq.o
    0x0800e15c   0x0800e15c   0x00000038   Code   RO         7162    i.USBD_SetFeature   usbd_ctlreq.o
    0x0800e194   0x0800e194   0x0000000c   Code   RO         7007    i.USBD_Start        usbd_core.o
    0x0800e1a0   0x0800e1a0   0x000000ae   Code   RO         7163    i.USBD_StdDevReq    usbd_ctlreq.o
    0x0800e24e   0x0800e24e   0x00000280   Code   RO         7164    i.USBD_StdEPReq     usbd_ctlreq.o
    0x0800e4ce   0x0800e4ce   0x000000ae   Code   RO         7165    i.USBD_StdItfReq    usbd_ctlreq.o
    0x0800e57c   0x0800e57c   0x00000002   Code   RO         1097    i.USBD_static_free  usbd_conf.o
    0x0800e57e   0x0800e57e   0x00000002   PAD
    0x0800e580   0x0800e580   0x0000000c   Code   RO         1098    i.USBD_static_malloc  usbd_conf.o
    0x0800e58c   0x0800e58c   0x000000d0   Code   RO         1589    i.USB_ActivateEndpoint  stm32h7xx_ll_usb.o
    0x0800e65c   0x0800e65c   0x00000028   Code   RO         1591    i.USB_ActivateSetup  stm32h7xx_ll_usb.o
    0x0800e684   0x0800e684   0x000000a0   Code   RO         1593    i.USB_CoreInit      stm32h7xx_ll_usb.o
    0x0800e724   0x0800e724   0x00000054   Code   RO         1594    i.USB_CoreReset     stm32h7xx_ll_usb.o
    0x0800e778   0x0800e778   0x0000014c   Code   RO         1597    i.USB_DeactivateEndpoint  stm32h7xx_ll_usb.o
    0x0800e8c4   0x0800e8c4   0x00000024   Code   RO         1598    i.USB_DevConnect    stm32h7xx_ll_usb.o
    0x0800e8e8   0x0800e8e8   0x00000024   Code   RO         1599    i.USB_DevDisconnect  stm32h7xx_ll_usb.o
    0x0800e90c   0x0800e90c   0x000001e0   Code   RO         1600    i.USB_DevInit       stm32h7xx_ll_usb.o
    0x0800eaec   0x0800eaec   0x0000000e   Code   RO         1601    i.USB_DisableGlobalInt  stm32h7xx_ll_usb.o
    0x0800eafa   0x0800eafa   0x00000002   PAD
    0x0800eafc   0x0800eafc   0x00000070   Code   RO         1604    i.USB_EP0_OutStart  stm32h7xx_ll_usb.o
    0x0800eb6c   0x0800eb6c   0x0000008e   Code   RO         1605    i.USB_EPClearStall  stm32h7xx_ll_usb.o
    0x0800ebfa   0x0800ebfa   0x0000009a   Code   RO         1606    i.USB_EPSetStall    stm32h7xx_ll_usb.o
    0x0800ec94   0x0800ec94   0x000003b4   Code   RO         1607    i.USB_EPStartXfer   stm32h7xx_ll_usb.o
    0x0800f048   0x0800f048   0x000000ec   Code   RO         1608    i.USB_EPStopXfer    stm32h7xx_ll_usb.o
    0x0800f134   0x0800f134   0x0000000e   Code   RO         1609    i.USB_EnableGlobalInt  stm32h7xx_ll_usb.o
    0x0800f142   0x0800f142   0x00000050   Code   RO         1610    i.USB_FlushRxFifo   stm32h7xx_ll_usb.o
    0x0800f192   0x0800f192   0x00000054   Code   RO         1611    i.USB_FlushTxFifo   stm32h7xx_ll_usb.o
    0x0800f1e6   0x0800f1e6   0x00000026   Code   RO         1613    i.USB_GetDevSpeed   stm32h7xx_ll_usb.o
    0x0800f20c   0x0800f20c   0x0000000a   Code   RO         1615    i.USB_GetMode       stm32h7xx_ll_usb.o
    0x0800f216   0x0800f216   0x00000014   Code   RO         1623    i.USB_ReadDevAllInEpInterrupt  stm32h7xx_ll_usb.o
    0x0800f22a   0x0800f22a   0x00000014   Code   RO         1624    i.USB_ReadDevAllOutEpInterrupt  stm32h7xx_ll_usb.o
    0x0800f23e   0x0800f23e   0x00000032   Code   RO         1625    i.USB_ReadDevInEPInterrupt  stm32h7xx_ll_usb.o
    0x0800f270   0x0800f270   0x0000001a   Code   RO         1626    i.USB_ReadDevOutEPInterrupt  stm32h7xx_ll_usb.o
    0x0800f28a   0x0800f28a   0x0000000a   Code   RO         1627    i.USB_ReadInterrupts  stm32h7xx_ll_usb.o
    0x0800f294   0x0800f294   0x00000060   Code   RO         1628    i.USB_ReadPacket    stm32h7xx_ll_usb.o
    0x0800f2f4   0x0800f2f4   0x00000068   Code   RO         1630    i.USB_SetCurrentMode  stm32h7xx_ll_usb.o
    0x0800f35c   0x0800f35c   0x0000002a   Code   RO         1631    i.USB_SetDevAddress  stm32h7xx_ll_usb.o
    0x0800f386   0x0800f386   0x00000012   Code   RO         1632    i.USB_SetDevSpeed   stm32h7xx_ll_usb.o
    0x0800f398   0x0800f398   0x000000e8   Code   RO         1633    i.USB_SetTurnaroundTime  stm32h7xx_ll_usb.o
    0x0800f480   0x0800f480   0x00000044   Code   RO         1636    i.USB_WritePacket   stm32h7xx_ll_usb.o
    0x0800f4c4   0x0800f4c4   0x00000004   Code   RO          645    i.UsageFault_Handler  stm32h7xx_it.o
    0x0800f4c8   0x0800f4c8   0x00000024   Code   RO         9175    i.VIDEO_INIT        video.o
    0x0800f4ec   0x0800f4ec   0x00000038   Code   RO         9176    i.VIDEO_TASK        video.o
    0x0800f524   0x0800f524   0x00000040   Code   RO         7597    i.Verify_CRC16_Check_Sum  crc8_crc16.o
    0x0800f564   0x0800f564   0x00000030   Code   RO         7598    i.Verify_CRC8_Check_Sum  crc8_crc16.o
    0x0800f594   0x0800f594   0x00000030   Code   RO         9500    i.__ARM_fpclassify  m_wv.l(fpclassify.o)
    0x0800f5c4   0x0800f5c4   0x00000010   Code   RO         3335    i.__NVIC_GetPriorityGrouping  stm32h7xx_hal_cortex.o
    0x0800f5d4   0x0800f5d4   0x00000028   Code   RO         3336    i.__NVIC_SetPriority  stm32h7xx_hal_cortex.o
    0x0800f5fc   0x0800f5fc   0x00000004   PAD
    0x0800f600   0x0800f600   0x00000208   Code   RO         9377    i.__hardfp_asin     m_wv.l(asin.o)
    0x0800f808   0x0800f808   0x00000200   Code   RO         9463    i.__hardfp_atan     m_wv.l(atan.o)
    0x0800fa08   0x0800fa08   0x000001c8   Code   RO         9391    i.__hardfp_atan2    m_wv.l(atan2.o)
    0x0800fbd0   0x0800fbd0   0x000000b0   Code   RO         9403    i.__hardfp_cos      m_wv.l(cos.o)
    0x0800fc80   0x0800fc80   0x000008f8   Code   RO         9415    i.__hardfp_pow      m_wv.l(pow.o)
    0x08010578   0x08010578   0x000000b0   Code   RO         9429    i.__hardfp_sin      m_wv.l(sin.o)
    0x08010628   0x08010628   0x00000066   Code   RO         9441    i.__hardfp_sqrt     m_wv.l(sqrt.o)
    0x0801068e   0x0801068e   0x00000002   PAD
    0x08010690   0x08010690   0x00000310   Code   RO         9505    i.__ieee754_rem_pio2  m_wv.l(rred.o)
    0x080109a0   0x080109a0   0x000000e0   Code   RO         9477    i.__kernel_cos      m_wv.l(cos_i.o)
    0x08010a80   0x08010a80   0x00000070   Code   RO         9502    i.__kernel_poly     m_wv.l(poly.o)
    0x08010af0   0x08010af0   0x000000a8   Code   RO         9510    i.__kernel_sin      m_wv.l(sin_i.o)
    0x08010b98   0x08010b98   0x00000020   Code   RO         9480    i.__mathlib_dbl_divzero  m_wv.l(dunder.o)
    0x08010bb8   0x08010bb8   0x00000006   Code   RO         9481    i.__mathlib_dbl_infnan  m_wv.l(dunder.o)
    0x08010bbe   0x08010bbe   0x00000006   Code   RO         9482    i.__mathlib_dbl_infnan2  m_wv.l(dunder.o)
    0x08010bc4   0x08010bc4   0x00000004   PAD
    0x08010bc8   0x08010bc8   0x00000018   Code   RO         9483    i.__mathlib_dbl_invalid  m_wv.l(dunder.o)
    0x08010be0   0x08010be0   0x00000018   Code   RO         9484    i.__mathlib_dbl_overflow  m_wv.l(dunder.o)
    0x08010bf8   0x08010bf8   0x00000018   Code   RO         9486    i.__mathlib_dbl_underflow  m_wv.l(dunder.o)
    0x08010c10   0x08010c10   0x00000070   Code   RO         7707    i.accel2euler       kf_imu.o
    0x08010c80   0x08010c80   0x000000f4   Code   RO         8912    i.arm_vision_ctrl_adjust  robot_cmd.o
    0x08010d74   0x08010d74   0x00000010   Code   RO         9465    i.atan              m_wv.l(atan.o)
    0x08010d84   0x08010d84   0x0000032c   Code   RO         8913    i.auto_fetch_block  robot_cmd.o
    0x080110b0   0x080110b0   0x00000bec   Code   RO         8914    i.auto_get_silver   robot_cmd.o
    0x08011c9c   0x08011c9c   0x000000c4   Code   RO         8915    i.auto_mode_select_centre  robot_cmd.o
    0x08011d60   0x08011d60   0x00000348   Code   RO         8916    i.auto_put_block    robot_cmd.o
    0x080120a8   0x080120a8   0x00000128   Code   RO         8027    i.bmi088_accel_init  bmi088driver.o
    0x080121d0   0x080121d0   0x000000f4   Code   RO         8028    i.bmi088_gyro_init  bmi088driver.o
    0x080122c4   0x080122c4   0x00000044   Code   RO         7509    i.bsp_can_init      bsp_fdcan.o
    0x08012308   0x08012308   0x00000044   Code   RO         7510    i.can_filter_init   bsp_fdcan.o
    0x0801234c   0x0801234c   0x00000048   Code   RO         8919    i.chassis_vision_ctrl_adjust  robot_cmd.o
    0x08012394   0x08012394   0x00000168   Code   RO         7832    i.check_boundary_scara_lefthand  scara_kinematics.o
    0x080124fc   0x080124fc   0x00000042   Code   RO         8192    i.clear_err         damiaomotors.o
    0x0801253e   0x0801253e   0x00000002   PAD
    0x08012540   0x08012540   0x00000078   Code   RO         8682    i.control_all_arm   arm.o
    0x080125b8   0x080125b8   0x00000084   Code   RO         8683    i.control_roll_angle  arm.o
    0x0801263c   0x0801263c   0x00000114   Code   RO         8920    i.costum_ctrl_arm   robot_cmd.o
    0x08012750   0x08012750   0x0000001c   Code   RO         9322    i.device_fbk        cm_device.o
    0x0801276c   0x0801276c   0x00000018   Code   RO         9323    i.device_init       cm_device.o
    0x08012784   0x08012784   0x00000074   Code   RO         9324    i.device_refresh    cm_device.o
    0x080127f8   0x080127f8   0x000000a4   Code   RO         8194    i.dm_fdkdata        damiaomotors.o
    0x0801289c   0x0801289c   0x0000003c   Code   RO         8685    i.enable_allmotor   arm.o
    0x080128d8   0x080128d8   0x00000042   Code   RO         8195    i.enable_motor_mode  damiaomotors.o
    0x0801291a   0x0801291a   0x00000108   Code   RO         7708    i.euler2quaternion  kf_imu.o
    0x08012a22   0x08012a22   0x00000018   Code   RO         9496    i.fabs              m_wv.l(fabs.o)
    0x08012a3a   0x08012a3a   0x00000002   PAD
    0x08012a3c   0x08012a3c   0x000000ac   Code   RO         7511    i.fdcan1_rx_callback  bsp_fdcan.o
    0x08012ae8   0x08012ae8   0x00000044   Code   RO         7512    i.fdcan2_rx_callback  bsp_fdcan.o
    0x08012b2c   0x08012b2c   0x0000005c   Code   RO         7513    i.fdcan3_rx_callback  bsp_fdcan.o
    0x08012b88   0x08012b88   0x00000068   Code   RO         7514    i.fdcanx_receive    bsp_fdcan.o
    0x08012bf0   0x08012bf0   0x0000007c   Code   RO         7515    i.fdcanx_send_data  bsp_fdcan.o
    0x08012c6c   0x08012c6c   0x00000032   Code   RO         8196    i.float_to_uint     damiaomotors.o
    0x08012c9e   0x08012c9e   0x00000002   PAD
    0x08012ca0   0x08012ca0   0x00000134   Code   RO         8921    i.get_ready_auto    robot_cmd.o
    0x08012dd4   0x08012dd4   0x000001e0   Code   RO         7709    i.get_x_minus       kf_imu.o
    0x08012fb4   0x08012fb4   0x0000015c   Code   RO         7710    i.imu_process       kf_imu.o
    0x08013110   0x08013110   0x0000000c   Code   RO         8307    i.is_key_held       rc_protocol.o
    0x0801311c   0x0801311c   0x0000000c   Code   RO         8456    i.is_key_held       referee.o
    0x08013128   0x08013128   0x0000001e   Code   RO         8308    i.is_key_pressed    rc_protocol.o
    0x08013146   0x08013146   0x0000001e   Code   RO         8457    i.is_key_pressed    referee.o
    0x08013164   0x08013164   0x0000005c   Code   RO         7647    i.kf_copy           kalman_filter.o
    0x080131c0   0x080131c0   0x00000078   Code   RO         7648    i.kf_get_K          kalman_filter.o
    0x08013238   0x08013238   0x0000003c   Code   RO         7649    i.kf_get_P          kalman_filter.o
    0x08013274   0x08013274   0x0000004c   Code   RO         7650    i.kf_get_P_minus    kalman_filter.o
    0x080132c0   0x080132c0   0x00000048   Code   RO         7651    i.kf_get_x_hat      kalman_filter.o
    0x08013308   0x08013308   0x000000f0   Code   RO         7711    i.kf_imu_init       kf_imu.o
    0x080133f8   0x080133f8   0x00000450   Code   RO         7712    i.kf_imu_upgrade    kf_imu.o
    0x08013848   0x08013848   0x00000034   Code   RO         8687    i.lift_height_cmd   arm.o
    0x0801387c   0x0801387c   0x00000080   Code   RO         8689    i.lift_speed_control  arm.o
    0x080138fc   0x080138fc   0x0000016c   Code   RO         8924    i.lock_arm          robot_cmd.o
    0x08013a68   0x08013a68   0x00000248   Code   RO           15    i.main              main.o
    0x08013cb0   0x08013cb0   0x00000048   Code   RO         9285    i.minipc_rec        minipc_protocol.o
    0x08013cf8   0x08013cf8   0x00000070   Code   RO         8925    i.minipc_send       robot_cmd.o
    0x08013d68   0x08013d68   0x00000090   Code   RO         9286    i.minipc_upgrade    minipc_protocol.o
    0x08013df8   0x08013df8   0x00000100   Code   RO         8197    i.mit_ctrl          damiaomotors.o
    0x08013ef8   0x08013ef8   0x00000270   Code   RO         8926    i.normally_chassis_control  robot_cmd.o
    0x08014168   0x08014168   0x00000088   Code   RO         8927    i.normally_set_all_data  robot_cmd.o
    0x080141f0   0x080141f0   0x00000104   Code   RO         8928    i.normally_tranverse  robot_cmd.o
    0x080142f4   0x080142f4   0x00000060   Code   RO         7833    i.polyval_calc      scara_kinematics.o
    0x08014354   0x08014354   0x0000005c   Code   RO         8198    i.pos_speed_ctrl    damiaomotors.o
    0x080143b0   0x080143b0   0x0000029c   Code   RO         8929    i.push_block        robot_cmd.o
    0x0801464c   0x0801464c   0x0000014c   Code   RO         7713    i.quaternion2euler  kf_imu.o
    0x08014798   0x08014798   0x00000380   Code   RO         8930    i.real_handle_mode  robot_cmd.o
    0x08014b18   0x08014b18   0x00000078   Code   RO         8694    i.recieve_all_data  arm.o
    0x08014b90   0x08014b90   0x00000298   Code   RO         8458    i.referee_fbkdata   referee.o
    0x08014e28   0x08014e28   0x00000258   Code   RO         8459    i.referee_rc_decode  referee.o
    0x08015080   0x08015080   0x0000054c   Code   RO         8931    i.remote_cmd_choose  robot_cmd.o
    0x080155cc   0x080155cc   0x00000084   Code   RO         8460    i.rf_ui_string_upgrade  referee.o
    0x08015650   0x08015650   0x00000274   Code   RO         8463    i.rf_ui_write_string  referee.o
    0x080158c4   0x080158c4   0x000000fa   Code   RO         7834    i.scara_forward_kinematics  scara_kinematics.o
    0x080159be   0x080159be   0x00000002   PAD
    0x080159c0   0x080159c0   0x000001ec   Code   RO         7835    i.scara_inverse_kinematics  scara_kinematics.o
    0x08015bac   0x08015bac   0x00000140   Code   RO         8841    i.send_wheel_can_data  chassis.o
    0x08015cec   0x08015cec   0x0000001e   Code   RO         8698    i.splitAndStoreSignals  arm.o
    0x08015d0a   0x08015d0a   0x0000001e   Code   RO         8843    i.splitAndStoreSignals  chassis.o
    0x08015d28   0x08015d28   0x0000006a   Code   RO         9443    i.sqrt              m_wv.l(sqrt.o)
    0x08015d92   0x08015d92   0x00000002   PAD
    0x08015d94   0x08015d94   0x0000002c   Code   RO         8933    i.sucker_ctrl       robot_cmd.o
    0x08015dc0   0x08015dc0   0x00000058   Code   RO         8934    i.trans_single_control  robot_cmd.o
    0x08015e18   0x08015e18   0x00000040   Code   RO         8699    i.trans_speed_control  arm.o
    0x08015e58   0x08015e58   0x00000034   Code   RO         8201    i.uint_to_float     damiaomotors.o
    0x08015e8c   0x08015e8c   0x00000098   Code   RO         8309    i.update_combo_counter  rc_protocol.o
    0x08015f24   0x08015f24   0x00000098   Code   RO         8464    i.update_combo_counter  referee.o
    0x08015fbc   0x08015fbc   0x000001dc   Code   RO         7912    i.user_mat_add      user_mat.o
    0x08016198   0x08016198   0x0000058e   Code   RO         7913    i.user_mat_inverse  user_mat.o
    0x08016726   0x08016726   0x00000002   PAD
    0x08016728   0x08016728   0x0000019c   Code   RO         7914    i.user_mat_multiply  user_mat.o
    0x080168c4   0x080168c4   0x00000244   Code   RO         7916    i.user_mat_subtract  user_mat.o
    0x08016b08   0x08016b08   0x000000e0   Code   RO         7917    i.user_mat_transpose  user_mat.o
    0x08016be8   0x08016be8   0x00000030   Code   RO         8935    i.video_angle_ctrl  robot_cmd.o
    0x08016c18   0x08016c18   0x0000004c   Code   RO         8936    i.video_offline_protect  robot_cmd.o
    0x08016c64   0x08016c64   0x00000034   Code   RO         8937    i.yaw_absolute_ctrl  robot_cmd.o
    0x08016c98   0x08016c98   0x00000010   Code   RO         9538    x$fpl$dcheck1       fz_wv.l(dcheck1.o)
    0x08016ca8   0x08016ca8   0x0000000a   Code   RO         9629    x$fpl$fpinit        fz_wv.l(fpinit.o)
    0x08016cb2   0x08016cb2   0x00000064   Code   RO         9557    x$fpl$retnan        fz_wv.l(retnan.o)
    0x08016d16   0x08016d16   0x0000005c   Code   RO         9460    x$fpl$scalbn        fz_wv.l(scalbn.o)
    0x08016d72   0x08016d72   0x00000030   Code   RO         9612    x$fpl$trapveneer    fz_wv.l(trapv.o)
    0x08016da2   0x08016da2   0x00000000   Code   RO         9462    x$fpl$usenofp       fz_wv.l(usenofp.o)
    0x08016da2   0x08016da2   0x00000008   Data   RO         2636    .constdata          stm32h7xx_hal_dma.o
    0x08016daa   0x08016daa   0x00000002   PAD
    0x08016dac   0x08016dac   0x0000005c   Data   RO         4518    .constdata          stm32h7xx_hal_fdcan.o
    0x08016e08   0x08016e08   0x00000018   Data   RO         6470    .constdata          stm32h7xx_hal_uart.o
    0x08016e20   0x08016e20   0x00000010   Data   RO         6841    .constdata          stm32h7xx_hal_uart_ex.o
    0x08016e30   0x08016e30   0x00000010   Data   RO         6950    .constdata          system_stm32h7xx.o
    0x08016e40   0x08016e40   0x00000302   Data   RO         7599    .constdata          crc8_crc16.o
    0x08017142   0x08017142   0x00000006   PAD
    0x08017148   0x08017148   0x000000c0   Data   RO         7715    .constdata          kf_imu.o
    0x08017208   0x08017208   0x00000050   Data   RO         9380    .constdata          m_wv.l(asin.o)
    0x08017258   0x08017258   0x00000088   Data   RO         9418    .constdata          m_wv.l(pow.o)
    0x080172e0   0x080172e0   0x00000098   Data   RO         9466    .constdata          m_wv.l(atan.o)
    0x08017378   0x08017378   0x00000030   Data   RO         9478    .constdata          m_wv.l(cos_i.o)
    0x080173a8   0x080173a8   0x00000008   Data   RO         9504    .constdata          m_wv.l(qnan.o)
    0x080173b0   0x080173b0   0x000000c8   Data   RO         9507    .constdata          m_wv.l(rred.o)
    0x08017478   0x08017478   0x00000028   Data   RO         9511    .constdata          m_wv.l(sin_i.o)
    0x080174a0   0x080174a0   0x00000040   Data   RO         9687    Region$$Table       anon$$obj.o


    Execution Region RW_IRAM1 (Exec base: 0x20000000, Load base: 0x080174e0, Size: 0x00004e60, Max: 0x00020000, ABSOLUTE, COMPRESSED[0x000001d0])

    Exec Addr    Load Addr    Size         Type   Attr      Idx    E Section Name        Object

    0x20000000   COMPRESSED   0x00000010   Data   RW           16    .data               main.o
    0x20000010   COMPRESSED   0x0000005e   Data   RW          918    .data               usbd_desc.o
    0x2000006e   COMPRESSED   0x00000002   PAD
    0x20000070   COMPRESSED   0x00000009   Data   RW         3526    .data               stm32h7xx_hal.o
    0x20000079   COMPRESSED   0x00000001   PAD
    0x2000007a   COMPRESSED   0x00000016   Data   RW         7517    .data               bsp_fdcan.o
    0x20000090   COMPRESSED   0x00000118   Data   RW         7837    .data               scara_kinematics.o
    0x200001a8   COMPRESSED   0x00000024   Data   RW         8030    .data               bmi088driver.o
    0x200001cc   COMPRESSED   0x000000a8   Data   RW         8311    .data               rc_protocol.o
    0x20000274   COMPRESSED   0x00000086   Data   RW         8467    .data               referee.o
    0x200002fa   COMPRESSED   0x00000002   PAD
    0x200002fc   COMPRESSED   0x000000f0   Data   RW         8939    .data               robot_cmd.o
    0x200003ec   COMPRESSED   0x00000008   Data   RW         9218    .data               ui_task.o
    0x200003f4        -       0x00000098   Zero   RW          501    .bss                tim.o
    0x2000048c        -       0x00000200   Zero   RW          917    .bss                usbd_desc.o
    0x2000068c        -       0x00000020   Zero   RW         7516    .bss                bsp_fdcan.o
    0x200006ac        -       0x00000150   Zero   RW         8202    .bss                damiaomotors.o
    0x200007fc   COMPRESSED   0x00000004   PAD
    0x20000800        -       0x0000035c   Zero   RW         8844    .bss                chassis.o
    0x20000b5c   COMPRESSED   0x00000004   PAD
    0x20000b60        -       0x000000fc   Zero   RW         8938    .bss                robot_cmd.o
    0x20000c5c        -       0x000001fe   Zero   RW         9177    .bss                video.o
    0x20000e5a   COMPRESSED   0x00000006   PAD
    0x20000e60        -       0x00004000   Zero   RW            1    STACK               startup_stm32h723xx.o


    Execution Region RW_IRAM2 (Exec base: 0x24000000, Load base: 0x080176b0, Size: 0x0000d7b8, Max: 0x00020000, ABSOLUTE, COMPRESSED[0x000000dc])

    Exec Addr    Load Addr    Size         Type   Attr      Idx    E Section Name        Object

    0x24000000   COMPRESSED   0x00000004   Data   RW          381    .data               fdcan.o
    0x24000004   COMPRESSED   0x00000014   Data   RW         1010    .data               usbd_cdc_if.o
    0x24000018   COMPRESSED   0x00000008   Data   RW         6951    .data               system_stm32h7xx.o
    0x24000020   COMPRESSED   0x00000001   Data   RW         7166    .data               usbd_ctlreq.o
    0x24000021   COMPRESSED   0x00000003   PAD
    0x24000024   COMPRESSED   0x0000008a   Data   RW         7337    .data               usbd_cdc.o
    0x240000ae   COMPRESSED   0x00000002   PAD
    0x240000b0   COMPRESSED   0x00000040   Data   RW         7440    .data               bsp_dwt.o
    0x240000f0   COMPRESSED   0x00000002   Data   RW         7600    .data               crc8_crc16.o
    0x240000f2   COMPRESSED   0x00000006   PAD
    0x240000f8   COMPRESSED   0x00000365   Data   RW         7716    .data               kf_imu.o
    0x2400045d   COMPRESSED   0x00000003   PAD
    0x24000460   COMPRESSED   0x000000f0   Data   RW         8702    .data               arm.o
    0x24000550   COMPRESSED   0x00000080   Data   RW         8845    .data               chassis.o
    0x240005d0   COMPRESSED   0x00000001   Data   RW         9288    .data               minipc_protocol.o
    0x240005d1   COMPRESSED   0x00000003   PAD
    0x240005d4        -       0x000001e0   Zero   RW          380    .bss                fdcan.o
    0x240007b4        -       0x00000110   Zero   RW          452    .bss                spi.o
    0x240008c4        -       0x000006a4   Zero   RW          557    .bss                usart.o
    0x24000f68        -       0x000002dc   Zero   RW          873    .bss                usb_device.o
    0x24001244        -       0x00001000   Zero   RW         1009    .bss                usbd_cdc_if.o
    0x24002244        -       0x00000704   Zero   RW         1099    .bss                usbd_conf.o
    0x24002948        -       0x000000a8   Zero   RW         7714    .bss                kf_imu.o
    0x240029f0        -       0x00000018   Zero   RW         8310    .bss                rc_protocol.o
    0x24002a08        -       0x00000ddc   Zero   RW         8466    .bss                referee.o
    0x240037e4   COMPRESSED   0x00000004   PAD
    0x240037e8        -       0x00000430   Zero   RW         8701    .bss                arm.o
    0x24003c18        -       0x00000146   Zero   RW         9287    .bss                minipc_protocol.o
    0x24003d5e   COMPRESSED   0x00000002   PAD
    0x24003d60        -       0x000000a4   Zero   RW         9325    .bss                cm_device.o
    0x24003e04        -       0x00000060   Zero   RW         9541    .bss                c_w.l(libspace.o)
    0x24003e64   COMPRESSED   0x00000004   PAD
    0x24003e68        -       0x00001000   Zero   RW            2    HEAP                startup_stm32h723xx.o
    0x24004e68   COMPRESSED   0x00008886   PAD
    0x2400d6ee        -       0x000000c8   Zero   RW         8465    .ARM.__AT_0x2400D6EE  referee.o


==============================================================================

Image component sizes


      Code (inc. data)   RO Data    RW Data    ZI Data      Debug   Object Name

      1766        360          0        240       1072       9994   arm.o
      1018         20          0         36          0       6646   bmi088driver.o
       216         28          0          0          0       4988   bmi088middleware.o
       288         60          0         64          0       3898   bsp_dwt.o
       748        118          0         22         32       5945   bsp_fdcan.o
      1346        226          0        128        860       8602   chassis.o
       168         14          0          0        164       3059   cm_device.o
       286         18        770          2          0       5130   crc8_crc16.o
       746         42          0          0        336       7553   damiaomotors.o
       164          4          0          0          0        966   dma.o
       968         56          0          4        480       3637   fdcan.o
       336         14          0          0          0       1247   gpio.o
       420          0          0          0          0       3844   kalman_filter.o
      2912        240        192        869        168       8013   kf_imu.o
       390         82          0          0          0       2465   m2006motors.o
       412         90          0          0          0       2545   m3508motors.o
       782         76          0         16          0    1288926   main.o
       216         10          0          1        326       3394   minipc_protocol.o
       660         12          0          0          0       3158   pid.o
      1050        114          0        168         24      10295   rc_protocol.o
      2218        144          0        134       3748      18848   referee.o
     11448       1974          0        240        252      21995   robot_cmd.o
      1198         46          0        280          0       6145   scara_kinematics.o
       548         44          0          0        272       2682   spi.o
        64         26        716          0      20480        856   startup_stm32h723xx.o
       260         48          0          9          0      23773   stm32h7xx_hal.o
       310         22          0          0          0      40143   stm32h7xx_hal_cortex.o
      8650        164          8          0          0      13570   stm32h7xx_hal_dma.o
      3692         54         92          0          0      24524   stm32h7xx_hal_fdcan.o
       536         54          0          0          0       2911   stm32h7xx_hal_gpio.o
        36          4          0          0          0        966   stm32h7xx_hal_msp.o
      3628         16          0          0          0      14108   stm32h7xx_hal_pcd.o
       130          4          0          0          0       3273   stm32h7xx_hal_pcd_ex.o
       116         12          0          0          0       1374   stm32h7xx_hal_pwr_ex.o
      3388        110          0          0          0       7028   stm32h7xx_hal_rcc.o
      5140        112          0          0          0       7429   stm32h7xx_hal_rcc_ex.o
      1846         26          0          0          0       5793   stm32h7xx_hal_spi.o
      2548        260          0          0          0      14534   stm32h7xx_hal_tim.o
       428         46          0          0          0       2468   stm32h7xx_hal_tim_ex.o
      6008        218         24          0          0      41684   stm32h7xx_hal_uart.o
       608         14         16          0          0       7555   stm32h7xx_hal_uart_ex.o
       462        144          0          0          0      16464   stm32h7xx_it.o
      3894         88          0          0          0      23360   stm32h7xx_ll_usb.o
        46          8          0          0          0        968   sucker.o
       224         32         16          8          0       1438   system_stm32h7xx.o
       652         48          0          0        152       3505   tim.o
       128         28          0          8          0       1721   ui_task.o
      2056        156          0          0       1700       5874   usart.o
        80         16          0          0        732        808   usb_device.o
      1782         54          0        138          0      14641   usbd_cdc.o
       216         26          0         20       4096       4544   usbd_cdc_if.o
       956         30          0          0       1796      18068   usbd_conf.o
      1354          0          0          0          0      16965   usbd_core.o
      2416         22          0          1          0      18344   usbd_ctlreq.o
       386        122          0         94        512       7217   usbd_desc.o
       174          0          0          0          0       4932   usbd_ioreq.o
      3114         44          0          0          0       7735   user_mat.o
        92         24          0          0        510       1736   video.o

    ----------------------------------------------------------------------
     85782       5828       1906       2504      72684    1794284   Object Totals
         0          0         64          0          0          0   (incl. Generated)
        58          4          8         22      34972          0   (incl. Padding)

    ----------------------------------------------------------------------

      Code (inc. data)   RO Data    RW Data    ZI Data      Debug   Library Member Name

        90          0          0          0          0          0   __dczerorl2.o
         8          0          0          0          0         68   __main.o
         0          0          0          0          0          0   __rtentry.o
        12          0          0          0          0          0   __rtentry2.o
         6          0          0          0          0          0   __rtentry4.o
        52          8          0          0          0          0   __scatter.o
        28          0          0          0          0          0   __scatter_zi.o
        22          0          0          0          0        100   _rserrno.o
        18          0          0          0          0         80   exit.o
         6          0          0          0          0        152   heapauxi.o
         0          0          0          0          0          0   indicate_semi.o
         2          0          0          0          0          0   libinit.o
         6          0          0          0          0          0   libinit2.o
         2          0          0          0          0          0   libshutdown.o
         2          0          0          0          0          0   libshutdown2.o
         8          4          0          0         96         68   libspace.o
       238          0          0          0          0        100   lludivv7m.o
         8          4          0          0          0         68   rt_errno_addr_intlibspace.o
        78          0          0          0          0         80   rt_memclr_w.o
       138          0          0          0          0         68   rt_memcpy_v6.o
       100          0          0          0          0         80   rt_memcpy_w.o
         2          0          0          0          0          0   rtexit.o
        10          0          0          0          0          0   rtexit2.o
        62          0          0          0          0         76   strlen.o
        12          4          0          0          0         68   sys_exit.o
        74          0          0          0          0         80   sys_stackheap_outer.o
         2          0          0          0          0         68   use_no_semi.o
        16          4          0          0          0        116   dcheck1.o
        10          0          0          0          0        116   fpinit.o
       100          0          0          0          0        116   retnan.o
        92          0          0          0          0        116   scalbn.o
        48          0          0          0          0        116   trapv.o
         0          0          0          0          0          0   usenofp.o
       520         88         80          0          0        252   asin.o
       528        110        152          0          0        348   atan.o
       456         64          0          0          0        188   atan2.o
       176         18          0          0          0        156   cos.o
       224         42         48          0          0        184   cos_i.o
       116         60          0          0          0        696   dunder.o
        24          0          0          0          0        124   fabs.o
        48          0          0          0          0        124   fpclassify.o
       112          0          0          0          0        116   poly.o
      2296        304        136          0          0        320   pow.o
         0          0          8          0          0          0   qnan.o
       784        138        200          0          0        172   rred.o
       176         18          0          0          0        160   sin.o
       168         24         40          0          0        196   sin_i.o
       208          0          0          0          0        280   sqrt.o

    ----------------------------------------------------------------------
      7104        890        664          0        100       5052   Library Totals
        16          0          0          0          4          0   (incl. Padding)

    ----------------------------------------------------------------------

      Code (inc. data)   RO Data    RW Data    ZI Data      Debug   Library Name

       986         20          0          0         96       1156   c_w.l
       266          4          0          0          0        580   fz_wv.l
      5836        866        664          0          0       3316   m_wv.l

    ----------------------------------------------------------------------
      7104        890        664          0        100       5052   Library Totals

    ----------------------------------------------------------------------

==============================================================================


      Code (inc. data)   RO Data    RW Data    ZI Data      Debug   

     92886       6718       2570       2504      72784    1752416   Grand Totals
     92886       6718       2570        684      72784    1752416   ELF Image Totals (compressed)
     92886       6718       2570        684          0          0   ROM Totals

==============================================================================

    Total RO  Size (Code + RO Data)                95456 (  93.22kB)
    Total RW  Size (RW Data + ZI Data)             75288 (  73.52kB)
    Total ROM Size (Code + RO Data + RW Data)      96140 (  93.89kB)

==============================================================================

